
Allocating common symbols
Common symbol       size              file

uart_tx_buf         0x106             CMakeFiles/kiibohd.elf.dir/Scan/UARTConnect/connect_scan.c.o
Connect_receive_RemoteCapabilityBuffer
                    0x6               CMakeFiles/kiibohd.elf.dir/Scan/UARTConnect/connect_scan.c.o
CLIHexDebugMode     0x1               CMakeFiles/kiibohd.elf.dir/main.c.o
CLIHistoryCurrent   0x1               CMakeFiles/kiibohd.elf.dir/main.c.o
usb_rx_byte_count_data
                    0x10              CMakeFiles/kiibohd.elf.dir/Output/pjrcUSB/arm/usb_dev.c.o
CLILEDState         0x1               CMakeFiles/kiibohd.elf.dir/main.c.o
CLIDictionariesUsed
                    0x1               CMakeFiles/kiibohd.elf.dir/main.c.o
Macro_rotationLayer
                    0x2               CMakeFiles/kiibohd.elf.dir/Macro/PartialMap/macro.c.o
CLIHistoryBuffer    0x3e8             CMakeFiles/kiibohd.elf.dir/main.c.o
uart_tx_status      0x4               CMakeFiles/kiibohd.elf.dir/Scan/UARTConnect/connect_scan.c.o
USBKeys_SysCtrl     0x1               CMakeFiles/kiibohd.elf.dir/Output/pjrcUSB/output_com.c.o
Matrix_scanArray    0x13b             CMakeFiles/kiibohd.elf.dir/Scan/MatrixARM/matrix_scan.c.o
CLILineBuffer       0x65              CMakeFiles/kiibohd.elf.dir/main.c.o
I2C_RxBufferPtr     0x12c             CMakeFiles/kiibohd.elf.dir/Scan/ISSILed/led_scan.c.o
macroTriggerListBuffer
                    0x10b             CMakeFiles/kiibohd.elf.dir/Macro/PartialMap/macro.c.o
ResultMacroRecordList
                    0x132             CMakeFiles/kiibohd.elf.dir/Macro/PartialMap/macro.c.o
CLIHistoryHead      0x1               CMakeFiles/kiibohd.elf.dir/main.c.o
LayerState          0x3               CMakeFiles/kiibohd.elf.dir/Macro/PartialMap/macro.c.o
Connect_receive_RemoteCapabilityArgs
                    0x19              CMakeFiles/kiibohd.elf.dir/Scan/UARTConnect/connect_scan.c.o
usb_joystick_data   0xc               CMakeFiles/kiibohd.elf.dir/Output/pjrcUSB/arm/usb_joystick.c.o
USBKeys_Keys        0x1b              CMakeFiles/kiibohd.elf.dir/Output/pjrcUSB/output_com.c.o
Connect_receive_ScanCodeDeviceId
                    0x1               CMakeFiles/kiibohd.elf.dir/Scan/UARTConnect/connect_scan.c.o
uart_rx_status      0x8               CMakeFiles/kiibohd.elf.dir/Scan/UARTConnect/connect_scan.c.o
LED_pageBuffer      0x92              CMakeFiles/kiibohd.elf.dir/Scan/ISSILed/led_scan.c.o
uart_rx_buf         0x104             CMakeFiles/kiibohd.elf.dir/Scan/UARTConnect/connect_scan.c.o
macroTriggerListLayerCache
                    0x59              CMakeFiles/kiibohd.elf.dir/Macro/PartialMap/macro.c.o
I2C_TxBufferPtr     0x12c             CMakeFiles/kiibohd.elf.dir/Scan/ISSILed/led_scan.c.o
Connect_receive_ScanCodeBuffer
                    0x3               CMakeFiles/kiibohd.elf.dir/Scan/UARTConnect/connect_scan.c.o
CLIDict             0x28              CMakeFiles/kiibohd.elf.dir/main.c.o
LCD_layerStackExact
                    0x8               CMakeFiles/kiibohd.elf.dir/Scan/STLcd/lcd_scan.c.o
CLIHistoryTail      0x1               CMakeFiles/kiibohd.elf.dir/main.c.o
USBKeys_KeysCLI     0x1b              CMakeFiles/kiibohd.elf.dir/Output/pjrcUSB/output_com.c.o
macroInterconnectCache
                    0x10b             CMakeFiles/kiibohd.elf.dir/Macro/PartialMap/macro.c.o
CLIDictNames        0x28              CMakeFiles/kiibohd.elf.dir/main.c.o
Connect_receive_ScanCodeBufferPos
                    0x1               CMakeFiles/kiibohd.elf.dir/Scan/UARTConnect/connect_scan.c.o
CLILineBufferCurrent
                    0x1               CMakeFiles/kiibohd.elf.dir/main.c.o
USBKeys_ConsCtrl    0x2               CMakeFiles/kiibohd.elf.dir/Output/pjrcUSB/output_com.c.o
TriggerMacroRecordList
                    0xd8              CMakeFiles/kiibohd.elf.dir/Macro/PartialMap/macro.c.o

Discarded input sections

 .group         0x0000000000000000        0x8 CMakeFiles/kiibohd.elf.dir/main.c.o
 .group         0x0000000000000000        0x8 CMakeFiles/kiibohd.elf.dir/main.c.o
 .group         0x0000000000000000        0x8 CMakeFiles/kiibohd.elf.dir/main.c.o
 .group         0x0000000000000000        0x8 CMakeFiles/kiibohd.elf.dir/main.c.o
 .group         0x0000000000000000        0x8 CMakeFiles/kiibohd.elf.dir/main.c.o
 .group         0x0000000000000000        0x8 CMakeFiles/kiibohd.elf.dir/main.c.o
 .group         0x0000000000000000        0x8 CMakeFiles/kiibohd.elf.dir/main.c.o
 .group         0x0000000000000000        0x8 CMakeFiles/kiibohd.elf.dir/main.c.o
 .group         0x0000000000000000        0x8 CMakeFiles/kiibohd.elf.dir/main.c.o
 .group         0x0000000000000000        0x8 CMakeFiles/kiibohd.elf.dir/main.c.o
 .group         0x0000000000000000        0x8 CMakeFiles/kiibohd.elf.dir/main.c.o
 .group         0x0000000000000000        0x8 CMakeFiles/kiibohd.elf.dir/main.c.o
 .group         0x0000000000000000        0x8 CMakeFiles/kiibohd.elf.dir/main.c.o
[...]
Memory Configuration

Name             Origin             Length             Attributes
FLASH            0x0000000000002000 0x000000000003e000 xr
RAM              0x000000001fff8000 0x0000000000010000 xrw
*default*        0x0000000000000000 0xffffffffffffffff

Linker script and memory map

LOAD CMakeFiles/kiibohd.elf.dir/main.c.o
LOAD CMakeFiles/kiibohd.elf.dir/Lib/mk20dx.c.o
LOAD CMakeFiles/kiibohd.elf.dir/Lib/delay.c.o
LOAD CMakeFiles/kiibohd.elf.dir/Scan/ISSILed/led_scan.c.o
LOAD CMakeFiles/kiibohd.elf.dir/Scan/MatrixARM/matrix_scan.c.o
LOAD CMakeFiles/kiibohd.elf.dir/Scan/STLcd/lcd_scan.c.o
LOAD CMakeFiles/kiibohd.elf.dir/Scan/UARTConnect/connect_scan.c.o
LOAD CMakeFiles/kiibohd.elf.dir/Scan/MDErgo1/scan_loop.c.o
LOAD CMakeFiles/kiibohd.elf.dir/Macro/PartialMap/macro.c.o
LOAD CMakeFiles/kiibohd.elf.dir/Output/pjrcUSB/output_com.c.o
LOAD CMakeFiles/kiibohd.elf.dir/Output/pjrcUSB/arm/usb_desc.c.o
LOAD CMakeFiles/kiibohd.elf.dir/Output/pjrcUSB/arm/usb_dev.c.o
LOAD CMakeFiles/kiibohd.elf.dir/Output/pjrcUSB/arm/usb_joystick.c.o
LOAD CMakeFiles/kiibohd.elf.dir/Output/pjrcUSB/arm/usb_keyboard.c.o
LOAD CMakeFiles/kiibohd.elf.dir/Output/pjrcUSB/arm/usb_mem.c.o
LOAD CMakeFiles/kiibohd.elf.dir/Output/pjrcUSB/arm/usb_mouse.c.o
LOAD CMakeFiles/kiibohd.elf.dir/Output/pjrcUSB/arm/usb_serial.c.o
LOAD CMakeFiles/kiibohd.elf.dir/Debug/cli/cli.c.o
LOAD CMakeFiles/kiibohd.elf.dir/Debug/led/led.c.o
LOAD CMakeFiles/kiibohd.elf.dir/Debug/print/print.c.o

.text           0x0000000000002000     0x9e64
                0x0000000000000000                . = 0x0
 *(.vectors)
 .vectors       0x0000000000002000      0x1bc CMakeFiles/kiibohd.elf.dir/Lib/mk20dx.c.o
                0x0000000000002000                gVectors
 *(.startup*)
 .startup       0x00000000000021bc      0x14c CMakeFiles/kiibohd.elf.dir/Lib/mk20dx.c.o
                0x00000000000021bc                ResetHandler
                0x0000000000000400                . = 0x400
 *fill*         0x0000000000002308       0xf8 
 *(.flashconfig)
 *(.text*)
 .text.startup.main
                0x0000000000002400       0x2c CMakeFiles/kiibohd.elf.dir/main.c.o
                0x0000000000002400                main
 .text.systick_default_isr
                0x000000000000242c       0x10 CMakeFiles/kiibohd.elf.dir/Lib/mk20dx.c.o
                0x000000000000242c                systick_isr
                0x000000000000242c                systick_default_isr
 .text.fault_isr
                0x000000000000243c       0x3c CMakeFiles/kiibohd.elf.dir/Lib/mk20dx.c.o
                0x000000000000243c                fault_isr
 .text.unused_isr
                0x0000000000002478        0x6 CMakeFiles/kiibohd.elf.dir/Lib/mk20dx.c.o
                0x0000000000002478                dma_ch0_isr
                0x0000000000002478                dma_ch6_isr
                0x0000000000002478                uart0_lon_isr
                0x0000000000002478                dma_ch8_isr
                0x0000000000002478                dma_error_isr
                0x0000000000002478                portd_isr
                0x0000000000002478                porte_isr
                0x0000000000002478                portb_isr
                0x0000000000002478                spi1_isr
                0x0000000000002478                uart3_status_isr
                0x0000000000002478                mcm_isr
                0x0000000000002478                uart1_status_isr
                0x0000000000002478                watchdog_isr
                0x0000000000002478                i2c1_isr
                0x0000000000002478                dma_ch11_isr
                0x0000000000002478                i2c2_isr
                0x0000000000002478                pit1_isr
                0x0000000000002478                dma_ch4_isr
                0x0000000000002478                software_isr
                0x0000000000002478                dma_ch7_isr
                0x0000000000002478                lptmr_isr
                0x0000000000002478                ftm2_isr
                0x0000000000002478                uart5_status_isr
                0x0000000000002478                dma_ch9_isr
                0x0000000000002478                pit2_isr
                0x0000000000002478                pit0_isr
                0x0000000000002478                can0_wakeup_isr
                0x0000000000002478                flash_cmd_isr
                0x0000000000002478                uart2_status_isr
                0x0000000000002478                svcall_isr
                0x0000000000002478                dma_ch15_isr
                0x0000000000002478                uart1_error_isr
                0x0000000000002478                unused_isr
                0x0000000000002478                spi0_isr
                0x0000000000002478                dma_ch3_isr
                0x0000000000002478                flash_error_isr
                0x0000000000002478                uart5_error_isr
                0x0000000000002478                rtc_seconds_isr
                0x0000000000002478                pdb_isr
                0x0000000000002478                dac1_isr
                0x0000000000002478                dma_ch14_isr
                0x0000000000002478                rtc_alarm_isr
                0x0000000000002478                dma_ch2_isr
                0x0000000000002478                ftm1_isr
                0x0000000000002478                dma_ch13_isr
                0x0000000000002478                uart2_error_isr
                0x0000000000002478                usb_charge_isr
                0x0000000000002478                cmt_isr
                0x0000000000002478                ftm3_isr
                0x0000000000002478                tsi0_isr
                0x0000000000002478                spi2_isr
                0x0000000000002478                can0_bus_off_isr
                0x0000000000002478                uart3_error_isr
                0x0000000000002478                porta_isr
                0x0000000000002478                low_voltage_isr
                0x0000000000002478                can0_error_isr
                0x0000000000002478                dma_ch12_isr
                0x0000000000002478                pit3_isr
                0x0000000000002478                portc_isr
                0x0000000000002478                debugmonitor_isr
                0x0000000000002478                cmp1_isr
                0x0000000000002478                ftm0_isr
                0x0000000000002478                i2s0_rx_isr
                0x0000000000002478                uart4_error_isr
                0x0000000000002478                can0_message_isr
                0x0000000000002478                sdhc_isr
                0x0000000000002478                dma_ch10_isr
                0x0000000000002478                uart0_error_isr
                0x0000000000002478                i2s0_tx_isr
                0x0000000000002478                adc1_isr
                0x0000000000002478                cmp0_isr
                0x0000000000002478                dac0_isr
                0x0000000000002478                uart0_status_isr
                0x0000000000002478                mcg_isr
                0x0000000000002478                dma_ch1_isr
                0x0000000000002478                dma_ch5_isr
                0x0000000000002478                can0_rx_warn_isr
                0x0000000000002478                can0_tx_warn_isr
                0x0000000000002478                uart4_status_isr
                0x0000000000002478                cmp2_isr
                0x0000000000002478                pendablesrvreq_isr
                0x0000000000002478                wakeup_isr
                0x0000000000002478                adc0_isr
 *fill*         0x000000000000247e        0x2 
 .text.nmi_default_isr
                0x0000000000002480        0xc CMakeFiles/kiibohd.elf.dir/Lib/mk20dx.c.o
                0x0000000000002480                nmi_isr
                0x0000000000002480                nmi_default_isr
 .text.hard_fault_default_isr
                0x000000000000248c       0x34 CMakeFiles/kiibohd.elf.dir/Lib/mk20dx.c.o
                0x000000000000248c                hard_fault_isr
                0x000000000000248c                hard_fault_default_isr
 .text.memmanage_fault_default_isr
                0x00000000000024c0       0x40 CMakeFiles/kiibohd.elf.dir/Lib/mk20dx.c.o
                0x00000000000024c0                memmanage_fault_default_isr
                0x00000000000024c0                memmanage_fault_isr
 .text.bus_fault_default_isr
                0x0000000000002500       0x40 CMakeFiles/kiibohd.elf.dir/Lib/mk20dx.c.o
                0x0000000000002500                bus_fault_isr
                0x0000000000002500                bus_fault_default_isr
 .text.usage_fault_default_isr
                0x0000000000002540       0x28 CMakeFiles/kiibohd.elf.dir/Lib/mk20dx.c.o
                0x0000000000002540                usage_fault_default_isr
                0x0000000000002540                usage_fault_isr
 .text.memset   0x0000000000002568       0x10 CMakeFiles/kiibohd.elf.dir/Lib/mk20dx.c.o
                0x0000000000002568                memset
 .text.memcpy   0x0000000000002578       0x18 CMakeFiles/kiibohd.elf.dir/Lib/mk20dx.c.o
                0x0000000000002578                memcpy
 .text.yield    0x0000000000002590        0x2 CMakeFiles/kiibohd.elf.dir/Lib/delay.c.o
                0x0000000000002590                yield
 *fill*         0x0000000000002592        0x2 
 .text.micros   0x0000000000002594       0x44 CMakeFiles/kiibohd.elf.dir/Lib/delay.c.o
                0x0000000000002594                micros
 .text.delay    0x00000000000025d8       0x26 CMakeFiles/kiibohd.elf.dir/Lib/delay.c.o
                0x00000000000025d8                delay
 .text.I2C_BufferLen
                0x00000000000025fe       0x14 CMakeFiles/kiibohd.elf.dir/Scan/ISSILed/led_scan.c.o
                0x00000000000025fe                I2C_BufferLen
 *fill*         0x0000000000002612        0x2 
 .text.I2C_BufferPush
                0x0000000000002614       0x60 CMakeFiles/kiibohd.elf.dir/Scan/ISSILed/led_scan.c.o
                0x0000000000002614                I2C_BufferPush
 .text.I2C_TxBufferPop
                0x0000000000002674       0xa4 CMakeFiles/kiibohd.elf.dir/Scan/ISSILed/led_scan.c.o
                0x0000000000002674                I2C_TxBufferPop
 .text.i2c0_isr
                0x0000000000002718      0x118 CMakeFiles/kiibohd.elf.dir/Scan/ISSILed/led_scan.c.o
                0x0000000000002718                i2c0_isr
 .text.I2C_Send
                0x0000000000002830       0xe0 CMakeFiles/kiibohd.elf.dir/Scan/ISSILed/led_scan.c.o
                0x0000000000002830                I2C_Send
 .text.LED_zeroPages
                0x0000000000002910       0x74 CMakeFiles/kiibohd.elf.dir/Scan/ISSILed/led_scan.c.o
                0x0000000000002910                LED_zeroPages
 .text.cliFunc_ledZero
                0x0000000000002984       0x1c CMakeFiles/kiibohd.elf.dir/Scan/ISSILed/led_scan.c.o
                0x0000000000002984                cliFunc_ledZero
 .text.LED_sendPage
                0x00000000000029a0       0x42 CMakeFiles/kiibohd.elf.dir/Scan/ISSILed/led_scan.c.o
                0x00000000000029a0                LED_sendPage
 *fill*         0x00000000000029e2        0x2 
 .text.cliFunc_ledTest
                0x00000000000029e4       0x20 CMakeFiles/kiibohd.elf.dir/Scan/ISSILed/led_scan.c.o
                0x00000000000029e4                cliFunc_ledTest
 .text.LED_writeReg
                0x0000000000002a04       0x4a CMakeFiles/kiibohd.elf.dir/Scan/ISSILed/led_scan.c.o
                0x0000000000002a04                LED_writeReg
 *fill*         0x0000000000002a4e        0x2 
 .text.LED_setup
                0x0000000000002a50       0xbc CMakeFiles/kiibohd.elf.dir/Scan/ISSILed/led_scan.c.o
                0x0000000000002a50                LED_setup
 .text.cliFunc_ledStart
                0x0000000000002b0c       0x34 CMakeFiles/kiibohd.elf.dir/Scan/ISSILed/led_scan.c.o
                0x0000000000002b0c                cliFunc_ledStart
 .text.LED_readPage
                0x0000000000002b40       0x98 CMakeFiles/kiibohd.elf.dir/Scan/ISSILed/led_scan.c.o
                0x0000000000002b40                LED_readPage
 .text.cliFunc_ledRPage
                0x0000000000002bd8       0x2c CMakeFiles/kiibohd.elf.dir/Scan/ISSILed/led_scan.c.o
                0x0000000000002bd8                cliFunc_ledRPage
 .text.cliFunc_i2cSend
                0x0000000000002c04       0x88 CMakeFiles/kiibohd.elf.dir/Scan/ISSILed/led_scan.c.o
                0x0000000000002c04                cliFunc_i2cSend
 .text.cliFunc_i2cRecv
                0x0000000000002c8c       0x88 CMakeFiles/kiibohd.elf.dir/Scan/ISSILed/led_scan.c.o
                0x0000000000002c8c                cliFunc_i2cRecv
 .text.cliFunc_ledWPage
                0x0000000000002d14       0x9a CMakeFiles/kiibohd.elf.dir/Scan/ISSILed/led_scan.c.o
                0x0000000000002d14                cliFunc_ledWPage
 .text.LED_scan
                0x0000000000002dae        0x4 CMakeFiles/kiibohd.elf.dir/Scan/ISSILed/led_scan.c.o
                0x0000000000002dae                LED_scan
 *fill*         0x0000000000002db2        0x2 
 .text.LED_control
                0x0000000000002db4       0x98 CMakeFiles/kiibohd.elf.dir/Scan/ISSILed/led_scan.c.o
                0x0000000000002db4                LED_control
 .text.cliFunc_ledCtrl
                0x0000000000002e4c       0x5c CMakeFiles/kiibohd.elf.dir/Scan/ISSILed/led_scan.c.o
                0x0000000000002e4c                cliFunc_ledCtrl
 .text.LED_control_capability
                0x0000000000002ea8       0x98 CMakeFiles/kiibohd.elf.dir/Scan/ISSILed/led_scan.c.o
                0x0000000000002ea8                LED_control_capability
 .text.cliFunc_matrixState
                0x0000000000002f40       0x24 CMakeFiles/kiibohd.elf.dir/Scan/MatrixARM/matrix_scan.c.o
                0x0000000000002f40                cliFunc_matrixState
 .text.cliFunc_matrixDebug
                0x0000000000002f64       0x5c CMakeFiles/kiibohd.elf.dir/Scan/MatrixARM/matrix_scan.c.o
                0x0000000000002f64                cliFunc_matrixDebug
 .text.Matrix_pin
                0x0000000000002fc0       0xc8 CMakeFiles/kiibohd.elf.dir/Scan/MatrixARM/matrix_scan.c.o
                0x0000000000002fc0                Matrix_pin
 .text.Matrix_setup
                0x0000000000003088       0xe4 CMakeFiles/kiibohd.elf.dir/Scan/MatrixARM/matrix_scan.c.o
                0x0000000000003088                Matrix_setup
 .text.Matrix_keyPositionDebug
                0x000000000000316c       0x38 CMakeFiles/kiibohd.elf.dir/Scan/MatrixARM/matrix_scan.c.o
                0x000000000000316c                Matrix_keyPositionDebug
 .text.Matrix_scan
                0x00000000000031a4      0x2cc CMakeFiles/kiibohd.elf.dir/Scan/MatrixARM/matrix_scan.c.o
                0x00000000000031a4                Matrix_scan
 .text.cliFunc_lcdColor
                0x0000000000003470       0x44 CMakeFiles/kiibohd.elf.dir/Scan/STLcd/lcd_scan.c.o
                0x0000000000003470                cliFunc_lcdColor
 .text.SPI_write
                0x00000000000034b4       0x48 CMakeFiles/kiibohd.elf.dir/Scan/STLcd/lcd_scan.c.o
                0x00000000000034b4                SPI_write
 .text.LCD_writeControlReg
                0x00000000000034fc       0x50 CMakeFiles/kiibohd.elf.dir/Scan/STLcd/lcd_scan.c.o
                0x00000000000034fc                LCD_writeControlReg
 .text.cliFunc_lcdCmd
                0x000000000000354c       0x50 CMakeFiles/kiibohd.elf.dir/Scan/STLcd/lcd_scan.c.o
                0x000000000000354c                cliFunc_lcdCmd
 .text.cliFunc_lcdDisp
                0x000000000000359c       0x76 CMakeFiles/kiibohd.elf.dir/Scan/STLcd/lcd_scan.c.o
                0x000000000000359c                cliFunc_lcdDisp
 .text.LCD_writeDisplayReg
                0x0000000000003612       0x30 CMakeFiles/kiibohd.elf.dir/Scan/STLcd/lcd_scan.c.o
                0x0000000000003612                LCD_writeDisplayReg
 *fill*         0x0000000000003642        0x2 
 .text.cliFunc_lcdTest
                0x0000000000003644       0x20 CMakeFiles/kiibohd.elf.dir/Scan/STLcd/lcd_scan.c.o
                0x0000000000003644                cliFunc_lcdTest
 .text.LCD_clear
                0x0000000000003664       0x68 CMakeFiles/kiibohd.elf.dir/Scan/STLcd/lcd_scan.c.o
                0x0000000000003664                LCD_clear
 .text.LCD_initialize
                0x00000000000036cc       0x46 CMakeFiles/kiibohd.elf.dir/Scan/STLcd/lcd_scan.c.o
                0x00000000000036cc                LCD_initialize
 .text.cliFunc_lcdInit
                0x0000000000003712        0x4 CMakeFiles/kiibohd.elf.dir/Scan/STLcd/lcd_scan.c.o
                0x0000000000003712                cliFunc_lcdInit
 *fill*         0x0000000000003716        0x2 
 .text.LCD_setup
                0x0000000000003718      0x114 CMakeFiles/kiibohd.elf.dir/Scan/STLcd/lcd_scan.c.o
                0x0000000000003718                LCD_setup
 .text.LCD_scan
                0x000000000000382c        0x4 CMakeFiles/kiibohd.elf.dir/Scan/STLcd/lcd_scan.c.o
                0x000000000000382c                LCD_scan
 .text.LCD_layerStackExact_capability
                0x0000000000003830      0x118 CMakeFiles/kiibohd.elf.dir/Scan/STLcd/lcd_scan.c.o
                0x0000000000003830                LCD_layerStackExact_capability
 .text.LCD_layerStack_capability
                0x0000000000003948       0xb8 CMakeFiles/kiibohd.elf.dir/Scan/STLcd/lcd_scan.c.o
                0x0000000000003948                LCD_layerStack_capability
 .text.Connect_receive_Animation
                0x0000000000003a00       0x10 CMakeFiles/kiibohd.elf.dir/Scan/UARTConnect/connect_scan.c.o
                0x0000000000003a00                Connect_receive_Animation
 .text.cliFunc_connectDbg
                0x0000000000003a10       0x28 CMakeFiles/kiibohd.elf.dir/Scan/UARTConnect/connect_scan.c.o
                0x0000000000003a10                cliFunc_connectDbg
 .text.Connect_receive_CableCheck
                0x0000000000003a38      0x110 CMakeFiles/kiibohd.elf.dir/Scan/UARTConnect/connect_scan.c.o
                0x0000000000003a38                Connect_receive_CableCheck
 .text.cliFunc_connectLst
                0x0000000000003b48       0x58 CMakeFiles/kiibohd.elf.dir/Scan/UARTConnect/connect_scan.c.o
                0x0000000000003b48                cliFunc_connectLst
 .text.cliFunc_connectSts
                0x0000000000003ba0      0x148 CMakeFiles/kiibohd.elf.dir/Scan/UARTConnect/connect_scan.c.o
                0x0000000000003ba0                cliFunc_connectSts
 .text.cliFunc_connectMst
                0x0000000000003ce8       0x70 CMakeFiles/kiibohd.elf.dir/Scan/UARTConnect/connect_scan.c.o
                0x0000000000003ce8                cliFunc_connectMst
 .text.Connect_addBytes.part.1
                0x0000000000003d58       0xc0 CMakeFiles/kiibohd.elf.dir/Scan/UARTConnect/connect_scan.c.o
 .text.Connect_receive_ScanCode
                0x0000000000003e18      0x178 CMakeFiles/kiibohd.elf.dir/Scan/UARTConnect/connect_scan.c.o
                0x0000000000003e18                Connect_receive_ScanCode
 .text.Connect_addBytes
                0x0000000000003f90       0x20 CMakeFiles/kiibohd.elf.dir/Scan/UARTConnect/connect_scan.c.o
                0x0000000000003f90                Connect_addBytes
 .text.Connect_receive_RemoteCapability
                0x0000000000003fb0      0x114 CMakeFiles/kiibohd.elf.dir/Scan/UARTConnect/connect_scan.c.o
                0x0000000000003fb0                Connect_receive_RemoteCapability
 .text.Connect_send_CableCheck
                0x00000000000040c4       0x8c CMakeFiles/kiibohd.elf.dir/Scan/UARTConnect/connect_scan.c.o
                0x00000000000040c4                Connect_send_CableCheck
 .text.Connect_send_IdRequest
                0x0000000000004150       0x40 CMakeFiles/kiibohd.elf.dir/Scan/UARTConnect/connect_scan.c.o
                0x0000000000004150                Connect_send_IdRequest
 .text.Connect_send_IdEnumeration
                0x0000000000004190       0x44 CMakeFiles/kiibohd.elf.dir/Scan/UARTConnect/connect_scan.c.o
                0x0000000000004190                Connect_send_IdEnumeration
 .text.Connect_receive_IdRequest
                0x00000000000041d4       0x38 CMakeFiles/kiibohd.elf.dir/Scan/UARTConnect/connect_scan.c.o
                0x00000000000041d4                Connect_receive_IdRequest
 .text.Connect_send_IdReport
                0x000000000000420c       0x44 CMakeFiles/kiibohd.elf.dir/Scan/UARTConnect/connect_scan.c.o
                0x000000000000420c                Connect_send_IdReport
 .text.Connect_receive_IdEnumeration
                0x0000000000004250       0x40 CMakeFiles/kiibohd.elf.dir/Scan/UARTConnect/connect_scan.c.o
                0x0000000000004250                Connect_receive_IdEnumeration
 .text.Connect_receive_IdReport
                0x0000000000004290       0x60 CMakeFiles/kiibohd.elf.dir/Scan/UARTConnect/connect_scan.c.o
                0x0000000000004290                Connect_receive_IdReport
 .text.Connect_send_ScanCode
                0x00000000000042f0       0x5c CMakeFiles/kiibohd.elf.dir/Scan/UARTConnect/connect_scan.c.o
                0x00000000000042f0                Connect_send_ScanCode
 .text.cliFunc_connectCmd
                0x000000000000434c       0x68 CMakeFiles/kiibohd.elf.dir/Scan/UARTConnect/connect_scan.c.o
                0x000000000000434c                cliFunc_connectCmd
 .text.Connect_send_RemoteCapability
                0x00000000000043b4       0xc0 CMakeFiles/kiibohd.elf.dir/Scan/UARTConnect/connect_scan.c.o
                0x00000000000043b4                Connect_send_RemoteCapability
 .text.Connect_send_Idle
                0x0000000000004474       0x64 CMakeFiles/kiibohd.elf.dir/Scan/UARTConnect/connect_scan.c.o
                0x0000000000004474                Connect_send_Idle
 .text.cliFunc_connectIdl
                0x00000000000044d8       0x38 CMakeFiles/kiibohd.elf.dir/Scan/UARTConnect/connect_scan.c.o
                0x00000000000044d8                cliFunc_connectIdl
 .text.Connect_reset
                0x0000000000004510       0x48 CMakeFiles/kiibohd.elf.dir/Scan/UARTConnect/connect_scan.c.o
                0x0000000000004510                Connect_reset
 .text.cliFunc_connectRst
                0x0000000000004558       0x28 CMakeFiles/kiibohd.elf.dir/Scan/UARTConnect/connect_scan.c.o
                0x0000000000004558                cliFunc_connectRst
 .text.Connect_setup
                0x0000000000004580      0x1c0 CMakeFiles/kiibohd.elf.dir/Scan/UARTConnect/connect_scan.c.o
                0x0000000000004580                Connect_setup
 .text.Connect_rx_process
                0x0000000000004740      0x1b8 CMakeFiles/kiibohd.elf.dir/Scan/UARTConnect/connect_scan.c.o
                0x0000000000004740                Connect_rx_process
 .text.Connect_scan
                0x00000000000048f8      0x1e0 CMakeFiles/kiibohd.elf.dir/Scan/UARTConnect/connect_scan.c.o
                0x00000000000048f8                Connect_scan
 .text.Scan_setup
                0x0000000000004ad8       0x28 CMakeFiles/kiibohd.elf.dir/Scan/MDErgo1/scan_loop.c.o
                0x0000000000004ad8                Scan_setup
 .text.Scan_loop
                0x0000000000004b00       0x24 CMakeFiles/kiibohd.elf.dir/Scan/MDErgo1/scan_loop.c.o
                0x0000000000004b00                Scan_loop
 .text.Scan_finishedWithMacro
                0x0000000000004b24        0x2 CMakeFiles/kiibohd.elf.dir/Scan/MDErgo1/scan_loop.c.o
                0x0000000000004b24                Scan_finishedWithMacro
 *fill*         0x0000000000004b26        0x2 
 .text.Scan_finishedWithOutput
                0x0000000000004b28        0xc CMakeFiles/kiibohd.elf.dir/Scan/MDErgo1/scan_loop.c.o
                0x0000000000004b28                Scan_finishedWithOutput
 .text.cliFunc_capList
                0x0000000000004b34       0x58 CMakeFiles/kiibohd.elf.dir/Macro/PartialMap/macro.c.o
                0x0000000000004b34                cliFunc_capList
 .text.cliFunc_macroStep
                0x0000000000004b8c       0x28 CMakeFiles/kiibohd.elf.dir/Macro/PartialMap/macro.c.o
                0x0000000000004b8c                cliFunc_macroStep
 .text.cliFunc_capSelect
                0x0000000000004bb4      0x104 CMakeFiles/kiibohd.elf.dir/Macro/PartialMap/macro.c.o
                0x0000000000004bb4                cliFunc_capSelect
 .text.cliFunc_layerDebug
                0x0000000000004cb8       0x30 CMakeFiles/kiibohd.elf.dir/Macro/PartialMap/macro.c.o
                0x0000000000004cb8                cliFunc_layerDebug
 .text.cliFunc_layerState
                0x0000000000004ce8       0x68 CMakeFiles/kiibohd.elf.dir/Macro/PartialMap/macro.c.o
                0x0000000000004ce8                cliFunc_layerState
 .text.cliFunc_macroDebug
                0x0000000000004d50       0x30 CMakeFiles/kiibohd.elf.dir/Macro/PartialMap/macro.c.o
                0x0000000000004d50                cliFunc_macroDebug
 .text.cliFunc_macroProc
                0x0000000000004d80       0x30 CMakeFiles/kiibohd.elf.dir/Macro/PartialMap/macro.c.o
                0x0000000000004d80                cliFunc_macroProc
 .text.cliFunc_layerList
                0x0000000000004db0       0x94 CMakeFiles/kiibohd.elf.dir/Macro/PartialMap/macro.c.o
                0x0000000000004db0                cliFunc_layerList
 .text.cliFunc_macroList
                0x0000000000004e44      0x160 CMakeFiles/kiibohd.elf.dir/Macro/PartialMap/macro.c.o
                0x0000000000004e44                cliFunc_macroList
 .text.Macro_layerState
                0x0000000000004fa4       0xd0 CMakeFiles/kiibohd.elf.dir/Macro/PartialMap/macro.c.o
                0x0000000000004fa4                Macro_layerState
 .text.Macro_layerState_capability
                0x0000000000005074       0x24 CMakeFiles/kiibohd.elf.dir/Macro/PartialMap/macro.c.o
                0x0000000000005074                Macro_layerState_capability
 .text.Macro_layerLatch_capability
                0x0000000000005098       0x24 CMakeFiles/kiibohd.elf.dir/Macro/PartialMap/macro.c.o
                0x0000000000005098                Macro_layerLatch_capability
 .text.Macro_layerLock_capability
                0x00000000000050bc       0x24 CMakeFiles/kiibohd.elf.dir/Macro/PartialMap/macro.c.o
                0x00000000000050bc                Macro_layerLock_capability
 .text.Macro_layerShift_capability
                0x00000000000050e0       0x24 CMakeFiles/kiibohd.elf.dir/Macro/PartialMap/macro.c.o
                0x00000000000050e0                Macro_layerShift_capability
 .text.Macro_layerRotate_capability
                0x0000000000005104       0x70 CMakeFiles/kiibohd.elf.dir/Macro/PartialMap/macro.c.o
                0x0000000000005104                Macro_layerRotate_capability
 .text.Macro_layerLookup
                0x0000000000005174      0x128 CMakeFiles/kiibohd.elf.dir/Macro/PartialMap/macro.c.o
                0x0000000000005174                Macro_layerLookup
 .text.Macro_interconnectAdd
                0x000000000000529c       0xb8 CMakeFiles/kiibohd.elf.dir/Macro/PartialMap/macro.c.o
                0x000000000000529c                Macro_interconnectAdd
 .text.Macro_keyState
                0x0000000000005354       0x60 CMakeFiles/kiibohd.elf.dir/Macro/PartialMap/macro.c.o
                0x0000000000005354                Macro_keyState
 .text.cliFunc_keyHold
                0x00000000000053b4       0x2e CMakeFiles/kiibohd.elf.dir/Macro/PartialMap/macro.c.o
                0x00000000000053b4                cliFunc_keyHold
 .text.cliFunc_keyPress
                0x00000000000053e2       0x2e CMakeFiles/kiibohd.elf.dir/Macro/PartialMap/macro.c.o
                0x00000000000053e2                cliFunc_keyPress
 .text.cliFunc_keyRelease
                0x0000000000005410       0x2e CMakeFiles/kiibohd.elf.dir/Macro/PartialMap/macro.c.o
                0x0000000000005410                cliFunc_keyRelease
 *fill*         0x000000000000543e        0x2 
 .text.Macro_evalTriggerMacro
                0x0000000000005440      0x260 CMakeFiles/kiibohd.elf.dir/Macro/PartialMap/macro.c.o
                0x0000000000005440                Macro_evalTriggerMacro
 .text.Macro_process
                0x00000000000056a0      0x3b0 CMakeFiles/kiibohd.elf.dir/Macro/PartialMap/macro.c.o
                0x00000000000056a0                Macro_process
 .text.Macro_setup
                0x0000000000005a50       0x70 CMakeFiles/kiibohd.elf.dir/Macro/PartialMap/macro.c.o
                0x0000000000005a50                Macro_setup
 .text.macroDebugShowTrigger
                0x0000000000005ac0      0x110 CMakeFiles/kiibohd.elf.dir/Macro/PartialMap/macro.c.o
                0x0000000000005ac0                macroDebugShowTrigger
 .text.macroDebugShowResult
                0x0000000000005bd0      0x174 CMakeFiles/kiibohd.elf.dir/Macro/PartialMap/macro.c.o
                0x0000000000005bd0                macroDebugShowResult
 .text.cliFunc_macroShow
                0x0000000000005d44       0x3e CMakeFiles/kiibohd.elf.dir/Macro/PartialMap/macro.c.o
                0x0000000000005d44                cliFunc_macroShow
 *fill*         0x0000000000005d82        0x2 
 .text.cliFunc_sendKeys
                0x0000000000005d84       0x24 CMakeFiles/kiibohd.elf.dir/Output/pjrcUSB/output_com.c.o
                0x0000000000005d84                cliFunc_sendKeys
 .text.cliFunc_kbdProtocol
                0x0000000000005da8       0x28 CMakeFiles/kiibohd.elf.dir/Output/pjrcUSB/output_com.c.o
                0x0000000000005da8                cliFunc_kbdProtocol
 .text.cliFunc_readLEDs
                0x0000000000005dd0       0x28 CMakeFiles/kiibohd.elf.dir/Output/pjrcUSB/output_com.c.o
                0x0000000000005dd0                cliFunc_readLEDs
 .text.cliFunc_setKeys
                0x0000000000005df8       0x34 CMakeFiles/kiibohd.elf.dir/Output/pjrcUSB/output_com.c.o
                0x0000000000005df8                cliFunc_setKeys
 .text.cliFunc_outputDebug
                0x0000000000005e2c       0x24 CMakeFiles/kiibohd.elf.dir/Output/pjrcUSB/output_com.c.o
                0x0000000000005e2c                cliFunc_outputDebug
 .text.cliFunc_setMod
                0x0000000000005e50       0x20 CMakeFiles/kiibohd.elf.dir/Output/pjrcUSB/output_com.c.o
                0x0000000000005e50                cliFunc_setMod
 .text.Output_consCtrlSend_capability
                0x0000000000005e70       0x58 CMakeFiles/kiibohd.elf.dir/Output/pjrcUSB/output_com.c.o
                0x0000000000005e70                Output_consCtrlSend_capability
 .text.Output_noneSend_capability
                0x0000000000005ec8       0x14 CMakeFiles/kiibohd.elf.dir/Output/pjrcUSB/output_com.c.o
                0x0000000000005ec8                Output_noneSend_capability
 .text.Output_sysCtrlSend_capability
                0x0000000000005edc       0x58 CMakeFiles/kiibohd.elf.dir/Output/pjrcUSB/output_com.c.o
                0x0000000000005edc                Output_sysCtrlSend_capability
 .text.Output_flashMode_capability
                0x0000000000005f34       0x18 CMakeFiles/kiibohd.elf.dir/Output/pjrcUSB/output_com.c.o
                0x0000000000005f34                Output_flashMode_capability
 .text.Output_flushBuffers
                0x0000000000005f4c       0x2c CMakeFiles/kiibohd.elf.dir/Output/pjrcUSB/output_com.c.o
                0x0000000000005f4c                Output_flushBuffers
 .text.Output_kbdProtocolBoot_capability
                0x0000000000005f78       0x30 CMakeFiles/kiibohd.elf.dir/Output/pjrcUSB/output_com.c.o
                0x0000000000005f78                Output_kbdProtocolBoot_capability
 .text.Output_kbdProtocolNKRO_capability
                0x0000000000005fa8       0x34 CMakeFiles/kiibohd.elf.dir/Output/pjrcUSB/output_com.c.o
                0x0000000000005fa8                Output_kbdProtocolNKRO_capability
 .text.Output_usbCodeSend_capability
                0x0000000000005fdc      0x1cc CMakeFiles/kiibohd.elf.dir/Output/pjrcUSB/output_com.c.o
                0x0000000000005fdc                Output_usbCodeSend_capability
 .text.Output_setup
                0x00000000000061a8       0x20 CMakeFiles/kiibohd.elf.dir/Output/pjrcUSB/output_com.c.o
                0x00000000000061a8                Output_setup
 .text.Output_send
                0x00000000000061c8       0x60 CMakeFiles/kiibohd.elf.dir/Output/pjrcUSB/output_com.c.o
                0x00000000000061c8                Output_send
 .text.Output_availablechar
                0x0000000000006228        0x4 CMakeFiles/kiibohd.elf.dir/Output/pjrcUSB/output_com.c.o
                0x0000000000006228                Output_availablechar
 .text.Output_getchar
                0x000000000000622c        0x4 CMakeFiles/kiibohd.elf.dir/Output/pjrcUSB/output_com.c.o
                0x000000000000622c                Output_getchar
 .text.Output_putstr
                0x0000000000006230       0x10 CMakeFiles/kiibohd.elf.dir/Output/pjrcUSB/output_com.c.o
                0x0000000000006230                Output_putstr
 .text.Output_softReset
                0x0000000000006240       0x10 CMakeFiles/kiibohd.elf.dir/Output/pjrcUSB/output_com.c.o
                0x0000000000006240                Output_softReset
 .text.endpoint0_transmit
                0x0000000000006250       0x40 CMakeFiles/kiibohd.elf.dir/Output/pjrcUSB/arm/usb_dev.c.o
 .text.usb_rx   0x0000000000006290       0x38 CMakeFiles/kiibohd.elf.dir/Output/pjrcUSB/arm/usb_dev.c.o
                0x0000000000006290                usb_rx
 .text.usb_tx_packet_count
                0x00000000000062c8       0x24 CMakeFiles/kiibohd.elf.dir/Output/pjrcUSB/arm/usb_dev.c.o
                0x00000000000062c8                usb_tx_packet_count
 .text.usb_rx_memory
                0x00000000000062ec       0x78 CMakeFiles/kiibohd.elf.dir/Output/pjrcUSB/arm/usb_dev.c.o
                0x00000000000062ec                usb_rx_memory
 .text.usb_tx   0x0000000000006364       0x80 CMakeFiles/kiibohd.elf.dir/Output/pjrcUSB/arm/usb_dev.c.o
                0x0000000000006364                usb_tx
 .text.usb_device_reload
                0x00000000000063e4       0x34 CMakeFiles/kiibohd.elf.dir/Output/pjrcUSB/arm/usb_dev.c.o
                0x00000000000063e4                usb_device_reload
 .text.usb_isr  0x0000000000006418      0x72c CMakeFiles/kiibohd.elf.dir/Output/pjrcUSB/arm/usb_dev.c.o
                0x0000000000006418                usb_isr
 .text.usb_init
                0x0000000000006b44       0x9c CMakeFiles/kiibohd.elf.dir/Output/pjrcUSB/arm/usb_dev.c.o
                0x0000000000006b44                usb_init
 .text.usb_keyboard_send
                0x0000000000006be0      0x2bc CMakeFiles/kiibohd.elf.dir/Output/pjrcUSB/arm/usb_keyboard.c.o
                0x0000000000006be0                usb_keyboard_send
 .text.usb_malloc
                0x0000000000006e9c       0x3c CMakeFiles/kiibohd.elf.dir/Output/pjrcUSB/arm/usb_mem.c.o
                0x0000000000006e9c                usb_malloc
 .text.usb_free
                0x0000000000006ed8       0x44 CMakeFiles/kiibohd.elf.dir/Output/pjrcUSB/arm/usb_mem.c.o
                0x0000000000006ed8                usb_free
 .text.usb_serial_getchar
                0x0000000000006f1c       0x4c CMakeFiles/kiibohd.elf.dir/Output/pjrcUSB/arm/usb_serial.c.o
                0x0000000000006f1c                usb_serial_getchar
 .text.usb_serial_available
                0x0000000000006f68       0x1c CMakeFiles/kiibohd.elf.dir/Output/pjrcUSB/arm/usb_serial.c.o
                0x0000000000006f68                usb_serial_available
 .text.usb_serial_write
                0x0000000000006f84       0xd0 CMakeFiles/kiibohd.elf.dir/Output/pjrcUSB/arm/usb_serial.c.o
                0x0000000000006f84                usb_serial_write
 .text.usb_serial_flush_callback
                0x0000000000007054       0x48 CMakeFiles/kiibohd.elf.dir/Output/pjrcUSB/arm/usb_serial.c.o
                0x0000000000007054                usb_serial_flush_callback
 .text.cliFunc_clear
                0x000000000000709c        0xc CMakeFiles/kiibohd.elf.dir/Debug/cli/cli.c.o
                0x000000000000709c                cliFunc_clear
 .text.cliFunc_reload
                0x00000000000070a8       0x24 CMakeFiles/kiibohd.elf.dir/Debug/cli/cli.c.o
                0x00000000000070a8                cliFunc_reload
 .text.cliFunc_reset
                0x00000000000070cc        0xc CMakeFiles/kiibohd.elf.dir/Debug/cli/cli.c.o
                0x00000000000070cc                cliFunc_reset
 .text.cliFunc_help
                0x00000000000070d8       0xb0 CMakeFiles/kiibohd.elf.dir/Debug/cli/cli.c.o
                0x00000000000070d8                cliFunc_help
 .text.cliFunc_led
                0x0000000000007188       0x14 CMakeFiles/kiibohd.elf.dir/Debug/cli/cli.c.o
                0x0000000000007188                cliFunc_led
 .text.cliFunc_restart
                0x000000000000719c        0x4 CMakeFiles/kiibohd.elf.dir/Debug/cli/cli.c.o
                0x000000000000719c                cliFunc_restart
 .text.cliFunc_version
                0x00000000000071a0       0xd4 CMakeFiles/kiibohd.elf.dir/Debug/cli/cli.c.o
                0x00000000000071a0                cliFunc_version
 .text.cliFunc_cliDebug
                0x0000000000007274       0x38 CMakeFiles/kiibohd.elf.dir/Debug/cli/cli.c.o
                0x0000000000007274                cliFunc_cliDebug
 .text.CLI_argumentIsolation
                0x00000000000072ac       0x24 CMakeFiles/kiibohd.elf.dir/Debug/cli/cli.c.o
                0x00000000000072ac                CLI_argumentIsolation
 .text.CLI_commandLookup
                0x00000000000072d0       0xc4 CMakeFiles/kiibohd.elf.dir/Debug/cli/cli.c.o
                0x00000000000072d0                CLI_commandLookup
 .text.CLI_registerDictionary
                0x0000000000007394       0x38 CMakeFiles/kiibohd.elf.dir/Debug/cli/cli.c.o
                0x0000000000007394                CLI_registerDictionary
 .text.CLI_init
                0x00000000000073cc       0x68 CMakeFiles/kiibohd.elf.dir/Debug/cli/cli.c.o
                0x00000000000073cc                CLI_init
 .text.CLI_tabCompletion
                0x0000000000007434       0xc0 CMakeFiles/kiibohd.elf.dir/Debug/cli/cli.c.o
                0x0000000000007434                CLI_tabCompletion
 .text.CLI_wrap
                0x00000000000074f4       0x28 CMakeFiles/kiibohd.elf.dir/Debug/cli/cli.c.o
                0x00000000000074f4                CLI_wrap
 .text.CLI_saveHistory
                0x000000000000751c       0x40 CMakeFiles/kiibohd.elf.dir/Debug/cli/cli.c.o
                0x000000000000751c                CLI_saveHistory
 .text.CLI_retreiveHistory
                0x000000000000755c       0x50 CMakeFiles/kiibohd.elf.dir/Debug/cli/cli.c.o
                0x000000000000755c                CLI_retreiveHistory
 .text.CLI_process
                0x00000000000075ac      0x214 CMakeFiles/kiibohd.elf.dir/Debug/cli/cli.c.o
                0x00000000000075ac                CLI_process
 .text.init_errorLED
                0x00000000000077c0       0x1c CMakeFiles/kiibohd.elf.dir/Debug/led/led.c.o
                0x00000000000077c0                init_errorLED
 .text.errorLED
                0x00000000000077dc       0x1c CMakeFiles/kiibohd.elf.dir/Debug/led/led.c.o
                0x00000000000077dc                errorLED
 .text.printstrs
                0x00000000000077f8       0x34 CMakeFiles/kiibohd.elf.dir/Debug/print/print.c.o
                0x00000000000077f8                printstrs
 .text._print   0x000000000000782c        0x4 CMakeFiles/kiibohd.elf.dir/Debug/print/print.c.o
                0x000000000000782c                _print
 .text.lenStr   0x0000000000007830       0x12 CMakeFiles/kiibohd.elf.dir/Debug/print/print.c.o
                0x0000000000007830                lenStr
 .text.revsStr  0x0000000000007842       0x20 CMakeFiles/kiibohd.elf.dir/Debug/print/print.c.o
                0x0000000000007842                revsStr
 .text.int8ToStr
                0x0000000000007862       0x28 CMakeFiles/kiibohd.elf.dir/Debug/print/print.c.o
                0x0000000000007862                int8ToStr
 .text.printInt8
                0x000000000000788a       0x14 CMakeFiles/kiibohd.elf.dir/Debug/print/print.c.o
                0x000000000000788a                printInt8
 .text.int16ToStr
                0x000000000000789e       0x28 CMakeFiles/kiibohd.elf.dir/Debug/print/print.c.o
                0x000000000000789e                int16ToStr
 .text.printInt16
                0x00000000000078c6       0x14 CMakeFiles/kiibohd.elf.dir/Debug/print/print.c.o
                0x00000000000078c6                printInt16
 .text.hexToStr_op
                0x00000000000078da       0x58 CMakeFiles/kiibohd.elf.dir/Debug/print/print.c.o
                0x00000000000078da                hexToStr_op
 .text.printHex_op
                0x0000000000007932       0x16 CMakeFiles/kiibohd.elf.dir/Debug/print/print.c.o
                0x0000000000007932                printHex_op
 .text.hex32ToStr_op
                0x0000000000007948       0x5a CMakeFiles/kiibohd.elf.dir/Debug/print/print.c.o
                0x0000000000007948                hex32ToStr_op
 .text.printHex32_op
                0x00000000000079a2       0x16 CMakeFiles/kiibohd.elf.dir/Debug/print/print.c.o
                0x00000000000079a2                printHex32_op
 .text.eqStr    0x00000000000079b8       0x2a CMakeFiles/kiibohd.elf.dir/Debug/print/print.c.o
                0x00000000000079b8                eqStr
 .text.numToInt
                0x00000000000079e2       0x84 CMakeFiles/kiibohd.elf.dir/Debug/print/print.c.o
                0x00000000000079e2                numToInt
 *(.rodata*)
 .rodata.str1.1
                0x0000000000007a66       0x85 CMakeFiles/kiibohd.elf.dir/Lib/mk20dx.c.o
                                         0x91 (size before relaxing)
 .rodata.sys_reset_to_loader_magic
                0x0000000000007aeb       0x16 CMakeFiles/kiibohd.elf.dir/Lib/mk20dx.c.o
                0x0000000000007aeb                sys_reset_to_loader_magic
 .rodata        0x0000000000007b01        0x3 CMakeFiles/kiibohd.elf.dir/Scan/ISSILed/led_scan.c.o
 .rodata.ledWPageCLIDict_DescEntry
                0x0000000000007b04       0x4a CMakeFiles/kiibohd.elf.dir/Scan/ISSILed/led_scan.c.o
                0x0000000000007b04                ledWPageCLIDict_DescEntry
 .rodata.ledTestCLIDict_DescEntry
                0x0000000000007b4e       0x18 CMakeFiles/kiibohd.elf.dir/Scan/ISSILed/led_scan.c.o
                0x0000000000007b4e                ledTestCLIDict_DescEntry
 *fill*         0x0000000000007b66        0x2 
 .rodata.ledCLIDict
                0x0000000000007b68       0x6c CMakeFiles/kiibohd.elf.dir/Scan/ISSILed/led_scan.c.o
                0x0000000000007b68                ledCLIDict
 .rodata.ledRPageCLIDict_DescEntry
                0x0000000000007bd4       0x1e CMakeFiles/kiibohd.elf.dir/Scan/ISSILed/led_scan.c.o
                0x0000000000007bd4                ledRPageCLIDict_DescEntry
 .rodata.ledStartCLIDict_DescEntry
                0x0000000000007bf2       0x1b CMakeFiles/kiibohd.elf.dir/Scan/ISSILed/led_scan.c.o
                0x0000000000007bf2                ledStartCLIDict_DescEntry
 .rodata.str1.1
                0x0000000000007c0d      0x1ef CMakeFiles/kiibohd.elf.dir/Scan/ISSILed/led_scan.c.o
                                        0x1f4 (size before relaxing)
 .rodata.ledCtrlCLIDict_DescEntry
                0x0000000000007dfc       0x33 CMakeFiles/kiibohd.elf.dir/Scan/ISSILed/led_scan.c.o
                0x0000000000007dfc                ledCtrlCLIDict_DescEntry
 .rodata.LED_defaultBrightness1
                0x0000000000007e2f       0x92 CMakeFiles/kiibohd.elf.dir/Scan/ISSILed/led_scan.c.o
                0x0000000000007e2f                LED_defaultBrightness1
 .rodata.ledZeroCLIDict_DescEntry
                0x0000000000007ec1       0x31 CMakeFiles/kiibohd.elf.dir/Scan/ISSILed/led_scan.c.o
                0x0000000000007ec1                ledZeroCLIDict_DescEntry
 .rodata.i2cRecvCLIDict_DescEntry
                0x0000000000007ef2       0x79 CMakeFiles/kiibohd.elf.dir/Scan/ISSILed/led_scan.c.o
                0x0000000000007ef2                i2cRecvCLIDict_DescEntry
 .rodata.i2cSendCLIDict_DescEntry
                0x0000000000007f6b       0x44 CMakeFiles/kiibohd.elf.dir/Scan/ISSILed/led_scan.c.o
                0x0000000000007f6b                i2cSendCLIDict_DescEntry
 .rodata.LED_ledEnableMask1
                0x0000000000007faf       0x14 CMakeFiles/kiibohd.elf.dir/Scan/ISSILed/led_scan.c.o
                0x0000000000007faf                LED_ledEnableMask1
 .rodata.ledCLIDictName
                0x0000000000007fc3       0x19 CMakeFiles/kiibohd.elf.dir/Scan/ISSILed/led_scan.c.o
                0x0000000000007fc3                ledCLIDictName
 .rodata.matrixDebugCLIDict_DescEntry
                0x0000000000007fdc       0x86 CMakeFiles/kiibohd.elf.dir/Scan/MatrixARM/matrix_scan.c.o
                0x0000000000007fdc                matrixDebugCLIDict_DescEntry
 .rodata.str1.1
                0x0000000000008062      0x1c3 CMakeFiles/kiibohd.elf.dir/Scan/MatrixARM/matrix_scan.c.o
                                        0x1cd (size before relaxing)
 .rodata.matrixStateCLIDict_DescEntry
                0x0000000000008225       0x9a CMakeFiles/kiibohd.elf.dir/Scan/MatrixARM/matrix_scan.c.o
                0x0000000000008225                matrixStateCLIDict_DescEntry
 .rodata.matrixCLIDictName
                0x00000000000082bf       0x17 CMakeFiles/kiibohd.elf.dir/Scan/MatrixARM/matrix_scan.c.o
                0x00000000000082bf                matrixCLIDictName
 *fill*         0x00000000000082d6        0x2 
 .rodata.matrixCLIDict
                0x00000000000082d8       0x24 CMakeFiles/kiibohd.elf.dir/Scan/MatrixARM/matrix_scan.c.o
                0x00000000000082d8                matrixCLIDict
 .rodata        0x00000000000082fc      0x53c CMakeFiles/kiibohd.elf.dir/Scan/STLcd/lcd_scan.c.o
 .rodata.lcdTestCLIDict_DescEntry
                0x0000000000008838       0x1a CMakeFiles/kiibohd.elf.dir/Scan/STLcd/lcd_scan.c.o
                0x0000000000008838                lcdTestCLIDict_DescEntry
 .rodata.lcdCLIDictName
                0x0000000000008852       0x17 CMakeFiles/kiibohd.elf.dir/Scan/STLcd/lcd_scan.c.o
                0x0000000000008852                lcdCLIDictName
 *fill*         0x0000000000008869        0x3 
 .rodata.lcdCLIDict
                0x000000000000886c       0x48 CMakeFiles/kiibohd.elf.dir/Scan/STLcd/lcd_scan.c.o
                0x000000000000886c                lcdCLIDict
 .rodata.str1.1
                0x00000000000088b4       0xa1 CMakeFiles/kiibohd.elf.dir/Scan/STLcd/lcd_scan.c.o
                                         0xa4 (size before relaxing)
 .rodata.lcdCmdCLIDict_DescEntry
                0x0000000000008955       0x44 CMakeFiles/kiibohd.elf.dir/Scan/STLcd/lcd_scan.c.o
                0x0000000000008955                lcdCmdCLIDict_DescEntry
 .rodata.STLcdDefaultImage
                0x0000000000008999      0x200 CMakeFiles/kiibohd.elf.dir/Scan/STLcd/lcd_scan.c.o
                0x0000000000008999                STLcdDefaultImage
 .rodata.lcdColorCLIDict_DescEntry
                0x0000000000008b99       0x45 CMakeFiles/kiibohd.elf.dir/Scan/STLcd/lcd_scan.c.o
                0x0000000000008b99                lcdColorCLIDict_DescEntry
 .rodata.lcdDispCLIDict_DescEntry
                0x0000000000008bde       0x4e CMakeFiles/kiibohd.elf.dir/Scan/STLcd/lcd_scan.c.o
                0x0000000000008bde                lcdDispCLIDict_DescEntry
 .rodata.lcdInitCLIDict_DescEntry
                0x0000000000008c2c       0x1f CMakeFiles/kiibohd.elf.dir/Scan/STLcd/lcd_scan.c.o
                0x0000000000008c2c                lcdInitCLIDict_DescEntry
 *fill*         0x0000000000008c4b        0x1 
 .rodata        0x0000000000008c4c       0x2f CMakeFiles/kiibohd.elf.dir/Scan/UARTConnect/connect_scan.c.o
 *fill*         0x0000000000008c7b        0x1 
 .rodata.uartConnectCLIDict
                0x0000000000008c7c       0x60 CMakeFiles/kiibohd.elf.dir/Scan/UARTConnect/connect_scan.c.o
                0x0000000000008c7c                uartConnectCLIDict
 .rodata.connectDbgCLIDict_DescEntry
                0x0000000000008cdc       0x1f CMakeFiles/kiibohd.elf.dir/Scan/UARTConnect/connect_scan.c.o
                0x0000000000008cdc                connectDbgCLIDict_DescEntry
 .rodata.connectStsCLIDict_DescEntry
                0x0000000000008cfb       0x14 CMakeFiles/kiibohd.elf.dir/Scan/UARTConnect/connect_scan.c.o
                0x0000000000008cfb                connectStsCLIDict_DescEntry
 .rodata.str1.1
                0x0000000000008d0f      0x5a6 CMakeFiles/kiibohd.elf.dir/Scan/UARTConnect/connect_scan.c.o
                                        0x5af (size before relaxing)
 .rodata.connectLstCLIDict_DescEntry
                0x00000000000092b5       0x32 CMakeFiles/kiibohd.elf.dir/Scan/UARTConnect/connect_scan.c.o
                0x00000000000092b5                connectLstCLIDict_DescEntry
 .rodata.uartConnectCLIDictName
                0x00000000000092e7       0x1c CMakeFiles/kiibohd.elf.dir/Scan/UARTConnect/connect_scan.c.o
                0x00000000000092e7                uartConnectCLIDictName
 .rodata.connectMstCLIDict_DescEntry
                0x0000000000009303       0x3e CMakeFiles/kiibohd.elf.dir/Scan/UARTConnect/connect_scan.c.o
                0x0000000000009303                connectMstCLIDict_DescEntry
 .rodata.connectRstCLIDict_DescEntry
                0x0000000000009341       0x3b CMakeFiles/kiibohd.elf.dir/Scan/UARTConnect/connect_scan.c.o
                0x0000000000009341                connectRstCLIDict_DescEntry
 .rodata.connectCmdCLIDict_DescEntry
                0x000000000000937c       0x6c CMakeFiles/kiibohd.elf.dir/Scan/UARTConnect/connect_scan.c.o
                0x000000000000937c                connectCmdCLIDict_DescEntry
 .rodata.connectIdlCLIDict_DescEntry
                0x00000000000093e8       0x61 CMakeFiles/kiibohd.elf.dir/Scan/UARTConnect/connect_scan.c.o
                0x00000000000093e8                connectIdlCLIDict_DescEntry
 *fill*         0x0000000000009449        0x3 
 .rodata.default_tl_0x2B
                0x000000000000944c        0x8 CMakeFiles/kiibohd.elf.dir/Macro/PartialMap/macro.c.o
                0x000000000000944c                default_tl_0x2B
 .rodata.default_tl_0x2C
                0x0000000000009454        0x8 CMakeFiles/kiibohd.elf.dir/Macro/PartialMap/macro.c.o
                0x0000000000009454                default_tl_0x2C
 .rodata.default_tl_0x2D
                0x000000000000945c        0x4 CMakeFiles/kiibohd.elf.dir/Macro/PartialMap/macro.c.o
                0x000000000000945c                default_tl_0x2D
 .rodata.default_tl_0x2E
                0x0000000000009460        0x4 CMakeFiles/kiibohd.elf.dir/Macro/PartialMap/macro.c.o
                0x0000000000009460                default_tl_0x2E
 .rodata.str1.1
                0x0000000000009464      0x6fb CMakeFiles/kiibohd.elf.dir/Macro/PartialMap/macro.c.o
                                        0x725 (size before relaxing)
 .rodata.rm24_guide
                0x0000000000009b5f        0x4 CMakeFiles/kiibohd.elf.dir/Macro/PartialMap/macro.c.o
                0x0000000000009b5f                rm24_guide
 .rodata.tm24_guide
                0x0000000000009b63        0x5 CMakeFiles/kiibohd.elf.dir/Macro/PartialMap/macro.c.o
                0x0000000000009b63                tm24_guide
 .rodata.rm40_guide
                0x0000000000009b68        0x4 CMakeFiles/kiibohd.elf.dir/Macro/PartialMap/macro.c.o
                0x0000000000009b68                rm40_guide
 .rodata.rm92_guide
                0x0000000000009b6c        0x4 CMakeFiles/kiibohd.elf.dir/Macro/PartialMap/macro.c.o
                0x0000000000009b6c                rm92_guide
 .rodata.tm18_guide
                0x0000000000009b70        0x5 CMakeFiles/kiibohd.elf.dir/Macro/PartialMap/macro.c.o
                0x0000000000009b70                tm18_guide
 *fill*         0x0000000000009b75        0x3 
 .rodata.default_tl_0x43
                0x0000000000009b78        0x8 CMakeFiles/kiibohd.elf.dir/Macro/PartialMap/macro.c.o
                0x0000000000009b78                default_tl_0x43
 .rodata.rm36_guide
                0x0000000000009b80        0x4 CMakeFiles/kiibohd.elf.dir/Macro/PartialMap/macro.c.o
                0x0000000000009b80                rm36_guide
 .rodata.default_tl_0x44
                0x0000000000009b84        0x8 CMakeFiles/kiibohd.elf.dir/Macro/PartialMap/macro.c.o
                0x0000000000009b84                default_tl_0x44
 .rodata.default_tl_0x45
                0x0000000000009b8c        0x8 CMakeFiles/kiibohd.elf.dir/Macro/PartialMap/macro.c.o
                0x0000000000009b8c                default_tl_0x45
 .rodata.default_tl_0x46
                0x0000000000009b94        0x8 CMakeFiles/kiibohd.elf.dir/Macro/PartialMap/macro.c.o
                0x0000000000009b94                default_tl_0x46
 .rodata.rm87_guide
                0x0000000000009b9c        0x4 CMakeFiles/kiibohd.elf.dir/Macro/PartialMap/macro.c.o
                0x0000000000009b9c                rm87_guide
 .rodata.default_tl_0x47
                0x0000000000009ba0        0x8 CMakeFiles/kiibohd.elf.dir/Macro/PartialMap/macro.c.o
                0x0000000000009ba0                default_tl_0x47
 .rodata.macroCLIDictName
                0x0000000000009ba8       0x16 CMakeFiles/kiibohd.elf.dir/Macro/PartialMap/macro.c.o
                0x0000000000009ba8                macroCLIDictName
 .rodata.tm41_guide
                0x0000000000009bbe        0x5 CMakeFiles/kiibohd.elf.dir/Macro/PartialMap/macro.c.o
                0x0000000000009bbe                tm41_guide
 .rodata.tm93_guide
                0x0000000000009bc3        0x5 CMakeFiles/kiibohd.elf.dir/Macro/PartialMap/macro.c.o
                0x0000000000009bc3                tm93_guide
 .rodata.keyReleaseCLIDict_DescEntry
                0x0000000000009bc8       0x6b CMakeFiles/kiibohd.elf.dir/Macro/PartialMap/macro.c.o
                0x0000000000009bc8                keyReleaseCLIDict_DescEntry
 .rodata.tm65_guide
                0x0000000000009c33        0x5 CMakeFiles/kiibohd.elf.dir/Macro/PartialMap/macro.c.o
                0x0000000000009c33                tm65_guide
 .rodata.tm2_guide
                0x0000000000009c38        0x5 CMakeFiles/kiibohd.elf.dir/Macro/PartialMap/macro.c.o
                0x0000000000009c38                tm2_guide
 .rodata.tm37_guide
                0x0000000000009c3d        0x5 CMakeFiles/kiibohd.elf.dir/Macro/PartialMap/macro.c.o
                0x0000000000009c3d                tm37_guide
 *fill*         0x0000000000009c42        0x2 
 .rodata.default_tl_0x30
                0x0000000000009c44        0x8 CMakeFiles/kiibohd.elf.dir/Macro/PartialMap/macro.c.o
                0x0000000000009c44                default_tl_0x30
 .rodata.default_tl_0x31
                0x0000000000009c4c        0x8 CMakeFiles/kiibohd.elf.dir/Macro/PartialMap/macro.c.o
                0x0000000000009c4c                default_tl_0x31
 .rodata.default_tl_0x32
                0x0000000000009c54        0x8 CMakeFiles/kiibohd.elf.dir/Macro/PartialMap/macro.c.o
                0x0000000000009c54                default_tl_0x32
 .rodata.default_tl_0x33
                0x0000000000009c5c        0x8 CMakeFiles/kiibohd.elf.dir/Macro/PartialMap/macro.c.o
                0x0000000000009c5c                default_tl_0x33
 .rodata.default_tl_0x34
                0x0000000000009c64        0x8 CMakeFiles/kiibohd.elf.dir/Macro/PartialMap/macro.c.o
                0x0000000000009c64                default_tl_0x34
 .rodata.default_tl_0x35
                0x0000000000009c6c        0x8 CMakeFiles/kiibohd.elf.dir/Macro/PartialMap/macro.c.o
                0x0000000000009c6c                default_tl_0x35
 .rodata.tm101_guide
                0x0000000000009c74        0x5 CMakeFiles/kiibohd.elf.dir/Macro/PartialMap/macro.c.o
                0x0000000000009c74                tm101_guide
 *fill*         0x0000000000009c79        0x3 
 .rodata.default_tl_0x37
                0x0000000000009c7c        0x4 CMakeFiles/kiibohd.elf.dir/Macro/PartialMap/macro.c.o
                0x0000000000009c7c                default_tl_0x37
 .rodata.default_tl_0x38
                0x0000000000009c80        0x8 CMakeFiles/kiibohd.elf.dir/Macro/PartialMap/macro.c.o
                0x0000000000009c80                default_tl_0x38
 .rodata.default_tl_0x39
                0x0000000000009c88        0x8 CMakeFiles/kiibohd.elf.dir/Macro/PartialMap/macro.c.o
                0x0000000000009c88                default_tl_0x39
 .rodata.default_tl_0x4E
                0x0000000000009c90        0x8 CMakeFiles/kiibohd.elf.dir/Macro/PartialMap/macro.c.o
                0x0000000000009c90                default_tl_0x4E
 .rodata.default_tl_0x3A
                0x0000000000009c98        0x8 CMakeFiles/kiibohd.elf.dir/Macro/PartialMap/macro.c.o
                0x0000000000009c98                default_tl_0x3A
 .rodata.default_tl_0x3B
                0x0000000000009ca0        0x8 CMakeFiles/kiibohd.elf.dir/Macro/PartialMap/macro.c.o
                0x0000000000009ca0                default_tl_0x3B
 .rodata.default_tl_0x3C
                0x0000000000009ca8        0x8 CMakeFiles/kiibohd.elf.dir/Macro/PartialMap/macro.c.o
                0x0000000000009ca8                default_tl_0x3C
 .rodata.default_tl_0x3D
                0x0000000000009cb0        0x8 CMakeFiles/kiibohd.elf.dir/Macro/PartialMap/macro.c.o
                0x0000000000009cb0                default_tl_0x3D
 .rodata.default_tl_0x3E
                0x0000000000009cb8        0x8 CMakeFiles/kiibohd.elf.dir/Macro/PartialMap/macro.c.o
                0x0000000000009cb8                default_tl_0x3E
 .rodata.default_tl_0x3F
                0x0000000000009cc0        0x4 CMakeFiles/kiibohd.elf.dir/Macro/PartialMap/macro.c.o
                0x0000000000009cc0                default_tl_0x3F
 .rodata.rm81_guide
                0x0000000000009cc4        0x4 CMakeFiles/kiibohd.elf.dir/Macro/PartialMap/macro.c.o
                0x0000000000009cc4                rm81_guide
 .rodata.macroStepCLIDict_DescEntry
                0x0000000000009cc8       0x2c CMakeFiles/kiibohd.elf.dir/Macro/PartialMap/macro.c.o
                0x0000000000009cc8                macroStepCLIDict_DescEntry
 .rodata.rm53_guide
                0x0000000000009cf4        0x4 CMakeFiles/kiibohd.elf.dir/Macro/PartialMap/macro.c.o
                0x0000000000009cf4                rm53_guide
 .rodata.rm25_guide
                0x0000000000009cf8        0x4 CMakeFiles/kiibohd.elf.dir/Macro/PartialMap/macro.c.o
                0x0000000000009cf8                rm25_guide
 .rodata.tm3_guide
                0x0000000000009cfc        0x5 CMakeFiles/kiibohd.elf.dir/Macro/PartialMap/macro.c.o
                0x0000000000009cfc                tm3_guide
 .rodata.rm21_guide
                0x0000000000009d01        0x4 CMakeFiles/kiibohd.elf.dir/Macro/PartialMap/macro.c.o
                0x0000000000009d01                rm21_guide
 .rodata.capSelectCLIDict_DescEntry
                0x0000000000009d05       0x76 CMakeFiles/kiibohd.elf.dir/Macro/PartialMap/macro.c.o
                0x0000000000009d05                capSelectCLIDict_DescEntry
 .rodata.rm77_guide
                0x0000000000009d7b        0x4 CMakeFiles/kiibohd.elf.dir/Macro/PartialMap/macro.c.o
                0x0000000000009d7b                rm77_guide
 .rodata.InterconnectOffsetList
                0x0000000000009d7f        0x2 CMakeFiles/kiibohd.elf.dir/Macro/PartialMap/macro.c.o
                0x0000000000009d7f                InterconnectOffsetList
 .rodata.tm76_guide
                0x0000000000009d81        0x5 CMakeFiles/kiibohd.elf.dir/Macro/PartialMap/macro.c.o
                0x0000000000009d81                tm76_guide
 .rodata.rm49_guide
                0x0000000000009d86        0x4 CMakeFiles/kiibohd.elf.dir/Macro/PartialMap/macro.c.o
                0x0000000000009d86                rm49_guide
 *fill*         0x0000000000009d8a        0x2 
 .rodata.layer1_tl_0x02
                0x0000000000009d8c        0x8 CMakeFiles/kiibohd.elf.dir/Macro/PartialMap/macro.c.o
                0x0000000000009d8c                layer1_tl_0x02
 .rodata.layer1_tl_0x03
                0x0000000000009d94        0x8 CMakeFiles/kiibohd.elf.dir/Macro/PartialMap/macro.c.o
                0x0000000000009d94                layer1_tl_0x03
 .rodata.layer1_tl_0x04
                0x0000000000009d9c        0x8 CMakeFiles/kiibohd.elf.dir/Macro/PartialMap/macro.c.o
                0x0000000000009d9c                layer1_tl_0x04
 .rodata.layer1_tl_0x05
                0x0000000000009da4        0x8 CMakeFiles/kiibohd.elf.dir/Macro/PartialMap/macro.c.o
                0x0000000000009da4                layer1_tl_0x05
 .rodata.layer1_tl_0x06
                0x0000000000009dac        0x8 CMakeFiles/kiibohd.elf.dir/Macro/PartialMap/macro.c.o
                0x0000000000009dac                layer1_tl_0x06
 .rodata.layer1_tl_0x07
                0x0000000000009db4        0x8 CMakeFiles/kiibohd.elf.dir/Macro/PartialMap/macro.c.o
                0x0000000000009db4                layer1_tl_0x07
 .rodata.layer1_tl_0x08
                0x0000000000009dbc        0x4 CMakeFiles/kiibohd.elf.dir/Macro/PartialMap/macro.c.o
                0x0000000000009dbc                layer1_tl_0x08
 .rodata.layer1_tl_0x09
                0x0000000000009dc0        0x4 CMakeFiles/kiibohd.elf.dir/Macro/PartialMap/macro.c.o
                0x0000000000009dc0                layer1_tl_0x09
 .rodata.tm78_guide
                0x0000000000009dc4        0x5 CMakeFiles/kiibohd.elf.dir/Macro/PartialMap/macro.c.o
                0x0000000000009dc4                tm78_guide
 *fill*         0x0000000000009dc9        0x3 
 .rodata.macroCLIDict
                0x0000000000009dcc       0xa8 CMakeFiles/kiibohd.elf.dir/Macro/PartialMap/macro.c.o
                0x0000000000009dcc                macroCLIDict
 .rodata.default_tl_0x40
                0x0000000000009e74        0x4 CMakeFiles/kiibohd.elf.dir/Macro/PartialMap/macro.c.o
                0x0000000000009e74                default_tl_0x40
 .rodata.default_tl_0x41
                0x0000000000009e78        0x4 CMakeFiles/kiibohd.elf.dir/Macro/PartialMap/macro.c.o
                0x0000000000009e78                default_tl_0x41
 .rodata.default_tl_0x42
                0x0000000000009e7c        0x8 CMakeFiles/kiibohd.elf.dir/Macro/PartialMap/macro.c.o
                0x0000000000009e7c                default_tl_0x42
 .rodata.layer1_tl_0x0B
                0x0000000000009e84        0x4 CMakeFiles/kiibohd.elf.dir/Macro/PartialMap/macro.c.o
                0x0000000000009e84                layer1_tl_0x0B
 .rodata.layer1_tl_0x0C
                0x0000000000009e88        0x4 CMakeFiles/kiibohd.elf.dir/Macro/PartialMap/macro.c.o
                0x0000000000009e88                layer1_tl_0x0C
 .rodata.layer1_tl_0x0D
                0x0000000000009e8c        0x4 CMakeFiles/kiibohd.elf.dir/Macro/PartialMap/macro.c.o
                0x0000000000009e8c                layer1_tl_0x0D
 .rodata.layer1_tl_0x0E
                0x0000000000009e90        0x4 CMakeFiles/kiibohd.elf.dir/Macro/PartialMap/macro.c.o
                0x0000000000009e90                layer1_tl_0x0E
 .rodata.layer1_tl_0x0F
                0x0000000000009e94        0x4 CMakeFiles/kiibohd.elf.dir/Macro/PartialMap/macro.c.o
                0x0000000000009e94                layer1_tl_0x0F
 .rodata.default_tl_0x48
                0x0000000000009e98        0x8 CMakeFiles/kiibohd.elf.dir/Macro/PartialMap/macro.c.o
                0x0000000000009e98                default_tl_0x48
 .rodata.default_tl_0x49
                0x0000000000009ea0        0x8 CMakeFiles/kiibohd.elf.dir/Macro/PartialMap/macro.c.o
                0x0000000000009ea0                default_tl_0x49
 .rodata.tm7_guide
                0x0000000000009ea8        0x5 CMakeFiles/kiibohd.elf.dir/Macro/PartialMap/macro.c.o
                0x0000000000009ea8                tm7_guide
 *fill*         0x0000000000009ead        0x3 
 .rodata.default_tl_0x57
                0x0000000000009eb0        0x8 CMakeFiles/kiibohd.elf.dir/Macro/PartialMap/macro.c.o
                0x0000000000009eb0                default_tl_0x57
 .rodata.rm79_guide
                0x0000000000009eb8        0x4 CMakeFiles/kiibohd.elf.dir/Macro/PartialMap/macro.c.o
                0x0000000000009eb8                rm79_guide
 .rodata.default_tl_0x4A
                0x0000000000009ebc        0x8 CMakeFiles/kiibohd.elf.dir/Macro/PartialMap/macro.c.o
                0x0000000000009ebc                default_tl_0x4A
 .rodata.default_tl_0x4B
                0x0000000000009ec4        0x8 CMakeFiles/kiibohd.elf.dir/Macro/PartialMap/macro.c.o
                0x0000000000009ec4                default_tl_0x4B
 .rodata.default_tl_0x4C
                0x0000000000009ecc        0x8 CMakeFiles/kiibohd.elf.dir/Macro/PartialMap/macro.c.o
                0x0000000000009ecc                default_tl_0x4C
 .rodata.default_tl_0x4D
                0x0000000000009ed4        0x8 CMakeFiles/kiibohd.elf.dir/Macro/PartialMap/macro.c.o
                0x0000000000009ed4                default_tl_0x4D
 .rodata.capListCLIDict_DescEntry
                0x0000000000009edc       0x3c CMakeFiles/kiibohd.elf.dir/Macro/PartialMap/macro.c.o
                0x0000000000009edc                capListCLIDict_DescEntry
 .rodata.default_tl_0x4F
                0x0000000000009f18        0x8 CMakeFiles/kiibohd.elf.dir/Macro/PartialMap/macro.c.o
                0x0000000000009f18                default_tl_0x4F
 .rodata.default_tl_0x55
                0x0000000000009f20        0x8 CMakeFiles/kiibohd.elf.dir/Macro/PartialMap/macro.c.o
                0x0000000000009f20                default_tl_0x55
 .rodata.rm70_guide
                0x0000000000009f28        0x4 CMakeFiles/kiibohd.elf.dir/Macro/PartialMap/macro.c.o
                0x0000000000009f28                rm70_guide
 .rodata.tm13_guide
                0x0000000000009f2c        0x5 CMakeFiles/kiibohd.elf.dir/Macro/PartialMap/macro.c.o
                0x0000000000009f2c                tm13_guide
 .rodata.rm42_guide
                0x0000000000009f31        0x4 CMakeFiles/kiibohd.elf.dir/Macro/PartialMap/macro.c.o
                0x0000000000009f31                rm42_guide
 .rodata.rm46_guide
                0x0000000000009f35        0x4 CMakeFiles/kiibohd.elf.dir/Macro/PartialMap/macro.c.o
                0x0000000000009f35                rm46_guide
 *fill*         0x0000000000009f39        0x3 
 .rodata.ResultMacroList
                0x0000000000009f3c      0x198 CMakeFiles/kiibohd.elf.dir/Macro/PartialMap/macro.c.o
                0x0000000000009f3c                ResultMacroList
 .rodata.rm66_guide
                0x000000000000a0d4        0x4 CMakeFiles/kiibohd.elf.dir/Macro/PartialMap/macro.c.o
                0x000000000000a0d4                rm66_guide
 .rodata.default_tl_0x52
                0x000000000000a0d8        0x8 CMakeFiles/kiibohd.elf.dir/Macro/PartialMap/macro.c.o
                0x000000000000a0d8                default_tl_0x52
 .rodata.default_tl_0x53
                0x000000000000a0e0        0x8 CMakeFiles/kiibohd.elf.dir/Macro/PartialMap/macro.c.o
                0x000000000000a0e0                default_tl_0x53
 .rodata.default_tl_0x54
                0x000000000000a0e8        0x8 CMakeFiles/kiibohd.elf.dir/Macro/PartialMap/macro.c.o
                0x000000000000a0e8                default_tl_0x54
 .rodata.tm71_guide
                0x000000000000a0f0        0x5 CMakeFiles/kiibohd.elf.dir/Macro/PartialMap/macro.c.o
                0x000000000000a0f0                tm71_guide
 .rodata.rm5_guide
                0x000000000000a0f5        0x4 CMakeFiles/kiibohd.elf.dir/Macro/PartialMap/macro.c.o
                0x000000000000a0f5                rm5_guide
 *fill*         0x000000000000a0f9        0x3 
 .rodata.default_tl_0x56
                0x000000000000a0fc        0x8 CMakeFiles/kiibohd.elf.dir/Macro/PartialMap/macro.c.o
                0x000000000000a0fc                default_tl_0x56
 .rodata.tm43_guide
                0x000000000000a104        0x5 CMakeFiles/kiibohd.elf.dir/Macro/PartialMap/macro.c.o
                0x000000000000a104                tm43_guide
 *fill*         0x000000000000a109        0x3 
 .rodata.layer1_tl_0x11
                0x000000000000a10c        0x4 CMakeFiles/kiibohd.elf.dir/Macro/PartialMap/macro.c.o
                0x000000000000a10c                layer1_tl_0x11
 .rodata.layer1_tl_0x12
                0x000000000000a110        0x4 CMakeFiles/kiibohd.elf.dir/Macro/PartialMap/macro.c.o
                0x000000000000a110                layer1_tl_0x12
 .rodata.layer1_tl_0x13
                0x000000000000a114        0x4 CMakeFiles/kiibohd.elf.dir/Macro/PartialMap/macro.c.o
                0x000000000000a114                layer1_tl_0x13
 .rodata.layer1_tl_0x14
                0x000000000000a118        0x4 CMakeFiles/kiibohd.elf.dir/Macro/PartialMap/macro.c.o
                0x000000000000a118                layer1_tl_0x14
 .rodata.layer1_tl_0x15
                0x000000000000a11c        0x4 CMakeFiles/kiibohd.elf.dir/Macro/PartialMap/macro.c.o
                0x000000000000a11c                layer1_tl_0x15
 .rodata.layer1_tl_0x16
                0x000000000000a120        0x4 CMakeFiles/kiibohd.elf.dir/Macro/PartialMap/macro.c.o
                0x000000000000a120                layer1_tl_0x16
 .rodata.layer1_tl_0x17
                0x000000000000a124        0x4 CMakeFiles/kiibohd.elf.dir/Macro/PartialMap/macro.c.o
                0x000000000000a124                layer1_tl_0x17
 .rodata.tm4_guide
                0x000000000000a128        0x5 CMakeFiles/kiibohd.elf.dir/Macro/PartialMap/macro.c.o
                0x000000000000a128                tm4_guide
 *fill*         0x000000000000a12d        0x3 
 .rodata.layer1_tl_0x19
                0x000000000000a130        0x4 CMakeFiles/kiibohd.elf.dir/Macro/PartialMap/macro.c.o
                0x000000000000a130                layer1_tl_0x19
 .rodata.tm39_guide
                0x000000000000a134        0x5 CMakeFiles/kiibohd.elf.dir/Macro/PartialMap/macro.c.o
                0x000000000000a134                tm39_guide
 *fill*         0x000000000000a139        0x3 
 .rodata.default_tl_0x50
                0x000000000000a13c        0x8 CMakeFiles/kiibohd.elf.dir/Macro/PartialMap/macro.c.o
                0x000000000000a13c                default_tl_0x50
 .rodata.default_tl_0x51
                0x000000000000a144        0x8 CMakeFiles/kiibohd.elf.dir/Macro/PartialMap/macro.c.o
                0x000000000000a144                default_tl_0x51
 .rodata.layer1_tl_0x1A
                0x000000000000a14c        0x4 CMakeFiles/kiibohd.elf.dir/Macro/PartialMap/macro.c.o
                0x000000000000a14c                layer1_tl_0x1A
 .rodata.layer1_tl_0x1B
                0x000000000000a150        0x4 CMakeFiles/kiibohd.elf.dir/Macro/PartialMap/macro.c.o
                0x000000000000a150                layer1_tl_0x1B
 .rodata.layer1_tl_0x1C
                0x000000000000a154        0x4 CMakeFiles/kiibohd.elf.dir/Macro/PartialMap/macro.c.o
                0x000000000000a154                layer1_tl_0x1C
 .rodata.layer1_tl_0x1D
                0x000000000000a158        0x4 CMakeFiles/kiibohd.elf.dir/Macro/PartialMap/macro.c.o
                0x000000000000a158                layer1_tl_0x1D
 .rodata.layer1_tl_0x1E
                0x000000000000a15c        0x4 CMakeFiles/kiibohd.elf.dir/Macro/PartialMap/macro.c.o
                0x000000000000a15c                layer1_tl_0x1E
 .rodata.layer1_tl_0x1F
                0x000000000000a160        0x4 CMakeFiles/kiibohd.elf.dir/Macro/PartialMap/macro.c.o
                0x000000000000a160                layer1_tl_0x1F
 .rodata.default_tl_0x58
                0x000000000000a164        0x8 CMakeFiles/kiibohd.elf.dir/Macro/PartialMap/macro.c.o
                0x000000000000a164                default_tl_0x58
 .rodata.default_tl_0x59
                0x000000000000a16c        0x8 CMakeFiles/kiibohd.elf.dir/Macro/PartialMap/macro.c.o
                0x000000000000a16c                default_tl_0x59
 .rodata.rm94_guide
                0x000000000000a174        0x4 CMakeFiles/kiibohd.elf.dir/Macro/PartialMap/macro.c.o
                0x000000000000a174                rm94_guide
 .rodata.tm97_guide
                0x000000000000a178        0x5 CMakeFiles/kiibohd.elf.dir/Macro/PartialMap/macro.c.o
                0x000000000000a178                tm97_guide
 .rodata.tm95_guide
                0x000000000000a17d        0x5 CMakeFiles/kiibohd.elf.dir/Macro/PartialMap/macro.c.o
                0x000000000000a17d                tm95_guide
 .rodata.tm30_guide
                0x000000000000a182        0x5 CMakeFiles/kiibohd.elf.dir/Macro/PartialMap/macro.c.o
                0x000000000000a182                tm30_guide
 .rodata.rm31_guide
                0x000000000000a187        0x4 CMakeFiles/kiibohd.elf.dir/Macro/PartialMap/macro.c.o
                0x000000000000a187                rm31_guide
 .rodata.rm83_guide
                0x000000000000a18b        0x4 CMakeFiles/kiibohd.elf.dir/Macro/PartialMap/macro.c.o
                0x000000000000a18b                rm83_guide
 .rodata.rm55_guide
                0x000000000000a18f        0x4 CMakeFiles/kiibohd.elf.dir/Macro/PartialMap/macro.c.o
                0x000000000000a18f                rm55_guide
 .rodata.rm27_guide
                0x000000000000a193        0x4 CMakeFiles/kiibohd.elf.dir/Macro/PartialMap/macro.c.o
                0x000000000000a193                rm27_guide
 .rodata.tm60_guide
                0x000000000000a197        0x5 CMakeFiles/kiibohd.elf.dir/Macro/PartialMap/macro.c.o
                0x000000000000a197                tm60_guide
 .rodata.tm84_guide
                0x000000000000a19c        0x5 CMakeFiles/kiibohd.elf.dir/Macro/PartialMap/macro.c.o
                0x000000000000a19c                tm84_guide
 *fill*         0x000000000000a1a1        0x3 
 .rodata.layer1_tl_0x20
                0x000000000000a1a4        0x4 CMakeFiles/kiibohd.elf.dir/Macro/PartialMap/macro.c.o
                0x000000000000a1a4                layer1_tl_0x20
 .rodata.layer1_tl_0x21
                0x000000000000a1a8        0x4 CMakeFiles/kiibohd.elf.dir/Macro/PartialMap/macro.c.o
                0x000000000000a1a8                layer1_tl_0x21
 .rodata.tm56_guide
                0x000000000000a1ac        0x5 CMakeFiles/kiibohd.elf.dir/Macro/PartialMap/macro.c.o
                0x000000000000a1ac                tm56_guide
 *fill*         0x000000000000a1b1        0x3 
 .rodata.layer1_tl_0x23
                0x000000000000a1b4        0x4 CMakeFiles/kiibohd.elf.dir/Macro/PartialMap/macro.c.o
                0x000000000000a1b4                layer1_tl_0x23
 .rodata.layer1_tl_0x24
                0x000000000000a1b8        0x4 CMakeFiles/kiibohd.elf.dir/Macro/PartialMap/macro.c.o
                0x000000000000a1b8                layer1_tl_0x24
 .rodata.tm28_guide
                0x000000000000a1bc        0x5 CMakeFiles/kiibohd.elf.dir/Macro/PartialMap/macro.c.o
                0x000000000000a1bc                tm28_guide
 *fill*         0x000000000000a1c1        0x3 
 .rodata.layer1_tl_0x26
                0x000000000000a1c4        0x4 CMakeFiles/kiibohd.elf.dir/Macro/PartialMap/macro.c.o
                0x000000000000a1c4                layer1_tl_0x26
 .rodata.layer1_tl_0x27
                0x000000000000a1c8        0x4 CMakeFiles/kiibohd.elf.dir/Macro/PartialMap/macro.c.o
                0x000000000000a1c8                layer1_tl_0x27
 .rodata.layer1_tl_0x28
                0x000000000000a1cc        0x4 CMakeFiles/kiibohd.elf.dir/Macro/PartialMap/macro.c.o
                0x000000000000a1cc                layer1_tl_0x28
 .rodata.layer1_tl_0x29
                0x000000000000a1d0        0x4 CMakeFiles/kiibohd.elf.dir/Macro/PartialMap/macro.c.o
                0x000000000000a1d0                layer1_tl_0x29
 .rodata.layer1_tl_0x2A
                0x000000000000a1d4        0x4 CMakeFiles/kiibohd.elf.dir/Macro/PartialMap/macro.c.o
                0x000000000000a1d4                layer1_tl_0x2A
 .rodata.layer1_tl_0x0A
                0x000000000000a1d8        0x4 CMakeFiles/kiibohd.elf.dir/Macro/PartialMap/macro.c.o
                0x000000000000a1d8                layer1_tl_0x0A
 .rodata.layer1_tl_0x2C
                0x000000000000a1dc        0x4 CMakeFiles/kiibohd.elf.dir/Macro/PartialMap/macro.c.o
                0x000000000000a1dc                layer1_tl_0x2C
 .rodata.layer1_tl_0x2D
                0x000000000000a1e0        0x4 CMakeFiles/kiibohd.elf.dir/Macro/PartialMap/macro.c.o
                0x000000000000a1e0                layer1_tl_0x2D
 .rodata.layer1_tl_0x2E
                0x000000000000a1e4        0x4 CMakeFiles/kiibohd.elf.dir/Macro/PartialMap/macro.c.o
                0x000000000000a1e4                layer1_tl_0x2E
 .rodata.layer1_tl_0x2F
                0x000000000000a1e8        0x8 CMakeFiles/kiibohd.elf.dir/Macro/PartialMap/macro.c.o
                0x000000000000a1e8                layer1_tl_0x2F
 .rodata.tm103_guide
                0x000000000000a1f0        0x5 CMakeFiles/kiibohd.elf.dir/Macro/PartialMap/macro.c.o
                0x000000000000a1f0                tm103_guide
 *fill*         0x000000000000a1f5        0x3 
 .rodata.CapabilitiesList
                0x000000000000a1f8       0x78 CMakeFiles/kiibohd.elf.dir/Macro/PartialMap/macro.c.o
                0x000000000000a1f8                CapabilitiesList
 .rodata.keyPressCLIDict_DescEntry
                0x000000000000a270       0x6e CMakeFiles/kiibohd.elf.dir/Macro/PartialMap/macro.c.o
                0x000000000000a270                keyPressCLIDict_DescEntry
 .rodata.rm72_guide
                0x000000000000a2de        0x4 CMakeFiles/kiibohd.elf.dir/Macro/PartialMap/macro.c.o
                0x000000000000a2de                rm72_guide
 .rodata.tm15_guide
                0x000000000000a2e2        0x5 CMakeFiles/kiibohd.elf.dir/Macro/PartialMap/macro.c.o
                0x000000000000a2e2                tm15_guide
 .rodata.rm44_guide
                0x000000000000a2e7        0x4 CMakeFiles/kiibohd.elf.dir/Macro/PartialMap/macro.c.o
                0x000000000000a2e7                rm44_guide
 .rodata.rm16_guide
                0x000000000000a2eb        0x4 CMakeFiles/kiibohd.elf.dir/Macro/PartialMap/macro.c.o
                0x000000000000a2eb                rm16_guide
 .rodata.rm68_guide
                0x000000000000a2ef        0x4 CMakeFiles/kiibohd.elf.dir/Macro/PartialMap/macro.c.o
                0x000000000000a2ef                rm68_guide
 .rodata.tm87_guide
                0x000000000000a2f3        0x5 CMakeFiles/kiibohd.elf.dir/Macro/PartialMap/macro.c.o
                0x000000000000a2f3                tm87_guide
 .rodata.rm26_guide
                0x000000000000a2f8        0x4 CMakeFiles/kiibohd.elf.dir/Macro/PartialMap/macro.c.o
                0x000000000000a2f8                rm26_guide
 .rodata.tm73_guide
                0x000000000000a2fc        0x5 CMakeFiles/kiibohd.elf.dir/Macro/PartialMap/macro.c.o
                0x000000000000a2fc                tm73_guide
 .rodata.rm7_guide
                0x000000000000a301        0x4 CMakeFiles/kiibohd.elf.dir/Macro/PartialMap/macro.c.o
                0x000000000000a301                rm7_guide
 .rodata.tm45_guide
                0x000000000000a305        0x5 CMakeFiles/kiibohd.elf.dir/Macro/PartialMap/macro.c.o
                0x000000000000a305                tm45_guide
 .rodata.tm17_guide
                0x000000000000a30a        0x5 CMakeFiles/kiibohd.elf.dir/Macro/PartialMap/macro.c.o
                0x000000000000a30a                tm17_guide
 *fill*         0x000000000000a30f        0x1 
 .rodata.layer1_tl_0x31
                0x000000000000a310        0x8 CMakeFiles/kiibohd.elf.dir/Macro/PartialMap/macro.c.o
                0x000000000000a310                layer1_tl_0x31
 .rodata.layer1_tl_0x32
                0x000000000000a318        0x8 CMakeFiles/kiibohd.elf.dir/Macro/PartialMap/macro.c.o
                0x000000000000a318                layer1_tl_0x32
 .rodata.layer1_tl_0x33
                0x000000000000a320        0x8 CMakeFiles/kiibohd.elf.dir/Macro/PartialMap/macro.c.o
                0x000000000000a320                layer1_tl_0x33
 .rodata.tm69_guide
                0x000000000000a328        0x5 CMakeFiles/kiibohd.elf.dir/Macro/PartialMap/macro.c.o
                0x000000000000a328                tm69_guide
 .rodata.rm98_guide
                0x000000000000a32d        0x3 CMakeFiles/kiibohd.elf.dir/Macro/PartialMap/macro.c.o
                0x000000000000a32d                rm98_guide
 .rodata.tm35_guide
                0x000000000000a330        0x5 CMakeFiles/kiibohd.elf.dir/Macro/PartialMap/macro.c.o
                0x000000000000a330                tm35_guide
 .rodata.tm105_guide
                0x000000000000a335        0x5 CMakeFiles/kiibohd.elf.dir/Macro/PartialMap/macro.c.o
                0x000000000000a335                tm105_guide
 .rodata.tm11_guide
                0x000000000000a33a        0x5 CMakeFiles/kiibohd.elf.dir/Macro/PartialMap/macro.c.o
                0x000000000000a33a                tm11_guide
 .rodata.rm38_guide
                0x000000000000a33f        0x4 CMakeFiles/kiibohd.elf.dir/Macro/PartialMap/macro.c.o
                0x000000000000a33f                rm38_guide
 .rodata.tm48_guide
                0x000000000000a343        0x5 CMakeFiles/kiibohd.elf.dir/Macro/PartialMap/macro.c.o
                0x000000000000a343                tm48_guide
 .rodata.macroDebugCLIDict_DescEntry
                0x000000000000a348       0x51 CMakeFiles/kiibohd.elf.dir/Macro/PartialMap/macro.c.o
                0x000000000000a348                macroDebugCLIDict_DescEntry
 .rodata.tm99_guide
                0x000000000000a399        0x5 CMakeFiles/kiibohd.elf.dir/Macro/PartialMap/macro.c.o
                0x000000000000a399                tm99_guide
 .rodata.rm80_guide
                0x000000000000a39e        0x4 CMakeFiles/kiibohd.elf.dir/Macro/PartialMap/macro.c.o
                0x000000000000a39e                rm80_guide
 .rodata.tm54_guide
                0x000000000000a3a2        0x5 CMakeFiles/kiibohd.elf.dir/Macro/PartialMap/macro.c.o
                0x000000000000a3a2                tm54_guide
 .rodata.tm32_guide
                0x000000000000a3a7        0x5 CMakeFiles/kiibohd.elf.dir/Macro/PartialMap/macro.c.o
                0x000000000000a3a7                tm32_guide
 .rodata.rm61_guide
                0x000000000000a3ac        0x4 CMakeFiles/kiibohd.elf.dir/Macro/PartialMap/macro.c.o
                0x000000000000a3ac                rm61_guide
 .rodata.rm33_guide
                0x000000000000a3b0        0x4 CMakeFiles/kiibohd.elf.dir/Macro/PartialMap/macro.c.o
                0x000000000000a3b0                rm33_guide
 .rodata.rm14_guide
                0x000000000000a3b4        0x4 CMakeFiles/kiibohd.elf.dir/Macro/PartialMap/macro.c.o
                0x000000000000a3b4                rm14_guide
 .rodata.rm85_guide
                0x000000000000a3b8        0x4 CMakeFiles/kiibohd.elf.dir/Macro/PartialMap/macro.c.o
                0x000000000000a3b8                rm85_guide
 .rodata.rm57_guide
                0x000000000000a3bc        0x4 CMakeFiles/kiibohd.elf.dir/Macro/PartialMap/macro.c.o
                0x000000000000a3bc                rm57_guide
 .rodata.rm29_guide
                0x000000000000a3c0        0x4 CMakeFiles/kiibohd.elf.dir/Macro/PartialMap/macro.c.o
                0x000000000000a3c0                rm29_guide
 .rodata.layer1_tl_0x10
                0x000000000000a3c4        0x4 CMakeFiles/kiibohd.elf.dir/Macro/PartialMap/macro.c.o
                0x000000000000a3c4                layer1_tl_0x10
 .rodata.tm90_guide
                0x000000000000a3c8        0x5 CMakeFiles/kiibohd.elf.dir/Macro/PartialMap/macro.c.o
                0x000000000000a3c8                tm90_guide
 .rodata.tm62_guide
                0x000000000000a3cd        0x5 CMakeFiles/kiibohd.elf.dir/Macro/PartialMap/macro.c.o
                0x000000000000a3cd                tm62_guide
 *fill*         0x000000000000a3d2        0x2 
 .rodata.TriggerMacroList
                0x000000000000a3d4      0x360 CMakeFiles/kiibohd.elf.dir/Macro/PartialMap/macro.c.o
                0x000000000000a3d4                TriggerMacroList
 .rodata.tm34_guide
                0x000000000000a734        0x5 CMakeFiles/kiibohd.elf.dir/Macro/PartialMap/macro.c.o
                0x000000000000a734                tm34_guide
 .rodata.rm37_guide
                0x000000000000a739        0x4 CMakeFiles/kiibohd.elf.dir/Macro/PartialMap/macro.c.o
                0x000000000000a739                rm37_guide
 .rodata.tm86_guide
                0x000000000000a73d        0x5 CMakeFiles/kiibohd.elf.dir/Macro/PartialMap/macro.c.o
                0x000000000000a73d                tm86_guide
 .rodata.tm58_guide
                0x000000000000a742        0x5 CMakeFiles/kiibohd.elf.dir/Macro/PartialMap/macro.c.o
                0x000000000000a742                tm58_guide
 *fill*         0x000000000000a747        0x1 
 .rodata.layer1_tl_0x18
                0x000000000000a748        0x4 CMakeFiles/kiibohd.elf.dir/Macro/PartialMap/macro.c.o
                0x000000000000a748                layer1_tl_0x18
 .rodata.tm6_guide
                0x000000000000a74c        0x5 CMakeFiles/kiibohd.elf.dir/Macro/PartialMap/macro.c.o
                0x000000000000a74c                tm6_guide
 .rodata.rm18_guide
                0x000000000000a751        0x4 CMakeFiles/kiibohd.elf.dir/Macro/PartialMap/macro.c.o
                0x000000000000a751                rm18_guide
 .rodata.rm20_guide
                0x000000000000a755        0x4 CMakeFiles/kiibohd.elf.dir/Macro/PartialMap/macro.c.o
                0x000000000000a755                rm20_guide
 .rodata.tm21_guide
                0x000000000000a759        0x5 CMakeFiles/kiibohd.elf.dir/Macro/PartialMap/macro.c.o
                0x000000000000a759                tm21_guide
 .rodata.rm50_guide
                0x000000000000a75e        0x4 CMakeFiles/kiibohd.elf.dir/Macro/PartialMap/macro.c.o
                0x000000000000a75e                rm50_guide
 *fill*         0x000000000000a762        0x2 
 .rodata.layer2_tl_0x08
                0x000000000000a764        0x8 CMakeFiles/kiibohd.elf.dir/Macro/PartialMap/macro.c.o
                0x000000000000a764                layer2_tl_0x08
 .rodata.layer2_tl_0x09
                0x000000000000a76c        0x4 CMakeFiles/kiibohd.elf.dir/Macro/PartialMap/macro.c.o
                0x000000000000a76c                layer2_tl_0x09
 .rodata.rm22_guide
                0x000000000000a770        0x4 CMakeFiles/kiibohd.elf.dir/Macro/PartialMap/macro.c.o
                0x000000000000a770                rm22_guide
 .rodata.rm74_guide
                0x000000000000a774        0x4 CMakeFiles/kiibohd.elf.dir/Macro/PartialMap/macro.c.o
                0x000000000000a774                rm74_guide
 .rodata.layer2_tl_0x0A
                0x000000000000a778        0x4 CMakeFiles/kiibohd.elf.dir/Macro/PartialMap/macro.c.o
                0x000000000000a778                layer2_tl_0x0A
 .rodata.layer2_tl_0x0B
                0x000000000000a77c        0x4 CMakeFiles/kiibohd.elf.dir/Macro/PartialMap/macro.c.o
                0x000000000000a77c                layer2_tl_0x0B
 .rodata.layer2_tl_0x0C
                0x000000000000a780        0x4 CMakeFiles/kiibohd.elf.dir/Macro/PartialMap/macro.c.o
                0x000000000000a780                layer2_tl_0x0C
 .rodata.layer2_tl_0x0D
                0x000000000000a784        0x4 CMakeFiles/kiibohd.elf.dir/Macro/PartialMap/macro.c.o
                0x000000000000a784                layer2_tl_0x0D
 .rodata.layer2_tl_0x0E
                0x000000000000a788        0x4 CMakeFiles/kiibohd.elf.dir/Macro/PartialMap/macro.c.o
                0x000000000000a788                layer2_tl_0x0E
 .rodata.layer2_tl_0x0F
                0x000000000000a78c        0x4 CMakeFiles/kiibohd.elf.dir/Macro/PartialMap/macro.c.o
                0x000000000000a78c                layer2_tl_0x0F
 .rodata.tm0_guide
                0x000000000000a790        0x5 CMakeFiles/kiibohd.elf.dir/Macro/PartialMap/macro.c.o
                0x000000000000a790                tm0_guide
 .rodata.tm51_guide
                0x000000000000a795        0x5 CMakeFiles/kiibohd.elf.dir/Macro/PartialMap/macro.c.o
                0x000000000000a795                tm51_guide
 .rodata.rm12_guide
                0x000000000000a79a        0x4 CMakeFiles/kiibohd.elf.dir/Macro/PartialMap/macro.c.o
                0x000000000000a79a                rm12_guide
 .rodata.tm75_guide
                0x000000000000a79e        0x5 CMakeFiles/kiibohd.elf.dir/Macro/PartialMap/macro.c.o
                0x000000000000a79e                tm75_guide
 .rodata.rm9_guide
                0x000000000000a7a3        0x4 CMakeFiles/kiibohd.elf.dir/Macro/PartialMap/macro.c.o
                0x000000000000a7a3                rm9_guide
 .rodata.tm67_guide
                0x000000000000a7a7        0x5 CMakeFiles/kiibohd.elf.dir/Macro/PartialMap/macro.c.o
                0x000000000000a7a7                tm67_guide
 .rodata.tm47_guide
                0x000000000000a7ac        0x5 CMakeFiles/kiibohd.elf.dir/Macro/PartialMap/macro.c.o
                0x000000000000a7ac                tm47_guide
 .rodata.tm19_guide
                0x000000000000a7b1        0x5 CMakeFiles/kiibohd.elf.dir/Macro/PartialMap/macro.c.o
                0x000000000000a7b1                tm19_guide
 .rodata.tm8_guide
                0x000000000000a7b6        0x5 CMakeFiles/kiibohd.elf.dir/Macro/PartialMap/macro.c.o
                0x000000000000a7b6                tm8_guide
 .rodata.tm107_guide
                0x000000000000a7bb        0x5 CMakeFiles/kiibohd.elf.dir/Macro/PartialMap/macro.c.o
                0x000000000000a7bb                tm107_guide
 .rodata.rm101_guide
                0x000000000000a7c0        0x4 CMakeFiles/kiibohd.elf.dir/Macro/PartialMap/macro.c.o
                0x000000000000a7c0                rm101_guide
 .rodata.layer2_tl_0x10
                0x000000000000a7c4        0x4 CMakeFiles/kiibohd.elf.dir/Macro/PartialMap/macro.c.o
                0x000000000000a7c4                layer2_tl_0x10
 .rodata.tm10_guide
                0x000000000000a7c8        0x5 CMakeFiles/kiibohd.elf.dir/Macro/PartialMap/macro.c.o
                0x000000000000a7c8                tm10_guide
 *fill*         0x000000000000a7cd        0x3 
 .rodata.layer2_tl_0x12
                0x000000000000a7d0        0x4 CMakeFiles/kiibohd.elf.dir/Macro/PartialMap/macro.c.o
                0x000000000000a7d0                layer2_tl_0x12
 .rodata.layer2_tl_0x13
                0x000000000000a7d4        0x4 CMakeFiles/kiibohd.elf.dir/Macro/PartialMap/macro.c.o
                0x000000000000a7d4                layer2_tl_0x13
 .rodata.layer2_tl_0x14
                0x000000000000a7d8        0x4 CMakeFiles/kiibohd.elf.dir/Macro/PartialMap/macro.c.o
                0x000000000000a7d8                layer2_tl_0x14
 .rodata.layer2_tl_0x15
                0x000000000000a7dc        0x4 CMakeFiles/kiibohd.elf.dir/Macro/PartialMap/macro.c.o
                0x000000000000a7dc                layer2_tl_0x15
 .rodata.layer2_tl_0x11
                0x000000000000a7e0        0x4 CMakeFiles/kiibohd.elf.dir/Macro/PartialMap/macro.c.o
                0x000000000000a7e0                layer2_tl_0x11
 .rodata.layer2_tl_0x17
                0x000000000000a7e4        0x4 CMakeFiles/kiibohd.elf.dir/Macro/PartialMap/macro.c.o
                0x000000000000a7e4                layer2_tl_0x17
 .rodata.layer2_tl_0x18
                0x000000000000a7e8        0x4 CMakeFiles/kiibohd.elf.dir/Macro/PartialMap/macro.c.o
                0x000000000000a7e8                layer2_tl_0x18
 .rodata.layer2_tl_0x19
                0x000000000000a7ec        0x4 CMakeFiles/kiibohd.elf.dir/Macro/PartialMap/macro.c.o
                0x000000000000a7ec                layer2_tl_0x19
 .rodata.rm35_guide
                0x000000000000a7f0        0x4 CMakeFiles/kiibohd.elf.dir/Macro/PartialMap/macro.c.o
                0x000000000000a7f0                rm35_guide
 .rodata.keyHoldCLIDict_DescEntry
                0x000000000000a7f4       0x6d CMakeFiles/kiibohd.elf.dir/Macro/PartialMap/macro.c.o
                0x000000000000a7f4                keyHoldCLIDict_DescEntry
 *fill*         0x000000000000a861        0x3 
 .rodata.layer2_tl_0x16
                0x000000000000a864        0x4 CMakeFiles/kiibohd.elf.dir/Macro/PartialMap/macro.c.o
                0x000000000000a864                layer2_tl_0x16
 .rodata.layer2_tl_0x1A
                0x000000000000a868        0x4 CMakeFiles/kiibohd.elf.dir/Macro/PartialMap/macro.c.o
                0x000000000000a868                layer2_tl_0x1A
 .rodata.layer2_tl_0x1B
                0x000000000000a86c        0x4 CMakeFiles/kiibohd.elf.dir/Macro/PartialMap/macro.c.o
                0x000000000000a86c                layer2_tl_0x1B
 .rodata.layer2_tl_0x1C
                0x000000000000a870        0x4 CMakeFiles/kiibohd.elf.dir/Macro/PartialMap/macro.c.o
                0x000000000000a870                layer2_tl_0x1C
 .rodata.layer2_tl_0x1D
                0x000000000000a874        0x4 CMakeFiles/kiibohd.elf.dir/Macro/PartialMap/macro.c.o
                0x000000000000a874                layer2_tl_0x1D
 .rodata.tm55_guide
                0x000000000000a878        0x5 CMakeFiles/kiibohd.elf.dir/Macro/PartialMap/macro.c.o
                0x000000000000a878                tm55_guide
 *fill*         0x000000000000a87d        0x3 
 .rodata.layer2_tl_0x1F
                0x000000000000a880        0x4 CMakeFiles/kiibohd.elf.dir/Macro/PartialMap/macro.c.o
                0x000000000000a880                layer2_tl_0x1F
 .rodata.layerDebugCLIDict_DescEntry
                0x000000000000a884       0x35 CMakeFiles/kiibohd.elf.dir/Macro/PartialMap/macro.c.o
                0x000000000000a884                layerDebugCLIDict_DescEntry
 .rodata.tm92_guide