
Allocating common symbols
Common symbol       size              file

uart_tx_buf         0x106             CMakeFiles/kiibohd.elf.dir/Scan/UARTConnect/connect_scan.c.o
Connect_receive_RemoteCapabilityBuffer
                    0x6               CMakeFiles/kiibohd.elf.dir/Scan/UARTConnect/connect_scan.c.o
CLIHexDebugMode     0x1               CMakeFiles/kiibohd.elf.dir/main.c.o
CLIHistoryCurrent   0x1               CMakeFiles/kiibohd.elf.dir/main.c.o
usb_rx_byte_count_data
                    0x10              CMakeFiles/kiibohd.elf.dir/Output/pjrcUSB/arm/usb_dev.c.o
CLILEDState         0x1               CMakeFiles/kiibohd.elf.dir/main.c.o
CLIDictionariesUsed
                    0x1               CMakeFiles/kiibohd.elf.dir/main.c.o
Macro_rotationLayer
                    0x2               CMakeFiles/kiibohd.elf.dir/Macro/PartialMap/macro.c.o
CLIHistoryBuffer    0x3e8             CMakeFiles/kiibohd.elf.dir/main.c.o
uart_tx_status      0x4               CMakeFiles/kiibohd.elf.dir/Scan/UARTConnect/connect_scan.c.o
USBKeys_SysCtrl     0x1               CMakeFiles/kiibohd.elf.dir/Output/pjrcUSB/output_com.c.o
Matrix_scanArray    0x13b             CMakeFiles/kiibohd.elf.dir/Scan/MatrixARM/matrix_scan.c.o
CLILineBuffer       0x65              CMakeFiles/kiibohd.elf.dir/main.c.o
I2C_RxBufferPtr     0x12c             CMakeFiles/kiibohd.elf.dir/Scan/ISSILed/led_scan.c.o
macroTriggerListBuffer
                    0x10b             CMakeFiles/kiibohd.elf.dir/Macro/PartialMap/macro.c.o
ResultMacroRecordList
                    0xcf              CMakeFiles/kiibohd.elf.dir/Macro/PartialMap/macro.c.o
CLIHistoryHead      0x1               CMakeFiles/kiibohd.elf.dir/main.c.o
LayerState          0x2               CMakeFiles/kiibohd.elf.dir/Macro/PartialMap/macro.c.o
Connect_receive_RemoteCapabilityArgs
                    0x19              CMakeFiles/kiibohd.elf.dir/Scan/UARTConnect/connect_scan.c.o
usb_joystick_data   0xc               CMakeFiles/kiibohd.elf.dir/Output/pjrcUSB/arm/usb_joystick.c.o
USBKeys_Keys        0x1b              CMakeFiles/kiibohd.elf.dir/Output/pjrcUSB/output_com.c.o
Connect_receive_ScanCodeDeviceId
                    0x1               CMakeFiles/kiibohd.elf.dir/Scan/UARTConnect/connect_scan.c.o
uart_rx_status      0x8               CMakeFiles/kiibohd.elf.dir/Scan/UARTConnect/connect_scan.c.o
LED_pageBuffer      0x92              CMakeFiles/kiibohd.elf.dir/Scan/ISSILed/led_scan.c.o
uart_rx_buf         0x104             CMakeFiles/kiibohd.elf.dir/Scan/UARTConnect/connect_scan.c.o
macroTriggerListLayerCache
                    0x59              CMakeFiles/kiibohd.elf.dir/Macro/PartialMap/macro.c.o
I2C_TxBufferPtr     0x12c             CMakeFiles/kiibohd.elf.dir/Scan/ISSILed/led_scan.c.o
Connect_receive_ScanCodeBuffer
                    0x3               CMakeFiles/kiibohd.elf.dir/Scan/UARTConnect/connect_scan.c.o
CLIDict             0x28              CMakeFiles/kiibohd.elf.dir/main.c.o
LCD_layerStackExact
                    0x8               CMakeFiles/kiibohd.elf.dir/Scan/STLcd/lcd_scan.c.o
CLIHistoryTail      0x1               CMakeFiles/kiibohd.elf.dir/main.c.o
USBKeys_KeysCLI     0x1b              CMakeFiles/kiibohd.elf.dir/Output/pjrcUSB/output_com.c.o
macroInterconnectCache
                    0x10b             CMakeFiles/kiibohd.elf.dir/Macro/PartialMap/macro.c.o
CLIDictNames        0x28              CMakeFiles/kiibohd.elf.dir/main.c.o
Connect_receive_ScanCodeBufferPos
                    0x1               CMakeFiles/kiibohd.elf.dir/Scan/UARTConnect/connect_scan.c.o
CLILineBufferCurrent
                    0x1               CMakeFiles/kiibohd.elf.dir/main.c.o
USBKeys_ConsCtrl    0x2               CMakeFiles/kiibohd.elf.dir/Output/pjrcUSB/output_com.c.o
TriggerMacroRecordList
                    0x98              CMakeFiles/kiibohd.elf.dir/Macro/PartialMap/macro.c.o

Discarded input sections

 .group         0x0000000000000000        0x8 CMakeFiles/kiibohd.elf.dir/main.c.o
 .group         0x0000000000000000        0x8 CMakeFiles/kiibohd.elf.dir/main.c.o
 .group         0x0000000000000000        0x8 CMakeFiles/kiibohd.elf.dir/main.c.o
 .group         0x0000000000000000        0x8 CMakeFiles/kiibohd.elf.dir/main.c.o
 .group         0x0000000000000000        0x8 CMakeFiles/kiibohd.elf.dir/main.c.o
 .group         0x0000000000000000        0x8 CMakeFiles/kiibohd.elf.dir/main.c.o
 .group         0x0000000000000000        0x8 CMakeFiles/kiibohd.elf.dir/main.c.o
 .group         0x0000000000000000        0x8 CMakeFiles/kiibohd.elf.dir/main.c.o
 .group         0x0000000000000000        0x8 CMakeFiles/kiibohd.elf.dir/main.c.o
 .group         0x0000000000000000        0x8 CMakeFiles/kiibohd.elf.dir/main.c.o
 .group         0x0000000000000000        0x8 CMakeFiles/kiibohd.elf.dir/main.c.o
 .group         0x0000000000000000        0x8 CMakeFiles/kiibohd.elf.dir/main.c.o
 .group         0x0000000000000000        0x8 CMakeFiles/kiibohd.elf.dir/main.c.o
[...]
Memory Configuration

Name             Origin             Length             Attributes
FLASH            0x0000000000002000 0x000000000003e000 xr
RAM              0x000000001fff8000 0x0000000000010000 xrw
*default*        0x0000000000000000 0xffffffffffffffff

Linker script and memory map

LOAD CMakeFiles/kiibohd.elf.dir/main.c.o
LOAD CMakeFiles/kiibohd.elf.dir/Lib/mk20dx.c.o
LOAD CMakeFiles/kiibohd.elf.dir/Lib/delay.c.o
LOAD CMakeFiles/kiibohd.elf.dir/Scan/ISSILed/led_scan.c.o
LOAD CMakeFiles/kiibohd.elf.dir/Scan/MatrixARM/matrix_scan.c.o
LOAD CMakeFiles/kiibohd.elf.dir/Scan/STLcd/lcd_scan.c.o
LOAD CMakeFiles/kiibohd.elf.dir/Scan/UARTConnect/connect_scan.c.o
LOAD CMakeFiles/kiibohd.elf.dir/Scan/MDErgo1/scan_loop.c.o
LOAD CMakeFiles/kiibohd.elf.dir/Macro/PartialMap/macro.c.o
LOAD CMakeFiles/kiibohd.elf.dir/Output/pjrcUSB/output_com.c.o
LOAD CMakeFiles/kiibohd.elf.dir/Output/pjrcUSB/arm/usb_desc.c.o
LOAD CMakeFiles/kiibohd.elf.dir/Output/pjrcUSB/arm/usb_dev.c.o
LOAD CMakeFiles/kiibohd.elf.dir/Output/pjrcUSB/arm/usb_joystick.c.o
LOAD CMakeFiles/kiibohd.elf.dir/Output/pjrcUSB/arm/usb_keyboard.c.o
LOAD CMakeFiles/kiibohd.elf.dir/Output/pjrcUSB/arm/usb_mem.c.o
LOAD CMakeFiles/kiibohd.elf.dir/Output/pjrcUSB/arm/usb_mouse.c.o
LOAD CMakeFiles/kiibohd.elf.dir/Output/pjrcUSB/arm/usb_serial.c.o
LOAD CMakeFiles/kiibohd.elf.dir/Debug/cli/cli.c.o
LOAD CMakeFiles/kiibohd.elf.dir/Debug/led/led.c.o
LOAD CMakeFiles/kiibohd.elf.dir/Debug/print/print.c.o

.text           0x0000000000002000     0x9834
                0x0000000000000000                . = 0x0
 *(.vectors)
 .vectors       0x0000000000002000      0x1bc CMakeFiles/kiibohd.elf.dir/Lib/mk20dx.c.o
                0x0000000000002000                gVectors
 *(.startup*)
 .startup       0x00000000000021bc      0x14c CMakeFiles/kiibohd.elf.dir/Lib/mk20dx.c.o
                0x00000000000021bc                ResetHandler
                0x0000000000000400                . = 0x400
 *fill*         0x0000000000002308       0xf8 
 *(.flashconfig)
 *(.text*)
 .text.startup.main
                0x0000000000002400       0x2c CMakeFiles/kiibohd.elf.dir/main.c.o
                0x0000000000002400                main
 .text.systick_default_isr
                0x000000000000242c       0x10 CMakeFiles/kiibohd.elf.dir/Lib/mk20dx.c.o
                0x000000000000242c                systick_isr
                0x000000000000242c                systick_default_isr
 .text.fault_isr
                0x000000000000243c       0x3c CMakeFiles/kiibohd.elf.dir/Lib/mk20dx.c.o
                0x000000000000243c                fault_isr
 .text.unused_isr
                0x0000000000002478        0x6 CMakeFiles/kiibohd.elf.dir/Lib/mk20dx.c.o
                0x0000000000002478                dma_ch0_isr
                0x0000000000002478                dma_ch6_isr
                0x0000000000002478                uart0_lon_isr
                0x0000000000002478                dma_ch8_isr
                0x0000000000002478                dma_error_isr
                0x0000000000002478                portd_isr
                0x0000000000002478                porte_isr
                0x0000000000002478                portb_isr
                0x0000000000002478                spi1_isr
                0x0000000000002478                uart3_status_isr
                0x0000000000002478                mcm_isr
                0x0000000000002478                uart1_status_isr
                0x0000000000002478                watchdog_isr
                0x0000000000002478                i2c1_isr
                0x0000000000002478                dma_ch11_isr
                0x0000000000002478                i2c2_isr
                0x0000000000002478                pit1_isr
                0x0000000000002478                dma_ch4_isr
                0x0000000000002478                software_isr
                0x0000000000002478                dma_ch7_isr
                0x0000000000002478                lptmr_isr
                0x0000000000002478                ftm2_isr
                0x0000000000002478                uart5_status_isr
                0x0000000000002478                dma_ch9_isr
                0x0000000000002478                pit2_isr
                0x0000000000002478                pit0_isr
                0x0000000000002478                can0_wakeup_isr
                0x0000000000002478                flash_cmd_isr
                0x0000000000002478                uart2_status_isr
                0x0000000000002478                svcall_isr
                0x0000000000002478                dma_ch15_isr
                0x0000000000002478                uart1_error_isr
                0x0000000000002478                unused_isr
                0x0000000000002478                spi0_isr
                0x0000000000002478                dma_ch3_isr
                0x0000000000002478                flash_error_isr
                0x0000000000002478                uart5_error_isr
                0x0000000000002478                rtc_seconds_isr
                0x0000000000002478                pdb_isr
                0x0000000000002478                dac1_isr
                0x0000000000002478                dma_ch14_isr
                0x0000000000002478                rtc_alarm_isr
                0x0000000000002478                dma_ch2_isr
                0x0000000000002478                ftm1_isr
                0x0000000000002478                dma_ch13_isr
                0x0000000000002478                uart2_error_isr
                0x0000000000002478                usb_charge_isr
                0x0000000000002478                cmt_isr
                0x0000000000002478                ftm3_isr
                0x0000000000002478                tsi0_isr
                0x0000000000002478                spi2_isr
                0x0000000000002478                can0_bus_off_isr
                0x0000000000002478                uart3_error_isr
                0x0000000000002478                porta_isr
                0x0000000000002478                low_voltage_isr
                0x0000000000002478                can0_error_isr
                0x0000000000002478                dma_ch12_isr
                0x0000000000002478                pit3_isr
                0x0000000000002478                portc_isr
                0x0000000000002478                debugmonitor_isr
                0x0000000000002478                cmp1_isr
                0x0000000000002478                ftm0_isr
                0x0000000000002478                i2s0_rx_isr
                0x0000000000002478                uart4_error_isr
                0x0000000000002478                can0_message_isr
                0x0000000000002478                sdhc_isr
                0x0000000000002478                dma_ch10_isr
                0x0000000000002478                uart0_error_isr
                0x0000000000002478                i2s0_tx_isr
                0x0000000000002478                adc1_isr
                0x0000000000002478                cmp0_isr
                0x0000000000002478                dac0_isr
                0x0000000000002478                uart0_status_isr
                0x0000000000002478                mcg_isr
                0x0000000000002478                dma_ch1_isr
                0x0000000000002478                dma_ch5_isr
                0x0000000000002478                can0_rx_warn_isr
                0x0000000000002478                can0_tx_warn_isr
                0x0000000000002478                uart4_status_isr
                0x0000000000002478                cmp2_isr
                0x0000000000002478                pendablesrvreq_isr
                0x0000000000002478                wakeup_isr
                0x0000000000002478                adc0_isr
 *fill*         0x000000000000247e        0x2 
 .text.nmi_default_isr
                0x0000000000002480        0xc CMakeFiles/kiibohd.elf.dir/Lib/mk20dx.c.o
                0x0000000000002480                nmi_isr
                0x0000000000002480                nmi_default_isr
 .text.hard_fault_default_isr
                0x000000000000248c       0x34 CMakeFiles/kiibohd.elf.dir/Lib/mk20dx.c.o
                0x000000000000248c                hard_fault_isr
                0x000000000000248c                hard_fault_default_isr
 .text.memmanage_fault_default_isr
                0x00000000000024c0       0x40 CMakeFiles/kiibohd.elf.dir/Lib/mk20dx.c.o
                0x00000000000024c0                memmanage_fault_default_isr
                0x00000000000024c0                memmanage_fault_isr
 .text.bus_fault_default_isr
                0x0000000000002500       0x40 CMakeFiles/kiibohd.elf.dir/Lib/mk20dx.c.o
                0x0000000000002500                bus_fault_isr
                0x0000000000002500                bus_fault_default_isr
 .text.usage_fault_default_isr
                0x0000000000002540       0x28 CMakeFiles/kiibohd.elf.dir/Lib/mk20dx.c.o
                0x0000000000002540                usage_fault_default_isr
                0x0000000000002540                usage_fault_isr
 .text.memset   0x0000000000002568       0x10 CMakeFiles/kiibohd.elf.dir/Lib/mk20dx.c.o
                0x0000000000002568                memset
 .text.memcpy   0x0000000000002578       0x18 CMakeFiles/kiibohd.elf.dir/Lib/mk20dx.c.o
                0x0000000000002578                memcpy
 .text.yield    0x0000000000002590        0x2 CMakeFiles/kiibohd.elf.dir/Lib/delay.c.o
                0x0000000000002590                yield
 *fill*         0x0000000000002592        0x2 
 .text.micros   0x0000000000002594       0x44 CMakeFiles/kiibohd.elf.dir/Lib/delay.c.o
                0x0000000000002594                micros
 .text.delay    0x00000000000025d8       0x26 CMakeFiles/kiibohd.elf.dir/Lib/delay.c.o
                0x00000000000025d8                delay
 .text.I2C_BufferLen
                0x00000000000025fe       0x14 CMakeFiles/kiibohd.elf.dir/Scan/ISSILed/led_scan.c.o
                0x00000000000025fe                I2C_BufferLen
 *fill*         0x0000000000002612        0x2 
 .text.I2C_BufferPush
                0x0000000000002614       0x60 CMakeFiles/kiibohd.elf.dir/Scan/ISSILed/led_scan.c.o
                0x0000000000002614                I2C_BufferPush
 .text.I2C_TxBufferPop
                0x0000000000002674       0xa4 CMakeFiles/kiibohd.elf.dir/Scan/ISSILed/led_scan.c.o
                0x0000000000002674                I2C_TxBufferPop
 .text.i2c0_isr
                0x0000000000002718      0x118 CMakeFiles/kiibohd.elf.dir/Scan/ISSILed/led_scan.c.o
                0x0000000000002718                i2c0_isr
 .text.I2C_Send
                0x0000000000002830       0xe0 CMakeFiles/kiibohd.elf.dir/Scan/ISSILed/led_scan.c.o
                0x0000000000002830                I2C_Send
 .text.LED_zeroPages
                0x0000000000002910       0x74 CMakeFiles/kiibohd.elf.dir/Scan/ISSILed/led_scan.c.o
                0x0000000000002910                LED_zeroPages
 .text.cliFunc_ledZero
                0x0000000000002984       0x1c CMakeFiles/kiibohd.elf.dir/Scan/ISSILed/led_scan.c.o
                0x0000000000002984                cliFunc_ledZero
 .text.LED_sendPage
                0x00000000000029a0       0x42 CMakeFiles/kiibohd.elf.dir/Scan/ISSILed/led_scan.c.o
                0x00000000000029a0                LED_sendPage
 *fill*         0x00000000000029e2        0x2 
 .text.cliFunc_ledTest
                0x00000000000029e4       0x20 CMakeFiles/kiibohd.elf.dir/Scan/ISSILed/led_scan.c.o
                0x00000000000029e4                cliFunc_ledTest
 .text.LED_writeReg
                0x0000000000002a04       0x4a CMakeFiles/kiibohd.elf.dir/Scan/ISSILed/led_scan.c.o
                0x0000000000002a04                LED_writeReg
 *fill*         0x0000000000002a4e        0x2 
 .text.LED_setup
                0x0000000000002a50       0xbc CMakeFiles/kiibohd.elf.dir/Scan/ISSILed/led_scan.c.o
                0x0000000000002a50                LED_setup
 .text.cliFunc_ledStart
                0x0000000000002b0c       0x34 CMakeFiles/kiibohd.elf.dir/Scan/ISSILed/led_scan.c.o
                0x0000000000002b0c                cliFunc_ledStart
 .text.LED_readPage
                0x0000000000002b40       0x98 CMakeFiles/kiibohd.elf.dir/Scan/ISSILed/led_scan.c.o
                0x0000000000002b40                LED_readPage
 .text.cliFunc_ledRPage
                0x0000000000002bd8       0x2c CMakeFiles/kiibohd.elf.dir/Scan/ISSILed/led_scan.c.o
                0x0000000000002bd8                cliFunc_ledRPage
 .text.cliFunc_i2cSend
                0x0000000000002c04       0x88 CMakeFiles/kiibohd.elf.dir/Scan/ISSILed/led_scan.c.o
                0x0000000000002c04                cliFunc_i2cSend
 .text.cliFunc_i2cRecv
                0x0000000000002c8c       0x88 CMakeFiles/kiibohd.elf.dir/Scan/ISSILed/led_scan.c.o
                0x0000000000002c8c                cliFunc_i2cRecv
 .text.cliFunc_ledWPage
                0x0000000000002d14       0x9a CMakeFiles/kiibohd.elf.dir/Scan/ISSILed/led_scan.c.o
                0x0000000000002d14                cliFunc_ledWPage
 .text.LED_scan
                0x0000000000002dae        0x4 CMakeFiles/kiibohd.elf.dir/Scan/ISSILed/led_scan.c.o
                0x0000000000002dae                LED_scan
 *fill*         0x0000000000002db2        0x2 
 .text.LED_control
                0x0000000000002db4       0x98 CMakeFiles/kiibohd.elf.dir/Scan/ISSILed/led_scan.c.o
                0x0000000000002db4                LED_control
 .text.cliFunc_ledCtrl
                0x0000000000002e4c       0x5c CMakeFiles/kiibohd.elf.dir/Scan/ISSILed/led_scan.c.o
                0x0000000000002e4c                cliFunc_ledCtrl
 .text.LED_control_capability
                0x0000000000002ea8       0x98 CMakeFiles/kiibohd.elf.dir/Scan/ISSILed/led_scan.c.o
                0x0000000000002ea8                LED_control_capability
 .text.cliFunc_matrixState
                0x0000000000002f40       0x24 CMakeFiles/kiibohd.elf.dir/Scan/MatrixARM/matrix_scan.c.o
                0x0000000000002f40                cliFunc_matrixState
 .text.cliFunc_matrixDebug
                0x0000000000002f64       0x5c CMakeFiles/kiibohd.elf.dir/Scan/MatrixARM/matrix_scan.c.o
                0x0000000000002f64                cliFunc_matrixDebug
 .text.Matrix_pin
                0x0000000000002fc0       0xc8 CMakeFiles/kiibohd.elf.dir/Scan/MatrixARM/matrix_scan.c.o
                0x0000000000002fc0                Matrix_pin
 .text.Matrix_setup
                0x0000000000003088       0xe4 CMakeFiles/kiibohd.elf.dir/Scan/MatrixARM/matrix_scan.c.o
                0x0000000000003088                Matrix_setup
 .text.Matrix_keyPositionDebug
                0x000000000000316c       0x38 CMakeFiles/kiibohd.elf.dir/Scan/MatrixARM/matrix_scan.c.o
                0x000000000000316c                Matrix_keyPositionDebug
 .text.Matrix_scan
                0x00000000000031a4      0x2cc CMakeFiles/kiibohd.elf.dir/Scan/MatrixARM/matrix_scan.c.o
                0x00000000000031a4                Matrix_scan
 .text.cliFunc_lcdColor
                0x0000000000003470       0x44 CMakeFiles/kiibohd.elf.dir/Scan/STLcd/lcd_scan.c.o
                0x0000000000003470                cliFunc_lcdColor
 .text.SPI_write
                0x00000000000034b4       0x48 CMakeFiles/kiibohd.elf.dir/Scan/STLcd/lcd_scan.c.o
                0x00000000000034b4                SPI_write
 .text.LCD_writeControlReg
                0x00000000000034fc       0x50 CMakeFiles/kiibohd.elf.dir/Scan/STLcd/lcd_scan.c.o
                0x00000000000034fc                LCD_writeControlReg
 .text.cliFunc_lcdCmd
                0x000000000000354c       0x50 CMakeFiles/kiibohd.elf.dir/Scan/STLcd/lcd_scan.c.o
                0x000000000000354c                cliFunc_lcdCmd
 .text.cliFunc_lcdDisp
                0x000000000000359c       0x76 CMakeFiles/kiibohd.elf.dir/Scan/STLcd/lcd_scan.c.o
                0x000000000000359c                cliFunc_lcdDisp
 .text.LCD_writeDisplayReg
                0x0000000000003612       0x30 CMakeFiles/kiibohd.elf.dir/Scan/STLcd/lcd_scan.c.o
                0x0000000000003612                LCD_writeDisplayReg
 *fill*         0x0000000000003642        0x2 
 .text.cliFunc_lcdTest
                0x0000000000003644       0x20 CMakeFiles/kiibohd.elf.dir/Scan/STLcd/lcd_scan.c.o
                0x0000000000003644                cliFunc_lcdTest
 .text.LCD_clear
                0x0000000000003664       0x68 CMakeFiles/kiibohd.elf.dir/Scan/STLcd/lcd_scan.c.o
                0x0000000000003664                LCD_clear
 .text.LCD_initialize
                0x00000000000036cc       0x46 CMakeFiles/kiibohd.elf.dir/Scan/STLcd/lcd_scan.c.o
                0x00000000000036cc                LCD_initialize
 .text.cliFunc_lcdInit
                0x0000000000003712        0x4 CMakeFiles/kiibohd.elf.dir/Scan/STLcd/lcd_scan.c.o
                0x0000000000003712                cliFunc_lcdInit
 *fill*         0x0000000000003716        0x2 
 .text.LCD_setup
                0x0000000000003718      0x114 CMakeFiles/kiibohd.elf.dir/Scan/STLcd/lcd_scan.c.o
                0x0000000000003718                LCD_setup
 .text.LCD_scan
                0x000000000000382c        0x4 CMakeFiles/kiibohd.elf.dir/Scan/STLcd/lcd_scan.c.o
                0x000000000000382c                LCD_scan
 .text.LCD_layerStackExact_capability
                0x0000000000003830      0x118 CMakeFiles/kiibohd.elf.dir/Scan/STLcd/lcd_scan.c.o
                0x0000000000003830                LCD_layerStackExact_capability
 .text.LCD_layerStack_capability
                0x0000000000003948       0xb8 CMakeFiles/kiibohd.elf.dir/Scan/STLcd/lcd_scan.c.o
                0x0000000000003948                LCD_layerStack_capability
 .text.Connect_receive_Animation
                0x0000000000003a00       0x10 CMakeFiles/kiibohd.elf.dir/Scan/UARTConnect/connect_scan.c.o
                0x0000000000003a00                Connect_receive_Animation
 .text.cliFunc_connectDbg
                0x0000000000003a10       0x28 CMakeFiles/kiibohd.elf.dir/Scan/UARTConnect/connect_scan.c.o
                0x0000000000003a10                cliFunc_connectDbg
 .text.Connect_receive_CableCheck
                0x0000000000003a38      0x110 CMakeFiles/kiibohd.elf.dir/Scan/UARTConnect/connect_scan.c.o
                0x0000000000003a38                Connect_receive_CableCheck
 .text.cliFunc_connectLst
                0x0000000000003b48       0x58 CMakeFiles/kiibohd.elf.dir/Scan/UARTConnect/connect_scan.c.o
                0x0000000000003b48                cliFunc_connectLst
 .text.cliFunc_connectSts
                0x0000000000003ba0      0x148 CMakeFiles/kiibohd.elf.dir/Scan/UARTConnect/connect_scan.c.o
                0x0000000000003ba0                cliFunc_connectSts
 .text.cliFunc_connectMst
                0x0000000000003ce8       0x70 CMakeFiles/kiibohd.elf.dir/Scan/UARTConnect/connect_scan.c.o
                0x0000000000003ce8                cliFunc_connectMst
 .text.Connect_addBytes.part.1
                0x0000000000003d58       0xc0 CMakeFiles/kiibohd.elf.dir/Scan/UARTConnect/connect_scan.c.o
 .text.Connect_receive_ScanCode
                0x0000000000003e18      0x178 CMakeFiles/kiibohd.elf.dir/Scan/UARTConnect/connect_scan.c.o
                0x0000000000003e18                Connect_receive_ScanCode
 .text.Connect_addBytes
                0x0000000000003f90       0x20 CMakeFiles/kiibohd.elf.dir/Scan/UARTConnect/connect_scan.c.o
                0x0000000000003f90                Connect_addBytes
 .text.Connect_receive_RemoteCapability
                0x0000000000003fb0      0x114 CMakeFiles/kiibohd.elf.dir/Scan/UARTConnect/connect_scan.c.o
                0x0000000000003fb0                Connect_receive_RemoteCapability
 .text.Connect_send_CableCheck
                0x00000000000040c4       0x8c CMakeFiles/kiibohd.elf.dir/Scan/UARTConnect/connect_scan.c.o
                0x00000000000040c4                Connect_send_CableCheck
 .text.Connect_send_IdRequest
                0x0000000000004150       0x40 CMakeFiles/kiibohd.elf.dir/Scan/UARTConnect/connect_scan.c.o
                0x0000000000004150                Connect_send_IdRequest
 .text.Connect_send_IdEnumeration
                0x0000000000004190       0x44 CMakeFiles/kiibohd.elf.dir/Scan/UARTConnect/connect_scan.c.o
                0x0000000000004190                Connect_send_IdEnumeration
 .text.Connect_receive_IdRequest
                0x00000000000041d4       0x38 CMakeFiles/kiibohd.elf.dir/Scan/UARTConnect/connect_scan.c.o
                0x00000000000041d4                Connect_receive_IdRequest
 .text.Connect_send_IdReport
                0x000000000000420c       0x44 CMakeFiles/kiibohd.elf.dir/Scan/UARTConnect/connect_scan.c.o
                0x000000000000420c                Connect_send_IdReport
 .text.Connect_receive_IdEnumeration
                0x0000000000004250       0x40 CMakeFiles/kiibohd.elf.dir/Scan/UARTConnect/connect_scan.c.o
                0x0000000000004250                Connect_receive_IdEnumeration
 .text.Connect_receive_IdReport
                0x0000000000004290       0x60 CMakeFiles/kiibohd.elf.dir/Scan/UARTConnect/connect_scan.c.o
                0x0000000000004290                Connect_receive_IdReport
 .text.Connect_send_ScanCode
                0x00000000000042f0       0x5c CMakeFiles/kiibohd.elf.dir/Scan/UARTConnect/connect_scan.c.o
                0x00000000000042f0                Connect_send_ScanCode
 .text.cliFunc_connectCmd
                0x000000000000434c       0x68 CMakeFiles/kiibohd.elf.dir/Scan/UARTConnect/connect_scan.c.o
                0x000000000000434c                cliFunc_connectCmd
 .text.Connect_send_RemoteCapability
                0x00000000000043b4       0xc0 CMakeFiles/kiibohd.elf.dir/Scan/UARTConnect/connect_scan.c.o
                0x00000000000043b4                Connect_send_RemoteCapability
 .text.Connect_send_Idle
                0x0000000000004474       0x64 CMakeFiles/kiibohd.elf.dir/Scan/UARTConnect/connect_scan.c.o
                0x0000000000004474                Connect_send_Idle
 .text.cliFunc_connectIdl
                0x00000000000044d8       0x38 CMakeFiles/kiibohd.elf.dir/Scan/UARTConnect/connect_scan.c.o
                0x00000000000044d8                cliFunc_connectIdl
 .text.Connect_reset
                0x0000000000004510       0x48 CMakeFiles/kiibohd.elf.dir/Scan/UARTConnect/connect_scan.c.o
                0x0000000000004510                Connect_reset
 .text.cliFunc_connectRst
                0x0000000000004558       0x28 CMakeFiles/kiibohd.elf.dir/Scan/UARTConnect/connect_scan.c.o
                0x0000000000004558                cliFunc_connectRst
 .text.Connect_setup
                0x0000000000004580      0x1c0 CMakeFiles/kiibohd.elf.dir/Scan/UARTConnect/connect_scan.c.o
                0x0000000000004580                Connect_setup
 .text.Connect_rx_process
                0x0000000000004740      0x1b8 CMakeFiles/kiibohd.elf.dir/Scan/UARTConnect/connect_scan.c.o
                0x0000000000004740                Connect_rx_process
 .text.Connect_scan
                0x00000000000048f8      0x1e0 CMakeFiles/kiibohd.elf.dir/Scan/UARTConnect/connect_scan.c.o
                0x00000000000048f8                Connect_scan
 .text.Scan_setup
                0x0000000000004ad8       0x28 CMakeFiles/kiibohd.elf.dir/Scan/MDErgo1/scan_loop.c.o
                0x0000000000004ad8                Scan_setup
 .text.Scan_loop
                0x0000000000004b00       0x24 CMakeFiles/kiibohd.elf.dir/Scan/MDErgo1/scan_loop.c.o
                0x0000000000004b00                Scan_loop
 .text.Scan_finishedWithMacro
                0x0000000000004b24        0x2 CMakeFiles/kiibohd.elf.dir/Scan/MDErgo1/scan_loop.c.o
                0x0000000000004b24                Scan_finishedWithMacro
 *fill*         0x0000000000004b26        0x2 
 .text.Scan_finishedWithOutput
                0x0000000000004b28        0xc CMakeFiles/kiibohd.elf.dir/Scan/MDErgo1/scan_loop.c.o
                0x0000000000004b28                Scan_finishedWithOutput
 .text.cliFunc_capList
                0x0000000000004b34       0x58 CMakeFiles/kiibohd.elf.dir/Macro/PartialMap/macro.c.o
                0x0000000000004b34                cliFunc_capList
 .text.cliFunc_macroStep
                0x0000000000004b8c       0x28 CMakeFiles/kiibohd.elf.dir/Macro/PartialMap/macro.c.o
                0x0000000000004b8c                cliFunc_macroStep
 .text.cliFunc_capSelect
                0x0000000000004bb4       0xd0 CMakeFiles/kiibohd.elf.dir/Macro/PartialMap/macro.c.o
                0x0000000000004bb4                cliFunc_capSelect
 .text.cliFunc_layerDebug
                0x0000000000004c84       0x30 CMakeFiles/kiibohd.elf.dir/Macro/PartialMap/macro.c.o
                0x0000000000004c84                cliFunc_layerDebug
 .text.cliFunc_layerState
                0x0000000000004cb4       0x68 CMakeFiles/kiibohd.elf.dir/Macro/PartialMap/macro.c.o
                0x0000000000004cb4                cliFunc_layerState
 .text.cliFunc_macroDebug
                0x0000000000004d1c       0x30 CMakeFiles/kiibohd.elf.dir/Macro/PartialMap/macro.c.o
                0x0000000000004d1c                cliFunc_macroDebug
 .text.cliFunc_macroProc
                0x0000000000004d4c       0x30 CMakeFiles/kiibohd.elf.dir/Macro/PartialMap/macro.c.o
                0x0000000000004d4c                cliFunc_macroProc
 .text.cliFunc_layerList
                0x0000000000004d7c       0xe0 CMakeFiles/kiibohd.elf.dir/Macro/PartialMap/macro.c.o
                0x0000000000004d7c                cliFunc_layerList
 .text.cliFunc_macroList
                0x0000000000004e5c      0x160 CMakeFiles/kiibohd.elf.dir/Macro/PartialMap/macro.c.o
                0x0000000000004e5c                cliFunc_macroList
 .text.Macro_layerState.part.1
                0x0000000000004fbc       0xcc CMakeFiles/kiibohd.elf.dir/Macro/PartialMap/macro.c.o
 .text.Macro_layerState_capability
                0x0000000000005088       0x28 CMakeFiles/kiibohd.elf.dir/Macro/PartialMap/macro.c.o
                0x0000000000005088                Macro_layerState_capability
 .text.Macro_layerShift_capability
                0x00000000000050b0       0x28 CMakeFiles/kiibohd.elf.dir/Macro/PartialMap/macro.c.o
                0x00000000000050b0                Macro_layerShift_capability
 .text.Macro_layerLatch_capability
                0x00000000000050d8       0x28 CMakeFiles/kiibohd.elf.dir/Macro/PartialMap/macro.c.o
                0x00000000000050d8                Macro_layerLatch_capability
 .text.Macro_layerLock_capability
                0x0000000000005100       0x28 CMakeFiles/kiibohd.elf.dir/Macro/PartialMap/macro.c.o
                0x0000000000005100                Macro_layerLock_capability
 .text.Macro_layerRotate_capability
                0x0000000000005128       0x64 CMakeFiles/kiibohd.elf.dir/Macro/PartialMap/macro.c.o
                0x0000000000005128                Macro_layerRotate_capability
 .text.Macro_layerLookup
                0x000000000000518c      0x128 CMakeFiles/kiibohd.elf.dir/Macro/PartialMap/macro.c.o
                0x000000000000518c                Macro_layerLookup
 .text.Macro_interconnectAdd
                0x00000000000052b4       0xb8 CMakeFiles/kiibohd.elf.dir/Macro/PartialMap/macro.c.o
                0x00000000000052b4                Macro_interconnectAdd
 .text.Macro_keyState
                0x000000000000536c       0x60 CMakeFiles/kiibohd.elf.dir/Macro/PartialMap/macro.c.o
                0x000000000000536c                Macro_keyState
 .text.cliFunc_keyHold
                0x00000000000053cc       0x2e CMakeFiles/kiibohd.elf.dir/Macro/PartialMap/macro.c.o
                0x00000000000053cc                cliFunc_keyHold
 .text.cliFunc_keyPress
                0x00000000000053fa       0x2e CMakeFiles/kiibohd.elf.dir/Macro/PartialMap/macro.c.o
                0x00000000000053fa                cliFunc_keyPress
 .text.cliFunc_keyRelease
                0x0000000000005428       0x2e CMakeFiles/kiibohd.elf.dir/Macro/PartialMap/macro.c.o
                0x0000000000005428                cliFunc_keyRelease
 *fill*         0x0000000000005456        0x2 
 .text.Macro_evalTriggerMacro
                0x0000000000005458      0x260 CMakeFiles/kiibohd.elf.dir/Macro/PartialMap/macro.c.o
                0x0000000000005458                Macro_evalTriggerMacro
 .text.Macro_process
                0x00000000000056b8      0x3b0 CMakeFiles/kiibohd.elf.dir/Macro/PartialMap/macro.c.o
                0x00000000000056b8                Macro_process
 .text.Macro_setup
                0x0000000000005a68       0x6c CMakeFiles/kiibohd.elf.dir/Macro/PartialMap/macro.c.o
                0x0000000000005a68                Macro_setup
 .text.macroDebugShowTrigger
                0x0000000000005ad4      0x110 CMakeFiles/kiibohd.elf.dir/Macro/PartialMap/macro.c.o
                0x0000000000005ad4                macroDebugShowTrigger
 .text.macroDebugShowResult
                0x0000000000005be4      0x174 CMakeFiles/kiibohd.elf.dir/Macro/PartialMap/macro.c.o
                0x0000000000005be4                macroDebugShowResult
 .text.cliFunc_macroShow
                0x0000000000005d58       0x3e CMakeFiles/kiibohd.elf.dir/Macro/PartialMap/macro.c.o
                0x0000000000005d58                cliFunc_macroShow
 *fill*         0x0000000000005d96        0x2 
 .text.cliFunc_sendKeys
                0x0000000000005d98       0x24 CMakeFiles/kiibohd.elf.dir/Output/pjrcUSB/output_com.c.o
                0x0000000000005d98                cliFunc_sendKeys
 .text.cliFunc_kbdProtocol
                0x0000000000005dbc       0x28 CMakeFiles/kiibohd.elf.dir/Output/pjrcUSB/output_com.c.o
                0x0000000000005dbc                cliFunc_kbdProtocol
 .text.cliFunc_readLEDs
                0x0000000000005de4       0x28 CMakeFiles/kiibohd.elf.dir/Output/pjrcUSB/output_com.c.o
                0x0000000000005de4                cliFunc_readLEDs
 .text.cliFunc_setKeys
                0x0000000000005e0c       0x34 CMakeFiles/kiibohd.elf.dir/Output/pjrcUSB/output_com.c.o
                0x0000000000005e0c                cliFunc_setKeys
 .text.cliFunc_outputDebug
                0x0000000000005e40       0x24 CMakeFiles/kiibohd.elf.dir/Output/pjrcUSB/output_com.c.o
                0x0000000000005e40                cliFunc_outputDebug
 .text.cliFunc_setMod
                0x0000000000005e64       0x20 CMakeFiles/kiibohd.elf.dir/Output/pjrcUSB/output_com.c.o
                0x0000000000005e64                cliFunc_setMod
 .text.Output_consCtrlSend_capability
                0x0000000000005e84       0x58 CMakeFiles/kiibohd.elf.dir/Output/pjrcUSB/output_com.c.o
                0x0000000000005e84                Output_consCtrlSend_capability
 .text.Output_noneSend_capability
                0x0000000000005edc       0x14 CMakeFiles/kiibohd.elf.dir/Output/pjrcUSB/output_com.c.o
                0x0000000000005edc                Output_noneSend_capability
 .text.Output_sysCtrlSend_capability
                0x0000000000005ef0       0x58 CMakeFiles/kiibohd.elf.dir/Output/pjrcUSB/output_com.c.o
                0x0000000000005ef0                Output_sysCtrlSend_capability
 .text.Output_flashMode_capability
                0x0000000000005f48       0x18 CMakeFiles/kiibohd.elf.dir/Output/pjrcUSB/output_com.c.o
                0x0000000000005f48                Output_flashMode_capability
 .text.Output_flushBuffers
                0x0000000000005f60       0x2c CMakeFiles/kiibohd.elf.dir/Output/pjrcUSB/output_com.c.o
                0x0000000000005f60                Output_flushBuffers
 .text.Output_kbdProtocolBoot_capability
                0x0000000000005f8c       0x30 CMakeFiles/kiibohd.elf.dir/Output/pjrcUSB/output_com.c.o
                0x0000000000005f8c                Output_kbdProtocolBoot_capability
 .text.Output_kbdProtocolNKRO_capability
                0x0000000000005fbc       0x34 CMakeFiles/kiibohd.elf.dir/Output/pjrcUSB/output_com.c.o
                0x0000000000005fbc                Output_kbdProtocolNKRO_capability
 .text.Output_usbCodeSend_capability
                0x0000000000005ff0      0x1cc CMakeFiles/kiibohd.elf.dir/Output/pjrcUSB/output_com.c.o
                0x0000000000005ff0                Output_usbCodeSend_capability
 .text.Output_setup
                0x00000000000061bc       0x20 CMakeFiles/kiibohd.elf.dir/Output/pjrcUSB/output_com.c.o
                0x00000000000061bc                Output_setup
 .text.Output_send
                0x00000000000061dc       0x60 CMakeFiles/kiibohd.elf.dir/Output/pjrcUSB/output_com.c.o
                0x00000000000061dc                Output_send
 .text.Output_firmwareReload
                0x000000000000623c        0x4 CMakeFiles/kiibohd.elf.dir/Output/pjrcUSB/output_com.c.o
                0x000000000000623c                Output_firmwareReload
 .text.Output_availablechar
                0x0000000000006240        0x4 CMakeFiles/kiibohd.elf.dir/Output/pjrcUSB/output_com.c.o
                0x0000000000006240                Output_availablechar
 .text.Output_getchar
                0x0000000000006244        0x4 CMakeFiles/kiibohd.elf.dir/Output/pjrcUSB/output_com.c.o
                0x0000000000006244                Output_getchar
 .text.Output_putstr
                0x0000000000006248       0x10 CMakeFiles/kiibohd.elf.dir/Output/pjrcUSB/output_com.c.o
                0x0000000000006248                Output_putstr
 .text.Output_softReset
                0x0000000000006258       0x10 CMakeFiles/kiibohd.elf.dir/Output/pjrcUSB/output_com.c.o
                0x0000000000006258                Output_softReset
 .text.endpoint0_transmit
                0x0000000000006268       0x40 CMakeFiles/kiibohd.elf.dir/Output/pjrcUSB/arm/usb_dev.c.o
 .text.usb_rx   0x00000000000062a8       0x38 CMakeFiles/kiibohd.elf.dir/Output/pjrcUSB/arm/usb_dev.c.o
                0x00000000000062a8                usb_rx
 .text.usb_tx_packet_count
                0x00000000000062e0       0x24 CMakeFiles/kiibohd.elf.dir/Output/pjrcUSB/arm/usb_dev.c.o
                0x00000000000062e0                usb_tx_packet_count
 .text.usb_rx_memory
                0x0000000000006304       0x78 CMakeFiles/kiibohd.elf.dir/Output/pjrcUSB/arm/usb_dev.c.o
                0x0000000000006304                usb_rx_memory
 .text.usb_tx   0x000000000000637c       0x80 CMakeFiles/kiibohd.elf.dir/Output/pjrcUSB/arm/usb_dev.c.o
                0x000000000000637c                usb_tx
 .text.usb_device_reload
                0x00000000000063fc       0x34 CMakeFiles/kiibohd.elf.dir/Output/pjrcUSB/arm/usb_dev.c.o
                0x00000000000063fc                usb_device_reload
 .text.usb_isr  0x0000000000006430      0x72c CMakeFiles/kiibohd.elf.dir/Output/pjrcUSB/arm/usb_dev.c.o
                0x0000000000006430                usb_isr
 .text.usb_init
                0x0000000000006b5c       0x9c CMakeFiles/kiibohd.elf.dir/Output/pjrcUSB/arm/usb_dev.c.o
                0x0000000000006b5c                usb_init
 .text.usb_keyboard_send
                0x0000000000006bf8      0x2bc CMakeFiles/kiibohd.elf.dir/Output/pjrcUSB/arm/usb_keyboard.c.o
                0x0000000000006bf8                usb_keyboard_send
 .text.usb_malloc
                0x0000000000006eb4       0x3c CMakeFiles/kiibohd.elf.dir/Output/pjrcUSB/arm/usb_mem.c.o
                0x0000000000006eb4                usb_malloc
 .text.usb_free
                0x0000000000006ef0       0x44 CMakeFiles/kiibohd.elf.dir/Output/pjrcUSB/arm/usb_mem.c.o
                0x0000000000006ef0                usb_free
 .text.usb_serial_getchar
                0x0000000000006f34       0x4c CMakeFiles/kiibohd.elf.dir/Output/pjrcUSB/arm/usb_serial.c.o
                0x0000000000006f34                usb_serial_getchar
 .text.usb_serial_available
                0x0000000000006f80       0x1c CMakeFiles/kiibohd.elf.dir/Output/pjrcUSB/arm/usb_serial.c.o
                0x0000000000006f80                usb_serial_available
 .text.usb_serial_write
                0x0000000000006f9c       0xd0 CMakeFiles/kiibohd.elf.dir/Output/pjrcUSB/arm/usb_serial.c.o
                0x0000000000006f9c                usb_serial_write
 .text.usb_serial_flush_callback
                0x000000000000706c       0x48 CMakeFiles/kiibohd.elf.dir/Output/pjrcUSB/arm/usb_serial.c.o
                0x000000000000706c                usb_serial_flush_callback
 .text.cliFunc_clear
                0x00000000000070b4        0xc CMakeFiles/kiibohd.elf.dir/Debug/cli/cli.c.o
                0x00000000000070b4                cliFunc_clear
 .text.cliFunc_reset
                0x00000000000070c0        0xc CMakeFiles/kiibohd.elf.dir/Debug/cli/cli.c.o
                0x00000000000070c0                cliFunc_reset
 .text.cliFunc_help
                0x00000000000070cc       0xb0 CMakeFiles/kiibohd.elf.dir/Debug/cli/cli.c.o
                0x00000000000070cc                cliFunc_help
 .text.cliFunc_led
                0x000000000000717c       0x14 CMakeFiles/kiibohd.elf.dir/Debug/cli/cli.c.o
                0x000000000000717c                cliFunc_led
 .text.cliFunc_reload
                0x0000000000007190        0x4 CMakeFiles/kiibohd.elf.dir/Debug/cli/cli.c.o
                0x0000000000007190                cliFunc_reload
 .text.cliFunc_restart
                0x0000000000007194        0x4 CMakeFiles/kiibohd.elf.dir/Debug/cli/cli.c.o
                0x0000000000007194                cliFunc_restart
 .text.cliFunc_version
                0x0000000000007198       0xd4 CMakeFiles/kiibohd.elf.dir/Debug/cli/cli.c.o
                0x0000000000007198                cliFunc_version
 .text.cliFunc_cliDebug
                0x000000000000726c       0x38 CMakeFiles/kiibohd.elf.dir/Debug/cli/cli.c.o
                0x000000000000726c                cliFunc_cliDebug
 .text.CLI_argumentIsolation
                0x00000000000072a4       0x24 CMakeFiles/kiibohd.elf.dir/Debug/cli/cli.c.o
                0x00000000000072a4                CLI_argumentIsolation
 .text.CLI_commandLookup
                0x00000000000072c8       0xc4 CMakeFiles/kiibohd.elf.dir/Debug/cli/cli.c.o
                0x00000000000072c8                CLI_commandLookup
 .text.CLI_registerDictionary
                0x000000000000738c       0x38 CMakeFiles/kiibohd.elf.dir/Debug/cli/cli.c.o
                0x000000000000738c                CLI_registerDictionary
 .text.CLI_init
                0x00000000000073c4       0x68 CMakeFiles/kiibohd.elf.dir/Debug/cli/cli.c.o
                0x00000000000073c4                CLI_init
 .text.CLI_tabCompletion
                0x000000000000742c       0xc0 CMakeFiles/kiibohd.elf.dir/Debug/cli/cli.c.o
                0x000000000000742c                CLI_tabCompletion
 .text.CLI_wrap
                0x00000000000074ec       0x28 CMakeFiles/kiibohd.elf.dir/Debug/cli/cli.c.o
                0x00000000000074ec                CLI_wrap
 .text.CLI_saveHistory
                0x0000000000007514       0x40 CMakeFiles/kiibohd.elf.dir/Debug/cli/cli.c.o
                0x0000000000007514                CLI_saveHistory
 .text.CLI_retreiveHistory
                0x0000000000007554       0x50 CMakeFiles/kiibohd.elf.dir/Debug/cli/cli.c.o
                0x0000000000007554                CLI_retreiveHistory
 .text.CLI_process
                0x00000000000075a4      0x214 CMakeFiles/kiibohd.elf.dir/Debug/cli/cli.c.o
                0x00000000000075a4                CLI_process
 .text.init_errorLED
                0x00000000000077b8       0x1c CMakeFiles/kiibohd.elf.dir/Debug/led/led.c.o
                0x00000000000077b8                init_errorLED
 .text.errorLED
                0x00000000000077d4       0x1c CMakeFiles/kiibohd.elf.dir/Debug/led/led.c.o
                0x00000000000077d4                errorLED
 .text.printstrs
                0x00000000000077f0       0x34 CMakeFiles/kiibohd.elf.dir/Debug/print/print.c.o
                0x00000000000077f0                printstrs
 .text._print   0x0000000000007824        0x4 CMakeFiles/kiibohd.elf.dir/Debug/print/print.c.o
                0x0000000000007824                _print
 .text.lenStr   0x0000000000007828       0x12 CMakeFiles/kiibohd.elf.dir/Debug/print/print.c.o
                0x0000000000007828                lenStr
 .text.revsStr  0x000000000000783a       0x20 CMakeFiles/kiibohd.elf.dir/Debug/print/print.c.o
                0x000000000000783a                revsStr
 .text.int8ToStr
                0x000000000000785a       0x28 CMakeFiles/kiibohd.elf.dir/Debug/print/print.c.o
                0x000000000000785a                int8ToStr
 .text.printInt8
                0x0000000000007882       0x14 CMakeFiles/kiibohd.elf.dir/Debug/print/print.c.o
                0x0000000000007882                printInt8
 .text.int16ToStr
                0x0000000000007896       0x28 CMakeFiles/kiibohd.elf.dir/Debug/print/print.c.o
                0x0000000000007896                int16ToStr
 .text.printInt16
                0x00000000000078be       0x14 CMakeFiles/kiibohd.elf.dir/Debug/print/print.c.o
                0x00000000000078be                printInt16
 .text.hexToStr_op
                0x00000000000078d2       0x58 CMakeFiles/kiibohd.elf.dir/Debug/print/print.c.o
                0x00000000000078d2                hexToStr_op
 .text.printHex_op
                0x000000000000792a       0x16 CMakeFiles/kiibohd.elf.dir/Debug/print/print.c.o
                0x000000000000792a                printHex_op
 .text.hex32ToStr_op
                0x0000000000007940       0x5a CMakeFiles/kiibohd.elf.dir/Debug/print/print.c.o
                0x0000000000007940                hex32ToStr_op
 .text.printHex32_op
                0x000000000000799a       0x16 CMakeFiles/kiibohd.elf.dir/Debug/print/print.c.o
                0x000000000000799a                printHex32_op
 .text.eqStr    0x00000000000079b0       0x2a CMakeFiles/kiibohd.elf.dir/Debug/print/print.c.o
                0x00000000000079b0                eqStr
 .text.numToInt
                0x00000000000079da       0x84 CMakeFiles/kiibohd.elf.dir/Debug/print/print.c.o
                0x00000000000079da                numToInt
 *(.rodata*)
 .rodata.str1.1
                0x0000000000007a5e       0x85 CMakeFiles/kiibohd.elf.dir/Lib/mk20dx.c.o
                                         0x91 (size before relaxing)
 .rodata.sys_reset_to_loader_magic
                0x0000000000007ae3       0x16 CMakeFiles/kiibohd.elf.dir/Lib/mk20dx.c.o
                0x0000000000007ae3                sys_reset_to_loader_magic
 .rodata        0x0000000000007af9        0x3 CMakeFiles/kiibohd.elf.dir/Scan/ISSILed/led_scan.c.o
 .rodata.ledWPageCLIDict_DescEntry
                0x0000000000007afc       0x4a CMakeFiles/kiibohd.elf.dir/Scan/ISSILed/led_scan.c.o
                0x0000000000007afc                ledWPageCLIDict_DescEntry
 .rodata.ledTestCLIDict_DescEntry
                0x0000000000007b46       0x18 CMakeFiles/kiibohd.elf.dir/Scan/ISSILed/led_scan.c.o
                0x0000000000007b46                ledTestCLIDict_DescEntry
 *fill*         0x0000000000007b5e        0x2 
 .rodata.ledCLIDict
                0x0000000000007b60       0x6c CMakeFiles/kiibohd.elf.dir/Scan/ISSILed/led_scan.c.o
                0x0000000000007b60                ledCLIDict
 .rodata.ledRPageCLIDict_DescEntry
                0x0000000000007bcc       0x1e CMakeFiles/kiibohd.elf.dir/Scan/ISSILed/led_scan.c.o
                0x0000000000007bcc                ledRPageCLIDict_DescEntry
 .rodata.ledStartCLIDict_DescEntry
                0x0000000000007bea       0x1b CMakeFiles/kiibohd.elf.dir/Scan/ISSILed/led_scan.c.o
                0x0000000000007bea                ledStartCLIDict_DescEntry
 .rodata.str1.1
                0x0000000000007c05      0x1ef CMakeFiles/kiibohd.elf.dir/Scan/ISSILed/led_scan.c.o
                                        0x1f4 (size before relaxing)
 .rodata.ledCtrlCLIDict_DescEntry
                0x0000000000007df4       0x33 CMakeFiles/kiibohd.elf.dir/Scan/ISSILed/led_scan.c.o
                0x0000000000007df4                ledCtrlCLIDict_DescEntry
 .rodata.LED_defaultBrightness1
                0x0000000000007e27       0x92 CMakeFiles/kiibohd.elf.dir/Scan/ISSILed/led_scan.c.o
                0x0000000000007e27                LED_defaultBrightness1
 .rodata.ledZeroCLIDict_DescEntry
                0x0000000000007eb9       0x31 CMakeFiles/kiibohd.elf.dir/Scan/ISSILed/led_scan.c.o
                0x0000000000007eb9                ledZeroCLIDict_DescEntry
 .rodata.i2cRecvCLIDict_DescEntry
                0x0000000000007eea       0x79 CMakeFiles/kiibohd.elf.dir/Scan/ISSILed/led_scan.c.o
                0x0000000000007eea                i2cRecvCLIDict_DescEntry
 .rodata.i2cSendCLIDict_DescEntry
                0x0000000000007f63       0x44 CMakeFiles/kiibohd.elf.dir/Scan/ISSILed/led_scan.c.o
                0x0000000000007f63                i2cSendCLIDict_DescEntry
 .rodata.LED_ledEnableMask1
                0x0000000000007fa7       0x14 CMakeFiles/kiibohd.elf.dir/Scan/ISSILed/led_scan.c.o
                0x0000000000007fa7                LED_ledEnableMask1
 .rodata.ledCLIDictName
                0x0000000000007fbb       0x19 CMakeFiles/kiibohd.elf.dir/Scan/ISSILed/led_scan.c.o
                0x0000000000007fbb                ledCLIDictName
 .rodata.matrixDebugCLIDict_DescEntry
                0x0000000000007fd4       0x86 CMakeFiles/kiibohd.elf.dir/Scan/MatrixARM/matrix_scan.c.o
                0x0000000000007fd4                matrixDebugCLIDict_DescEntry
 .rodata.str1.1
                0x000000000000805a      0x1c3 CMakeFiles/kiibohd.elf.dir/Scan/MatrixARM/matrix_scan.c.o
                                        0x1cd (size before relaxing)
 .rodata.matrixStateCLIDict_DescEntry
                0x000000000000821d       0x9a CMakeFiles/kiibohd.elf.dir/Scan/MatrixARM/matrix_scan.c.o
                0x000000000000821d                matrixStateCLIDict_DescEntry
 .rodata.matrixCLIDictName
                0x00000000000082b7       0x17 CMakeFiles/kiibohd.elf.dir/Scan/MatrixARM/matrix_scan.c.o
                0x00000000000082b7                matrixCLIDictName
 *fill*         0x00000000000082ce        0x2 
 .rodata.matrixCLIDict
                0x00000000000082d0       0x24 CMakeFiles/kiibohd.elf.dir/Scan/MatrixARM/matrix_scan.c.o
                0x00000000000082d0                matrixCLIDict
 .rodata        0x00000000000082f4      0x53c CMakeFiles/kiibohd.elf.dir/Scan/STLcd/lcd_scan.c.o
 .rodata.lcdTestCLIDict_DescEntry
                0x0000000000008830       0x1a CMakeFiles/kiibohd.elf.dir/Scan/STLcd/lcd_scan.c.o
                0x0000000000008830                lcdTestCLIDict_DescEntry
 .rodata.lcdCLIDictName
                0x000000000000884a       0x17 CMakeFiles/kiibohd.elf.dir/Scan/STLcd/lcd_scan.c.o
                0x000000000000884a                lcdCLIDictName
 *fill*         0x0000000000008861        0x3 
 .rodata.lcdCLIDict
                0x0000000000008864       0x48 CMakeFiles/kiibohd.elf.dir/Scan/STLcd/lcd_scan.c.o
                0x0000000000008864                lcdCLIDict
 .rodata.str1.1
                0x00000000000088ac       0xa1 CMakeFiles/kiibohd.elf.dir/Scan/STLcd/lcd_scan.c.o
                                         0xa4 (size before relaxing)
 .rodata.lcdCmdCLIDict_DescEntry
                0x000000000000894d       0x44 CMakeFiles/kiibohd.elf.dir/Scan/STLcd/lcd_scan.c.o
                0x000000000000894d                lcdCmdCLIDict_DescEntry
 .rodata.STLcdDefaultImage
                0x0000000000008991      0x200 CMakeFiles/kiibohd.elf.dir/Scan/STLcd/lcd_scan.c.o
                0x0000000000008991                STLcdDefaultImage
 .rodata.lcdColorCLIDict_DescEntry
                0x0000000000008b91       0x45 CMakeFiles/kiibohd.elf.dir/Scan/STLcd/lcd_scan.c.o
                0x0000000000008b91                lcdColorCLIDict_DescEntry
 .rodata.lcdDispCLIDict_DescEntry
                0x0000000000008bd6       0x4e CMakeFiles/kiibohd.elf.dir/Scan/STLcd/lcd_scan.c.o
                0x0000000000008bd6                lcdDispCLIDict_DescEntry
 .rodata.lcdInitCLIDict_DescEntry
                0x0000000000008c24       0x1f CMakeFiles/kiibohd.elf.dir/Scan/STLcd/lcd_scan.c.o
                0x0000000000008c24                lcdInitCLIDict_DescEntry
 *fill*         0x0000000000008c43        0x1 
 .rodata        0x0000000000008c44       0x2f CMakeFiles/kiibohd.elf.dir/Scan/UARTConnect/connect_scan.c.o
 *fill*         0x0000000000008c73        0x1 
 .rodata.uartConnectCLIDict
                0x0000000000008c74       0x60 CMakeFiles/kiibohd.elf.dir/Scan/UARTConnect/connect_scan.c.o
                0x0000000000008c74                uartConnectCLIDict
 .rodata.connectDbgCLIDict_DescEntry
                0x0000000000008cd4       0x1f CMakeFiles/kiibohd.elf.dir/Scan/UARTConnect/connect_scan.c.o
                0x0000000000008cd4                connectDbgCLIDict_DescEntry
 .rodata.connectStsCLIDict_DescEntry
                0x0000000000008cf3       0x14 CMakeFiles/kiibohd.elf.dir/Scan/UARTConnect/connect_scan.c.o
                0x0000000000008cf3                connectStsCLIDict_DescEntry
 .rodata.str1.1
                0x0000000000008d07      0x5a6 CMakeFiles/kiibohd.elf.dir/Scan/UARTConnect/connect_scan.c.o
                                        0x5af (size before relaxing)
 .rodata.connectLstCLIDict_DescEntry
                0x00000000000092ad       0x32 CMakeFiles/kiibohd.elf.dir/Scan/UARTConnect/connect_scan.c.o
                0x00000000000092ad                connectLstCLIDict_DescEntry
 .rodata.uartConnectCLIDictName
                0x00000000000092df       0x1c CMakeFiles/kiibohd.elf.dir/Scan/UARTConnect/connect_scan.c.o
                0x00000000000092df                uartConnectCLIDictName
 .rodata.connectMstCLIDict_DescEntry
                0x00000000000092fb       0x3e CMakeFiles/kiibohd.elf.dir/Scan/UARTConnect/connect_scan.c.o
                0x00000000000092fb                connectMstCLIDict_DescEntry
 .rodata.connectRstCLIDict_DescEntry
                0x0000000000009339       0x3b CMakeFiles/kiibohd.elf.dir/Scan/UARTConnect/connect_scan.c.o
                0x0000000000009339                connectRstCLIDict_DescEntry
 .rodata.connectCmdCLIDict_DescEntry
                0x0000000000009374       0x6c CMakeFiles/kiibohd.elf.dir/Scan/UARTConnect/connect_scan.c.o
                0x0000000000009374                connectCmdCLIDict_DescEntry
 .rodata.connectIdlCLIDict_DescEntry
                0x00000000000093e0       0x61 CMakeFiles/kiibohd.elf.dir/Scan/UARTConnect/connect_scan.c.o
                0x00000000000093e0                connectIdlCLIDict_DescEntry
 .rodata.rm17_guide
                0x0000000000009441        0x4 CMakeFiles/kiibohd.elf.dir/Macro/PartialMap/macro.c.o
                0x0000000000009441                rm17_guide
 .rodata.rm34_guide
                0x0000000000009445        0x4 CMakeFiles/kiibohd.elf.dir/Macro/PartialMap/macro.c.o
                0x0000000000009445                rm34_guide
 .rodata.rm3_guide
                0x0000000000009449        0x4 CMakeFiles/kiibohd.elf.dir/Macro/PartialMap/macro.c.o
                0x0000000000009449                rm3_guide
 .rodata.tm34_guide
                0x000000000000944d        0x5 CMakeFiles/kiibohd.elf.dir/Macro/PartialMap/macro.c.o
                0x000000000000944d                tm34_guide
 *fill*         0x0000000000009452        0x2 
 .rodata.CapabilitiesList
                0x0000000000009454       0x78 CMakeFiles/kiibohd.elf.dir/Macro/PartialMap/macro.c.o
                0x0000000000009454                CapabilitiesList
 .rodata.rm36_guide
                0x00000000000094cc        0x4 CMakeFiles/kiibohd.elf.dir/Macro/PartialMap/macro.c.o
                0x00000000000094cc                rm36_guide
 .rodata.rm60_guide
                0x00000000000094d0        0x4 CMakeFiles/kiibohd.elf.dir/Macro/PartialMap/macro.c.o
                0x00000000000094d0                rm60_guide
 .rodata.tm36_guide
                0x00000000000094d4        0x5 CMakeFiles/kiibohd.elf.dir/Macro/PartialMap/macro.c.o
                0x00000000000094d4                tm36_guide
 .rodata.tm60_guide
                0x00000000000094d9        0x5 CMakeFiles/kiibohd.elf.dir/Macro/PartialMap/macro.c.o
                0x00000000000094d9                tm60_guide
 .rodata.rm5_guide
                0x00000000000094de        0x4 CMakeFiles/kiibohd.elf.dir/Macro/PartialMap/macro.c.o
                0x00000000000094de                rm5_guide
 .rodata.rm38_guide
                0x00000000000094e2        0x4 CMakeFiles/kiibohd.elf.dir/Macro/PartialMap/macro.c.o
                0x00000000000094e2                rm38_guide
 .rodata.rm62_guide
                0x00000000000094e6        0x4 CMakeFiles/kiibohd.elf.dir/Macro/PartialMap/macro.c.o
                0x00000000000094e6                rm62_guide
 .rodata.tm38_guide
                0x00000000000094ea        0x5 CMakeFiles/kiibohd.elf.dir/Macro/PartialMap/macro.c.o
                0x00000000000094ea                tm38_guide
 .rodata.tm62_guide
                0x00000000000094ef        0x5 CMakeFiles/kiibohd.elf.dir/Macro/PartialMap/macro.c.o
                0x00000000000094ef                tm62_guide
 .rodata.rm25_guide
                0x00000000000094f4        0x4 CMakeFiles/kiibohd.elf.dir/Macro/PartialMap/macro.c.o
                0x00000000000094f4                rm25_guide
 .rodata.rm64_guide
                0x00000000000094f8        0x4 CMakeFiles/kiibohd.elf.dir/Macro/PartialMap/macro.c.o
                0x00000000000094f8                rm64_guide
 .rodata.tm64_guide
                0x00000000000094fc        0x5 CMakeFiles/kiibohd.elf.dir/Macro/PartialMap/macro.c.o
                0x00000000000094fc                tm64_guide
 .rodata.rm35_guide
                0x0000000000009501        0x4 CMakeFiles/kiibohd.elf.dir/Macro/PartialMap/macro.c.o
                0x0000000000009501                rm35_guide
 .rodata.keyReleaseCLIDict_DescEntry
                0x0000000000009505       0x6b CMakeFiles/kiibohd.elf.dir/Macro/PartialMap/macro.c.o
                0x0000000000009505                keyReleaseCLIDict_DescEntry
 .rodata.default_tl_0x54
                0x0000000000009570        0x8 CMakeFiles/kiibohd.elf.dir/Macro/PartialMap/macro.c.o
                0x0000000000009570                default_tl_0x54
 .rodata.default_tl_0x1C
                0x0000000000009578        0x8 CMakeFiles/kiibohd.elf.dir/Macro/PartialMap/macro.c.o
                0x0000000000009578                default_tl_0x1C
 .rodata.rm15_guide
                0x0000000000009580        0x4 CMakeFiles/kiibohd.elf.dir/Macro/PartialMap/macro.c.o
                0x0000000000009580                rm15_guide
 .rodata.tm3_guide
                0x0000000000009584        0x5 CMakeFiles/kiibohd.elf.dir/Macro/PartialMap/macro.c.o
                0x0000000000009584                tm3_guide
 .rodata.tm66_guide
                0x0000000000009589        0x5 CMakeFiles/kiibohd.elf.dir/Macro/PartialMap/macro.c.o
                0x0000000000009589                tm66_guide
 .rodata.rm19_guide
                0x000000000000958e        0x4 CMakeFiles/kiibohd.elf.dir/Macro/PartialMap/macro.c.o
                0x000000000000958e                rm19_guide
 .rodata.str1.1
                0x0000000000009592      0x650 CMakeFiles/kiibohd.elf.dir/Macro/PartialMap/macro.c.o
                                        0x67a (size before relaxing)
 .rodata.rm20_guide
                0x0000000000009be2        0x4 CMakeFiles/kiibohd.elf.dir/Macro/PartialMap/macro.c.o
                0x0000000000009be2                rm20_guide
 .rodata.macroProcCLIDict_DescEntry
                0x0000000000009be6       0x1f CMakeFiles/kiibohd.elf.dir/Macro/PartialMap/macro.c.o
                0x0000000000009be6                macroProcCLIDict_DescEntry
 .rodata.tm15_guide
                0x0000000000009c05        0x5 CMakeFiles/kiibohd.elf.dir/Macro/PartialMap/macro.c.o
                0x0000000000009c05                tm15_guide
 .rodata.rm68_guide
                0x0000000000009c0a        0x4 CMakeFiles/kiibohd.elf.dir/Macro/PartialMap/macro.c.o
                0x0000000000009c0a                rm68_guide
 .rodata.rm41_guide
                0x0000000000009c0e        0x4 CMakeFiles/kiibohd.elf.dir/Macro/PartialMap/macro.c.o
                0x0000000000009c0e                rm41_guide
 .rodata.tm17_guide
                0x0000000000009c12        0x5 CMakeFiles/kiibohd.elf.dir/Macro/PartialMap/macro.c.o
                0x0000000000009c12                tm17_guide
 .rodata.tm68_guide
                0x0000000000009c17        0x5 CMakeFiles/kiibohd.elf.dir/Macro/PartialMap/macro.c.o
                0x0000000000009c17                tm68_guide
 .rodata.tm31_guide
                0x0000000000009c1c        0x5 CMakeFiles/kiibohd.elf.dir/Macro/PartialMap/macro.c.o
                0x0000000000009c1c                tm31_guide
 .rodata.keyPressCLIDict_DescEntry
                0x0000000000009c21       0x6e CMakeFiles/kiibohd.elf.dir/Macro/PartialMap/macro.c.o
                0x0000000000009c21                keyPressCLIDict_DescEntry
 .rodata.macroCLIDictName
                0x0000000000009c8f       0x16 CMakeFiles/kiibohd.elf.dir/Macro/PartialMap/macro.c.o
                0x0000000000009c8f                macroCLIDictName
 *fill*         0x0000000000009ca5        0x3 
 .rodata.layer1_tl_0x00
                0x0000000000009ca8        0x4 CMakeFiles/kiibohd.elf.dir/Macro/PartialMap/macro.c.o
                0x0000000000009ca8                layer1_tl_0x00
 .rodata.rm43_guide
                0x0000000000009cac        0x4 CMakeFiles/kiibohd.elf.dir/Macro/PartialMap/macro.c.o
                0x0000000000009cac                rm43_guide
 .rodata.tm19_guide
                0x0000000000009cb0        0x5 CMakeFiles/kiibohd.elf.dir/Macro/PartialMap/macro.c.o
                0x0000000000009cb0                tm19_guide
 .rodata.tm43_guide
                0x0000000000009cb5        0x5 CMakeFiles/kiibohd.elf.dir/Macro/PartialMap/macro.c.o
                0x0000000000009cb5                tm43_guide
 .rodata.rm8_guide
                0x0000000000009cba        0x4 CMakeFiles/kiibohd.elf.dir/Macro/PartialMap/macro.c.o
                0x0000000000009cba                rm8_guide
 .rodata.rm23_guide
                0x0000000000009cbe        0x4 CMakeFiles/kiibohd.elf.dir/Macro/PartialMap/macro.c.o
                0x0000000000009cbe                rm23_guide
 .rodata.layerDebugCLIDict_DescEntry
                0x0000000000009cc2       0x35 CMakeFiles/kiibohd.elf.dir/Macro/PartialMap/macro.c.o
                0x0000000000009cc2                layerDebugCLIDict_DescEntry
 .rodata.rm54_guide
                0x0000000000009cf7        0x4 CMakeFiles/kiibohd.elf.dir/Macro/PartialMap/macro.c.o
                0x0000000000009cf7                rm54_guide
 .rodata.rm7_guide
                0x0000000000009cfb        0x4 CMakeFiles/kiibohd.elf.dir/Macro/PartialMap/macro.c.o
                0x0000000000009cfb                rm7_guide
 .rodata.rm45_guide
                0x0000000000009cff        0x4 CMakeFiles/kiibohd.elf.dir/Macro/PartialMap/macro.c.o
                0x0000000000009cff                rm45_guide
 .rodata.rm37_guide
                0x0000000000009d03        0x4 CMakeFiles/kiibohd.elf.dir/Macro/PartialMap/macro.c.o
                0x0000000000009d03                rm37_guide
 .rodata.tm45_guide
                0x0000000000009d07        0x5 CMakeFiles/kiibohd.elf.dir/Macro/PartialMap/macro.c.o
                0x0000000000009d07                tm45_guide
 .rodata.default_tl_0x2E
                0x0000000000009d0c        0x4 CMakeFiles/kiibohd.elf.dir/Macro/PartialMap/macro.c.o
                0x0000000000009d0c                default_tl_0x2E
 .rodata.rm27_guide
                0x0000000000009d10        0x5 CMakeFiles/kiibohd.elf.dir/Macro/PartialMap/macro.c.o
                0x0000000000009d10                rm27_guide
 .rodata.tm23_guide
                0x0000000000009d15        0x5 CMakeFiles/kiibohd.elf.dir/Macro/PartialMap/macro.c.o
                0x0000000000009d15                tm23_guide
 .rodata.rm47_guide
                0x0000000000009d1a        0x4 CMakeFiles/kiibohd.elf.dir/Macro/PartialMap/macro.c.o
                0x0000000000009d1a                rm47_guide
 .rodata.rm10_guide
                0x0000000000009d1e        0x4 CMakeFiles/kiibohd.elf.dir/Macro/PartialMap/macro.c.o
                0x0000000000009d1e                rm10_guide
 .rodata.macroShowCLIDict_DescEntry
                0x0000000000009d22       0x84 CMakeFiles/kiibohd.elf.dir/Macro/PartialMap/macro.c.o
                0x0000000000009d22                macroShowCLIDict_DescEntry
 .rodata.tm47_guide
                0x0000000000009da6        0x5 CMakeFiles/kiibohd.elf.dir/Macro/PartialMap/macro.c.o
                0x0000000000009da6                tm47_guide
 .rodata.tm10_guide
                0x0000000000009dab        0x5 CMakeFiles/kiibohd.elf.dir/Macro/PartialMap/macro.c.o
                0x0000000000009dab                tm10_guide
 .rodata.tm71_guide
                0x0000000000009db0        0x5 CMakeFiles/kiibohd.elf.dir/Macro/PartialMap/macro.c.o
                0x0000000000009db0                tm71_guide
 *fill*         0x0000000000009db5        0x3 
 .rodata.default_tl_0x02
                0x0000000000009db8        0x8 CMakeFiles/kiibohd.elf.dir/Macro/PartialMap/macro.c.o
                0x0000000000009db8                default_tl_0x02
 .rodata.default_tl_0x03
                0x0000000000009dc0        0x8 CMakeFiles/kiibohd.elf.dir/Macro/PartialMap/macro.c.o
                0x0000000000009dc0                default_tl_0x03
 .rodata.default_tl_0x04
                0x0000000000009dc8        0x8 CMakeFiles/kiibohd.elf.dir/Macro/PartialMap/macro.c.o
                0x0000000000009dc8                default_tl_0x04
 .rodata.default_tl_0x05
                0x0000000000009dd0        0x8 CMakeFiles/kiibohd.elf.dir/Macro/PartialMap/macro.c.o
                0x0000000000009dd0                default_tl_0x05
 .rodata.default_tl_0x06
                0x0000000000009dd8        0x8 CMakeFiles/kiibohd.elf.dir/Macro/PartialMap/macro.c.o
                0x0000000000009dd8                default_tl_0x06
 .rodata.default_tl_0x07
                0x0000000000009de0        0x8 CMakeFiles/kiibohd.elf.dir/Macro/PartialMap/macro.c.o
                0x0000000000009de0                default_tl_0x07
 .rodata.default_tl_0x08
                0x0000000000009de8        0x8 CMakeFiles/kiibohd.elf.dir/Macro/PartialMap/macro.c.o
                0x0000000000009de8                default_tl_0x08
 .rodata.default_tl_0x09
                0x0000000000009df0        0x4 CMakeFiles/kiibohd.elf.dir/Macro/PartialMap/macro.c.o
                0x0000000000009df0                default_tl_0x09
 .rodata.rm55_guide
                0x0000000000009df4        0x4 CMakeFiles/kiibohd.elf.dir/Macro/PartialMap/macro.c.o
                0x0000000000009df4                rm55_guide
 .rodata.tm1_guide
                0x0000000000009df8        0x5 CMakeFiles/kiibohd.elf.dir/Macro/PartialMap/macro.c.o
                0x0000000000009df8                tm1_guide
 .rodata.rm13_guide
                0x0000000000009dfd        0x4 CMakeFiles/kiibohd.elf.dir/Macro/PartialMap/macro.c.o
                0x0000000000009dfd                rm13_guide
 .rodata.tm49_guide
                0x0000000000009e01        0x5 CMakeFiles/kiibohd.elf.dir/Macro/PartialMap/macro.c.o
                0x0000000000009e01                tm49_guide
 .rodata.tm12_guide
                0x0000000000009e06        0x5 CMakeFiles/kiibohd.elf.dir/Macro/PartialMap/macro.c.o
                0x0000000000009e06                tm12_guide
 .rodata.tm73_guide
                0x0000000000009e0b        0x5 CMakeFiles/kiibohd.elf.dir/Macro/PartialMap/macro.c.o
                0x0000000000009e0b                tm73_guide
 .rodata.default_tl_0x0A
                0x0000000000009e10        0x4 CMakeFiles/kiibohd.elf.dir/Macro/PartialMap/macro.c.o
                0x0000000000009e10                default_tl_0x0A
 .rodata.default_tl_0x0B
                0x0000000000009e14        0x8 CMakeFiles/kiibohd.elf.dir/Macro/PartialMap/macro.c.o
                0x0000000000009e14                default_tl_0x0B
 .rodata.default_tl_0x0C
                0x0000000000009e1c        0x8 CMakeFiles/kiibohd.elf.dir/Macro/PartialMap/macro.c.o
                0x0000000000009e1c                default_tl_0x0C
 .rodata.default_tl_0x0D
                0x0000000000009e24        0x8 CMakeFiles/kiibohd.elf.dir/Macro/PartialMap/macro.c.o
                0x0000000000009e24                default_tl_0x0D
 .rodata.default_tl_0x0E
                0x0000000000009e2c        0x8 CMakeFiles/kiibohd.elf.dir/Macro/PartialMap/macro.c.o
                0x0000000000009e2c                default_tl_0x0E
 .rodata.default_tl_0x0F
                0x0000000000009e34        0x8 CMakeFiles/kiibohd.elf.dir/Macro/PartialMap/macro.c.o
                0x0000000000009e34                default_tl_0x0F
 .rodata.InterconnectOffsetList
                0x0000000000009e3c        0x2 CMakeFiles/kiibohd.elf.dir/Macro/PartialMap/macro.c.o
                0x0000000000009e3c                InterconnectOffsetList
 *fill*         0x0000000000009e3e        0x2 
 .rodata.ResultMacroList
                0x0000000000009e40      0x114 CMakeFiles/kiibohd.elf.dir/Macro/PartialMap/macro.c.o
                0x0000000000009e40                ResultMacroList
 .rodata.tm2_guide
                0x0000000000009f54        0x5 CMakeFiles/kiibohd.elf.dir/Macro/PartialMap/macro.c.o
                0x0000000000009f54                tm2_guide
 .rodata.tm14_guide
                0x0000000000009f59        0x5 CMakeFiles/kiibohd.elf.dir/Macro/PartialMap/macro.c.o
                0x0000000000009f59                tm14_guide
 .rodata.tm75_guide
                0x0000000000009f5e        0x5 CMakeFiles/kiibohd.elf.dir/Macro/PartialMap/macro.c.o
                0x0000000000009f5e                tm75_guide
 *fill*         0x0000000000009f63        0x1 
 .rodata.default_tl_0x24
                0x0000000000009f64        0x8 CMakeFiles/kiibohd.elf.dir/Macro/PartialMap/macro.c.o
                0x0000000000009f64                default_tl_0x24
 .rodata.tm5_guide
                0x0000000000009f6c        0x5 CMakeFiles/kiibohd.elf.dir/Macro/PartialMap/macro.c.o
                0x0000000000009f6c                tm5_guide
 .rodata.rm50_guide
                0x0000000000009f71        0x4 CMakeFiles/kiibohd.elf.dir/Macro/PartialMap/macro.c.o
                0x0000000000009f71                rm50_guide
 .rodata.tm26_guide
                0x0000000000009f75        0x5 CMakeFiles/kiibohd.elf.dir/Macro/PartialMap/macro.c.o
                0x0000000000009f75                tm26_guide
 .rodata.tm50_guide
                0x0000000000009f7a        0x5 CMakeFiles/kiibohd.elf.dir/Macro/PartialMap/macro.c.o
                0x0000000000009f7a                tm50_guide
 .rodata.rm22_guide
                0x0000000000009f7f        0x4 CMakeFiles/kiibohd.elf.dir/Macro/PartialMap/macro.c.o
                0x0000000000009f7f                rm22_guide
 .rodata.rm56_guide
                0x0000000000009f83        0x4 CMakeFiles/kiibohd.elf.dir/Macro/PartialMap/macro.c.o
                0x0000000000009f83                rm56_guide
 .rodata.rm9_guide
                0x0000000000009f87        0x5 CMakeFiles/kiibohd.elf.dir/Macro/PartialMap/macro.c.o
                0x0000000000009f87                rm9_guide
 .rodata.tm7_guide
                0x0000000000009f8c        0x5 CMakeFiles/kiibohd.elf.dir/Macro/PartialMap/macro.c.o
                0x0000000000009f8c                tm7_guide
 .rodata.rm52_guide
                0x0000000000009f91        0x4 CMakeFiles/kiibohd.elf.dir/Macro/PartialMap/macro.c.o
                0x0000000000009f91                rm52_guide
 .rodata.tm28_guide
                0x0000000000009f95        0x5 CMakeFiles/kiibohd.elf.dir/Macro/PartialMap/macro.c.o
                0x0000000000009f95                tm28_guide
 .rodata.tm52_guide
                0x0000000000009f9a        0x5 CMakeFiles/kiibohd.elf.dir/Macro/PartialMap/macro.c.o
                0x0000000000009f9a                tm52_guide
 *fill*         0x0000000000009f9f        0x1 
 .rodata.default_tl_0x2C
                0x0000000000009fa0        0x8 CMakeFiles/kiibohd.elf.dir/Macro/PartialMap/macro.c.o
                0x0000000000009fa0                default_tl_0x2C
 .rodata.default_tl_0x10
                0x0000000000009fa8        0x8 CMakeFiles/kiibohd.elf.dir/Macro/PartialMap/macro.c.o
                0x0000000000009fa8                default_tl_0x10
 .rodata.default_tl_0x11
                0x0000000000009fb0        0x8 CMakeFiles/kiibohd.elf.dir/Macro/PartialMap/macro.c.o
                0x0000000000009fb0                default_tl_0x11
 .rodata.default_tl_0x12
                0x0000000000009fb8        0x4 CMakeFiles/kiibohd.elf.dir/Macro/PartialMap/macro.c.o
                0x0000000000009fb8                default_tl_0x12
 .rodata.default_tl_0x13
                0x0000000000009fbc        0x4 CMakeFiles/kiibohd.elf.dir/Macro/PartialMap/macro.c.o
                0x0000000000009fbc                default_tl_0x13
 .rodata.default_tl_0x14
                0x0000000000009fc0        0x4 CMakeFiles/kiibohd.elf.dir/Macro/PartialMap/macro.c.o
                0x0000000000009fc0                default_tl_0x14
 .rodata.default_tl_0x15
                0x0000000000009fc4        0x8 CMakeFiles/kiibohd.elf.dir/Macro/PartialMap/macro.c.o
                0x0000000000009fc4                default_tl_0x15
 .rodata.default_tl_0x16
                0x0000000000009fcc        0x8 CMakeFiles/kiibohd.elf.dir/Macro/PartialMap/macro.c.o
                0x0000000000009fcc                default_tl_0x16
 .rodata.default_tl_0x17
                0x0000000000009fd4        0x8 CMakeFiles/kiibohd.elf.dir/Macro/PartialMap/macro.c.o
                0x0000000000009fd4                default_tl_0x17
 .rodata.default_tl_0x18
                0x0000000000009fdc        0x8 CMakeFiles/kiibohd.elf.dir/Macro/PartialMap/macro.c.o
                0x0000000000009fdc                default_tl_0x18
 .rodata.default_tl_0x19
                0x0000000000009fe4        0x8 CMakeFiles/kiibohd.elf.dir/Macro/PartialMap/macro.c.o
                0x0000000000009fe4                default_tl_0x19
 .rodata.tm54_guide
                0x0000000000009fec        0x5 CMakeFiles/kiibohd.elf.dir/Macro/PartialMap/macro.c.o
                0x0000000000009fec                tm54_guide
 *fill*         0x0000000000009ff1        0x3 
 .rodata.default_tl_0x1A
                0x0000000000009ff4        0x8 CMakeFiles/kiibohd.elf.dir/Macro/PartialMap/macro.c.o
                0x0000000000009ff4                default_tl_0x1A
 .rodata.default_tl_0x1B
                0x0000000000009ffc        0x8 CMakeFiles/kiibohd.elf.dir/Macro/PartialMap/macro.c.o
                0x0000000000009ffc                default_tl_0x1B
 .rodata.default_tl_0x1D
                0x000000000000a004        0x8 CMakeFiles/kiibohd.elf.dir/Macro/PartialMap/macro.c.o
                0x000000000000a004                default_tl_0x1D
 .rodata.default_tl_0x1E
                0x000000000000a00c        0x8 CMakeFiles/kiibohd.elf.dir/Macro/PartialMap/macro.c.o
                0x000000000000a00c                default_tl_0x1E
 .rodata.default_tl_0x1F
                0x000000000000a014        0x8 CMakeFiles/kiibohd.elf.dir/Macro/PartialMap/macro.c.o
                0x000000000000a014                default_tl_0x1F
 .rodata.rm49_guide
                0x000000000000a01c        0x4 CMakeFiles/kiibohd.elf.dir/Macro/PartialMap/macro.c.o
                0x000000000000a01c                rm49_guide
 .rodata.tm56_guide
                0x000000000000a020        0x5 CMakeFiles/kiibohd.elf.dir/Macro/PartialMap/macro.c.o
                0x000000000000a020                tm56_guide
 *fill*         0x000000000000a025        0x3 
 .rodata.LayerIndex
                0x000000000000a028       0x18 CMakeFiles/kiibohd.elf.dir/Macro/PartialMap/macro.c.o
                0x000000000000a028                LayerIndex
 .rodata.rm58_guide
                0x000000000000a040        0x4 CMakeFiles/kiibohd.elf.dir/Macro/PartialMap/macro.c.o
                0x000000000000a040                rm58_guide
 .rodata.tm0_guide
                0x000000000000a044        0x5 CMakeFiles/kiibohd.elf.dir/Macro/PartialMap/macro.c.o
                0x000000000000a044                tm0_guide
 .rodata.rm0_guide
                0x000000000000a049        0x4 CMakeFiles/kiibohd.elf.dir/Macro/PartialMap/macro.c.o
                0x000000000000a049                rm0_guide
 .rodata.tm58_guide
                0x000000000000a04d        0x5 CMakeFiles/kiibohd.elf.dir/Macro/PartialMap/macro.c.o
                0x000000000000a04d                tm58_guide
 .rodata.tm21_guide
                0x000000000000a052        0x5 CMakeFiles/kiibohd.elf.dir/Macro/PartialMap/macro.c.o
                0x000000000000a052                tm21_guide
 .rodata.layerStateCLIDict_DescEntry
                0x000000000000a057       0x87 CMakeFiles/kiibohd.elf.dir/Macro/PartialMap/macro.c.o
                0x000000000000a057                layerStateCLIDict_DescEntry
 .rodata.rm4_guide
                0x000000000000a0de        0x4 CMakeFiles/kiibohd.elf.dir/Macro/PartialMap/macro.c.o
                0x000000000000a0de                rm4_guide
 .rodata.rm33_guide
                0x000000000000a0e2        0x4 CMakeFiles/kiibohd.elf.dir/Macro/PartialMap/macro.c.o
                0x000000000000a0e2                rm33_guide
 .rodata.rm2_guide
                0x000000000000a0e6        0x4 CMakeFiles/kiibohd.elf.dir/Macro/PartialMap/macro.c.o
                0x000000000000a0e6                rm2_guide
 .rodata.tm33_guide
                0x000000000000a0ea        0x5 CMakeFiles/kiibohd.elf.dir/Macro/PartialMap/macro.c.o
                0x000000000000a0ea                tm33_guide
 .rodata.rm24_guide
                0x000000000000a0ef        0x4 CMakeFiles/kiibohd.elf.dir/Macro/PartialMap/macro.c.o
                0x000000000000a0ef                rm24_guide
 *fill*         0x000000000000a0f3        0x1 
 .rodata.default_tl_0x20
                0x000000000000a0f4        0x8 CMakeFiles/kiibohd.elf.dir/Macro/PartialMap/macro.c.o
                0x000000000000a0f4                default_tl_0x20
 .rodata.default_tl_0x21
                0x000000000000a0fc        0x8 CMakeFiles/kiibohd.elf.dir/Macro/PartialMap/macro.c.o
                0x000000000000a0fc                default_tl_0x21
 .rodata.default_tl_0x22
                0x000000000000a104        0x8 CMakeFiles/kiibohd.elf.dir/Macro/PartialMap/macro.c.o
                0x000000000000a104                default_tl_0x22
 .rodata.default_tl_0x23
                0x000000000000a10c        0x8 CMakeFiles/kiibohd.elf.dir/Macro/PartialMap/macro.c.o
                0x000000000000a10c                default_tl_0x23
 .rodata.tm35_guide
                0x000000000000a114        0x5 CMakeFiles/kiibohd.elf.dir/Macro/PartialMap/macro.c.o
                0x000000000000a114                tm35_guide
 *fill*         0x000000000000a119        0x3 
 .rodata.default_tl_0x25
                0x000000000000a11c        0x8 CMakeFiles/kiibohd.elf.dir/Macro/PartialMap/macro.c.o
                0x000000000000a11c                default_tl_0x25
 .rodata.default_tl_0x26
                0x000000000000a124        0x8 CMakeFiles/kiibohd.elf.dir/Macro/PartialMap/macro.c.o
                0x000000000000a124                default_tl_0x26
 .rodata.default_tl_0x27
                0x000000000000a12c        0x8 CMakeFiles/kiibohd.elf.dir/Macro/PartialMap/macro.c.o
                0x000000000000a12c                default_tl_0x27
 .rodata.default_tl_0x28
                0x000000000000a134        0x8 CMakeFiles/kiibohd.elf.dir/Macro/PartialMap/macro.c.o
                0x000000000000a134                default_tl_0x28
 .rodata.default_tl_0x29
                0x000000000000a13c        0x8 CMakeFiles/kiibohd.elf.dir/Macro/PartialMap/macro.c.o
                0x000000000000a13c                default_tl_0x29
 .rodata.tm42_guide
                0x000000000000a144        0x5 CMakeFiles/kiibohd.elf.dir/Macro/PartialMap/macro.c.o
                0x000000000000a144                tm42_guide
 .rodata.layerListCLIDict_DescEntry
                0x000000000000a149       0x17 CMakeFiles/kiibohd.elf.dir/Macro/PartialMap/macro.c.o
                0x000000000000a149                layerListCLIDict_DescEntry
 .rodata.tm51_guide
                0x000000000000a160        0x5 CMakeFiles/kiibohd.elf.dir/Macro/PartialMap/macro.c.o
                0x000000000000a160                tm51_guide
 *fill*         0x000000000000a165        0x3 
 .rodata.default_tl_0x2A
                0x000000000000a168        0x8 CMakeFiles/kiibohd.elf.dir/Macro/PartialMap/macro.c.o
                0x000000000000a168                default_tl_0x2A
 .rodata.default_tl_0x2B
                0x000000000000a170        0x8 CMakeFiles/kiibohd.elf.dir/Macro/PartialMap/macro.c.o
                0x000000000000a170                default_tl_0x2B
 .rodata.tm37_guide
                0x000000000000a178        0x5 CMakeFiles/kiibohd.elf.dir/Macro/PartialMap/macro.c.o
                0x000000000000a178                tm37_guide
 *fill*         0x000000000000a17d        0x3 
 .rodata.default_tl_0x2D
                0x000000000000a180        0x4 CMakeFiles/kiibohd.elf.dir/Macro/PartialMap/macro.c.o
                0x000000000000a180                default_tl_0x2D
 .rodata.tm61_guide
                0x000000000000a184        0x5 CMakeFiles/kiibohd.elf.dir/Macro/PartialMap/macro.c.o
                0x000000000000a184                tm61_guide
 *fill*         0x000000000000a189        0x3 
 .rodata.default_tl_0x2F
                0x000000000000a18c        0x8 CMakeFiles/kiibohd.elf.dir/Macro/PartialMap/macro.c.o
                0x000000000000a18c                default_tl_0x2F
 .rodata.rm31_guide
                0x000000000000a194        0x4 CMakeFiles/kiibohd.elf.dir/Macro/PartialMap/macro.c.o
                0x000000000000a194                rm31_guide
 .rodata.rm18_guide
                0x000000000000a198        0x4 CMakeFiles/kiibohd.elf.dir/Macro/PartialMap/macro.c.o
                0x000000000000a198                rm18_guide
 .rodata.default_tl_0x30
                0x000000000000a19c        0x8 CMakeFiles/kiibohd.elf.dir/Macro/PartialMap/macro.c.o
                0x000000000000a19c                default_tl_0x30
 .rodata.rm39_guide
                0x000000000000a1a4        0x4 CMakeFiles/kiibohd.elf.dir/Macro/PartialMap/macro.c.o
                0x000000000000a1a4                rm39_guide
 .rodata.tm4_guide
                0x000000000000a1a8        0x5 CMakeFiles/kiibohd.elf.dir/Macro/PartialMap/macro.c.o
                0x000000000000a1a8                tm4_guide
 .rodata.tm9_guide
                0x000000000000a1ad        0x5 CMakeFiles/kiibohd.elf.dir/Macro/PartialMap/macro.c.o
                0x000000000000a1ad                tm9_guide
 .rodata.tm39_guide
                0x000000000000a1b2        0x5 CMakeFiles/kiibohd.elf.dir/Macro/PartialMap/macro.c.o
                0x000000000000a1b2                tm39_guide
 .rodata.tm63_guide
                0x000000000000a1b7        0x5 CMakeFiles/kiibohd.elf.dir/Macro/PartialMap/macro.c.o
                0x000000000000a1b7                tm63_guide
 .rodata.macroCLIDict
                0x000000000000a1bc       0xa8 CMakeFiles/kiibohd.elf.dir/Macro/PartialMap/macro.c.o
                0x000000000000a1bc                macroCLIDict
 .rodata.rm66_guide
                0x000000000000a264        0x4 CMakeFiles/kiibohd.elf.dir/Macro/PartialMap/macro.c.o
                0x000000000000a264                rm66_guide
 .rodata.keyHoldCLIDict_DescEntry
                0x000000000000a268       0x6d CMakeFiles/kiibohd.elf.dir/Macro/PartialMap/macro.c.o
                0x000000000000a268                keyHoldCLIDict_DescEntry
 .rodata.rm14_guide
                0x000000000000a2d5        0x4 CMakeFiles/kiibohd.elf.dir/Macro/PartialMap/macro.c.o
                0x000000000000a2d5                rm14_guide
 .rodata.rm65_guide
                0x000000000000a2d9        0x4 CMakeFiles/kiibohd.elf.dir/Macro/PartialMap/macro.c.o
                0x000000000000a2d9                rm65_guide
 .rodata.tm40_guide
                0x000000000000a2dd        0x5 CMakeFiles/kiibohd.elf.dir/Macro/PartialMap/macro.c.o
                0x000000000000a2dd                tm40_guide
 .rodata.rm26_guide
                0x000000000000a2e2        0x4 CMakeFiles/kiibohd.elf.dir/Macro/PartialMap/macro.c.o
                0x000000000000a2e2                rm26_guide
 .rodata.tm65_guide
                0x000000000000a2e6        0x5 CMakeFiles/kiibohd.elf.dir/Macro/PartialMap/macro.c.o
                0x000000000000a2e6                tm65_guide
 *fill*         0x000000000000a2eb        0x1 
 .rodata.default_tl_0x3E
                0x000000000000a2ec        0x8 CMakeFiles/kiibohd.elf.dir/Macro/PartialMap/macro.c.o
                0x000000000000a2ec                default_tl_0x3E
 .rodata.rm6_guide
                0x000000000000a2f4        0x4 CMakeFiles/kiibohd.elf.dir/Macro/PartialMap/macro.c.o
                0x000000000000a2f4                rm6_guide
 .rodata.rm16_guide
                0x000000000000a2f8        0x4 CMakeFiles/kiibohd.elf.dir/Macro/PartialMap/macro.c.o
                0x000000000000a2f8                rm16_guide
 .rodata.rm67_guide
                0x000000000000a2fc        0x4 CMakeFiles/kiibohd.elf.dir/Macro/PartialMap/macro.c.o
                0x000000000000a2fc                rm67_guide
 .rodata.rm40_guide
                0x000000000000a300        0x4 CMakeFiles/kiibohd.elf.dir/Macro/PartialMap/macro.c.o
                0x000000000000a300                rm40_guide
 .rodata.tm16_guide
                0x000000000000a304        0x5 CMakeFiles/kiibohd.elf.dir/Macro/PartialMap/macro.c.o
                0x000000000000a304                tm16_guide
 .rodata.tm67_guide
                0x000000000000a309        0x5 CMakeFiles/kiibohd.elf.dir/Macro/PartialMap/macro.c.o
                0x000000000000a309                tm67_guide
 .rodata.tm30_guide
                0x000000000000a30e        0x5 CMakeFiles/kiibohd.elf.dir/Macro/PartialMap/macro.c.o
                0x000000000000a30e                tm30_guide
 *fill*         0x000000000000a313        0x1 
 .rodata.default_tl_0x31
                0x000000000000a314        0x8 CMakeFiles/kiibohd.elf.dir/Macro/PartialMap/macro.c.o
                0x000000000000a314                default_tl_0x31
 .rodata.default_tl_0x32
                0x000000000000a31c        0x8 CMakeFiles/kiibohd.elf.dir/Macro/PartialMap/macro.c.o
                0x000000000000a31c                default_tl_0x32
 .rodata.default_tl_0x33
                0x000000000000a324        0x8 CMakeFiles/kiibohd.elf.dir/Macro/PartialMap/macro.c.o
                0x000000000000a324                default_tl_0x33
 .rodata.default_tl_0x34
                0x000000000000a32c        0x8 CMakeFiles/kiibohd.elf.dir/Macro/PartialMap/macro.c.o
                0x000000000000a32c                default_tl_0x34
 .rodata.default_tl_0x35
                0x000000000000a334        0x8 CMakeFiles/kiibohd.elf.dir/Macro/PartialMap/macro.c.o
                0x000000000000a334                default_tl_0x35
 .rodata.default_tl_0x36
                0x000000000000a33c        0x4 CMakeFiles/kiibohd.elf.dir/Macro/PartialMap/macro.c.o
                0x000000000000a33c                default_tl_0x36
 .rodata.default_tl_0x37
                0x000000000000a340        0x4 CMakeFiles/kiibohd.elf.dir/Macro/PartialMap/macro.c.o
                0x000000000000a340                default_tl_0x37
 .rodata.default_tl_0x38
                0x000000000000a344        0x8 CMakeFiles/kiibohd.elf.dir/Macro/PartialMap/macro.c.o
                0x000000000000a344                default_tl_0x38
 .rodata.default_tl_0x39
                0x000000000000a34c        0x8 CMakeFiles/kiibohd.elf.dir/Macro/PartialMap/macro.c.o
                0x000000000000a34c                default_tl_0x39
 .rodata.rm42_guide
                0x000000000000a354        0x4 CMakeFiles/kiibohd.elf.dir/Macro/PartialMap/macro.c.o
                0x000000000000a354                rm42_guide
 .rodata.tm18_guide
                0x000000000000a358        0x5 CMakeFiles/kiibohd.elf.dir/Macro/PartialMap/macro.c.o
                0x000000000000a358                tm18_guide
 .rodata.tm69_guide
                0x000000000000a35d        0x5 CMakeFiles/kiibohd.elf.dir/Macro/PartialMap/macro.c.o
                0x000000000000a35d                tm69_guide
 .rodata.tm32_guide
                0x000000000000a362        0x5 CMakeFiles/kiibohd.elf.dir/Macro/PartialMap/macro.c.o
                0x000000000000a362                tm32_guide
 *fill*         0x000000000000a367        0x1 
 .rodata.default_tl_0x3A
                0x000000000000a368        0x8 CMakeFiles/kiibohd.elf.dir/Macro/PartialMap/macro.c.o
                0x000000000000a368                default_tl_0x3A
 .rodata.default_tl_0x3B
                0x000000000000a370        0x8 CMakeFiles/kiibohd.elf.dir/Macro/PartialMap/macro.c.o
                0x000000000000a370                default_tl_0x3B
 .rodata.default_tl_0x3C
                0x000000000000a378        0x8 CMakeFiles/kiibohd.elf.dir/Macro/PartialMap/macro.c.o
                0x000000000000a378                default_tl_0x3C
 .rodata.default_tl_0x3D
                0x000000000000a380        0x8 CMakeFiles/kiibohd.elf.dir/Macro/PartialMap/macro.c.o
                0x000000000000a380                default_tl_0x3D
 .rodata.capListCLIDict_DescEntry
                0x000000000000a388       0x3c CMakeFiles/kiibohd.elf.dir/Macro/PartialMap/macro.c.o
                0x000000000000a388                capListCLIDict_DescEntry
 .rodata.default_tl_0x3F
                0x000000000000a3c4        0x4 CMakeFiles/kiibohd.elf.dir/Macro/PartialMap/macro.c.o
                0x000000000000a3c4                default_tl_0x3F
 .rodata.rm12_guide
                0x000000000000a3c8        0x4 CMakeFiles/kiibohd.elf.dir/Macro/PartialMap/macro.c.o
                0x000000000000a3c8                rm12_guide
 .rodata.tm44_guide
                0x000000000000a3cc        0x5 CMakeFiles/kiibohd.elf.dir/Macro/PartialMap/macro.c.o
                0x000000000000a3cc                tm44_guide
 .rodata.rm61_guide
                0x000000000000a3d1        0x4 CMakeFiles/kiibohd.elf.dir/Macro/PartialMap/macro.c.o
                0x000000000000a3d1                rm61_guide
 .rodata.rm46_guide
                0x000000000000a3d5        0x4 CMakeFiles/kiibohd.elf.dir/Macro/PartialMap/macro.c.o
                0x000000000000a3d5                rm46_guide
 .rodata.tm46_guide
                0x000000000000a3d9        0x5 CMakeFiles/kiibohd.elf.dir/Macro/PartialMap/macro.c.o
                0x000000000000a3d9                tm46_guide
 .rodata.tm70_guide
                0x000000000000a3de        0x5 CMakeFiles/kiibohd.elf.dir/Macro/PartialMap/macro.c.o
                0x000000000000a3de                tm70_guide
 .rodata.macroStepCLIDict_DescEntry
                0x000000000000a3e3       0x2c CMakeFiles/kiibohd.elf.dir/Macro/PartialMap/macro.c.o
                0x000000000000a3e3                macroStepCLIDict_DescEntry
 .rodata.macroDebugCLIDict_DescEntry
                0x000000000000a40f       0x51 CMakeFiles/kiibohd.elf.dir/Macro/PartialMap/macro.c.o
                0x000000000000a40f                macroDebugCLIDict_DescEntry
 .rodata.rm48_guide
                0x000000000000a460        0x4 CMakeFiles/kiibohd.elf.dir/Macro/PartialMap/macro.c.o
                0x000000000000a460                rm48_guide
 .rodata.rm11_guide
                0x000000000000a464        0x4 CMakeFiles/kiibohd.elf.dir/Macro/PartialMap/macro.c.o
                0x000000000000a464                rm11_guide
 .rodata.tm48_guide
                0x000000000000a468        0x5 CMakeFiles/kiibohd.elf.dir/Macro/PartialMap/macro.c.o
                0x000000000000a468                tm48_guide
 .rodata.tm11_guide
                0x000000000000a46d        0x5 CMakeFiles/kiibohd.elf.dir/Macro/PartialMap/macro.c.o
                0x000000000000a46d                tm11_guide
 .rodata.tm72_guide
                0x000000000000a472        0x5 CMakeFiles/kiibohd.elf.dir/Macro/PartialMap/macro.c.o
                0x000000000000a472                tm72_guide
 *fill*         0x000000000000a477        0x1 
 .rodata.default_tl_0x40
                0x000000000000a478        0x4 CMakeFiles/kiibohd.elf.dir/Macro/PartialMap/macro.c.o
                0x000000000000a478                default_tl_0x40
 .rodata.default_tl_0x41
                0x000000000000a47c        0x4 CMakeFiles/kiibohd.elf.dir/Macro/PartialMap/macro.c.o
                0x000000000000a47c                default_tl_0x41
 .rodata.default_tl_0x42
                0x000000000000a480        0x8 CMakeFiles/kiibohd.elf.dir/Macro/PartialMap/macro.c.o
                0x000000000000a480                default_tl_0x42
 .rodata.TriggerMacroList
                0x000000000000a488      0x260 CMakeFiles/kiibohd.elf.dir/Macro/PartialMap/macro.c.o
                0x000000000000a488                TriggerMacroList
 .rodata.default_tl_0x44
                0x000000000000a6e8        0x8 CMakeFiles/kiibohd.elf.dir/Macro/PartialMap/macro.c.o
                0x000000000000a6e8                default_tl_0x44
 .rodata.default_tl_0x45
                0x000000000000a6f0        0x8 CMakeFiles/kiibohd.elf.dir/Macro/PartialMap/macro.c.o
                0x000000000000a6f0                default_tl_0x45
 .rodata.default_tl_0x46
                0x000000000000a6f8        0x8 CMakeFiles/kiibohd.elf.dir/Macro/PartialMap/macro.c.o
                0x000000000000a6f8                default_tl_0x46
 .rodata.default_tl_0x47
                0x000000000000a700        0x8 CMakeFiles/kiibohd.elf.dir/Macro/PartialMap/macro.c.o
                0x000000000000a700                default_tl_0x47
 .rodata.default_tl_0x48
                0x000000000000a708        0x8 CMakeFiles/kiibohd.elf.dir/Macro/PartialMap/macro.c.o
                0x000000000000a708                default_tl_0x48
 .rodata.tm13_guide
                0x000000000000a710        0x5 CMakeFiles/kiibohd.elf.dir/Macro/PartialMap/macro.c.o
                0x000000000000a710                tm13_guide
 .rodata.tm74_guide
                0x000000000000a715        0x5 CMakeFiles/kiibohd.elf.dir/Macro/PartialMap/macro.c.o
                0x000000000000a715                tm74_guide
 .rodata.rm28_guide
                0x000000000000a71a        0x4 CMakeFiles/kiibohd.elf.dir/Macro/PartialMap/macro.c.o
                0x000000000000a71a                rm28_guide
 .rodata.tm24_guide
                0x000000000000a71e        0x5 CMakeFiles/kiibohd.elf.dir/Macro/PartialMap/macro.c.o
                0x000000000000a71e                tm24_guide
 *fill*         0x000000000000a723        0x1 
 .rodata.default_tl_0x4A
                0x000000000000a724        0x8 CMakeFiles/kiibohd.elf.dir/Macro/PartialMap/macro.c.o
                0x000000000000a724                default_tl_0x4A
 .rodata.default_tl_0x4B
                0x000000000000a72c        0x8 CMakeFiles/kiibohd.elf.dir/Macro/PartialMap/macro.c.o
                0x000000000000a72c                default_tl_0x4B
 .rodata.default_tl_0x4C
                0x000000000000a734        0x8 CMakeFiles/kiibohd.elf.dir/Macro/PartialMap/macro.c.o
                0x000000000000a734                default_tl_0x4C
 .rodata.default_tl_0x4D
                0x000000000000a73c        0x8 CMakeFiles/kiibohd.elf.dir/Macro/PartialMap/macro.c.o
                0x000000000000a73c                default_tl_0x4D
 .rodata.default_tl_0x4E
                0x000000000000a744        0x8 CMakeFiles/kiibohd.elf.dir/Macro/PartialMap/macro.c.o
                0x000000000000a744                default_tl_0x4E
 .rodata.default_tl_0x4F
                0x000000000000a74c        0x8 CMakeFiles/kiibohd.elf.dir/Macro/PartialMap/macro.c.o
                0x000000000000a74c                default_tl_0x4F
 .rodata.tm25_guide
                0x000000000000a754        0x5 CMakeFiles/kiibohd.elf.dir/Macro/PartialMap/macro.c.o
                0x000000000000a754                tm25_guide
 .rodata.capSelectCLIDict_DescEntry
                0x000000000000a759       0x76 CMakeFiles/kiibohd.elf.dir/Macro/PartialMap/macro.c.o
                0x000000000000a759                capSelectCLIDict_DescEntry
 .rodata.tm6_guide
                0x000000000000a7cf        0x5 CMakeFiles/kiibohd.elf.dir/Macro/PartialMap/macro.c.o
                0x000000000000a7cf                tm6_guide
 .rodata.default_tl_0x43
                0x000000000000a7d4        0x8 CMakeFiles/kiibohd.elf.dir/Macro/PartialMap/macro.c.o
                0x000000000000a7d4                default_tl_0x43
 .rodata.rm51_guide
                0x000000000000a7dc        0x4 CMakeFiles/kiibohd.elf.dir/Macro/PartialMap/macro.c.o
                0x000000000000a7dc                rm51_guide
 .rodata.tm27_guide
                0x000000000000a7e0        0x5 CMakeFiles/kiibohd.elf.dir/Macro/PartialMap/macro.c.o
                0x000000000000a7e0                tm27_guide
 .rodata.rm21_guide
                0x000000000000a7e5        0x4 CMakeFiles/kiibohd.elf.dir/Macro/PartialMap/macro.c.o
                0x000000000000a7e5                rm21_guide
 .rodata.rm63_guide
                0x000000000000a7e9        0x4 CMakeFiles/kiibohd.elf.dir/Macro/PartialMap/macro.c.o
                0x000000000000a7e9                rm63_guide
 *fill*         0x000000000000a7ed        0x3 
 .rodata.default_tl_0x49
                0x000000000000a7f0        0x8 CMakeFiles/kiibohd.elf.dir/Macro/PartialMap/macro.c.o
                0x000000000000a7f0                default_tl_0x49
 .rodata.tm8_guide
                0x000000000000a7f8        0x5 CMakeFiles/kiibohd.elf.dir/Macro/PartialMap/macro.c.o
                0x000000000000a7f8                tm8_guide
 .rodata.rm53_guide
                0x000000000000a7fd        0x4 CMakeFiles/kiibohd.elf.dir/Macro/PartialMap/macro.c.o
                0x000000000000a7fd                rm53_guide
 .rodata.rm29_guide
                0x000000000000a801        0x4 CMakeFiles/kiibohd.elf.dir/Macro/PartialMap/macro.c.o
                0x000000000000a801                rm29_guide
 .rodata.tm29_guide
                0x000000000000a805        0x5 CMakeFiles/kiibohd.elf.dir/Macro/PartialMap/macro.c.o
                0x000000000000a805                tm29_guide
 .rodata.tm53_guide